Archive member included to satisfy reference by file (symbol)

C:/ST/STM32CubeIDE_1.16.1/STM32CubeIDE/plugins/com.st.stm32cube.ide.mcu.externaltools.gnu-tools-for-stm32.13.3.rel1.win32_1.0.0.202411081344/tools/bin/../lib/gcc/arm-none-eabi/13.3.1/../../../../arm-none-eabi/lib/thumb/v7e-m+fp/hard\libc_nano.a(libc_a-exit.o)
                              C:/ST/STM32CubeIDE_1.16.1/STM32CubeIDE/plugins/com.st.stm32cube.ide.mcu.externaltools.gnu-tools-for-stm32.13.3.rel1.win32_1.0.0.202411081344/tools/bin/../lib/gcc/arm-none-eabi/13.3.1/../../../../arm-none-eabi/lib/thumb/v7e-m+fp/hard/crt0.o (exit)
C:/ST/STM32CubeIDE_1.16.1/STM32CubeIDE/plugins/com.st.stm32cube.ide.mcu.externaltools.gnu-tools-for-stm32.13.3.rel1.win32_1.0.0.202411081344/tools/bin/../lib/gcc/arm-none-eabi/13.3.1/../../../../arm-none-eabi/lib/thumb/v7e-m+fp/hard\libc_nano.a(libc_a-findfp.o)
                              C:/ST/STM32CubeIDE_1.16.1/STM32CubeIDE/plugins/com.st.stm32cube.ide.mcu.externaltools.gnu-tools-for-stm32.13.3.rel1.win32_1.0.0.202411081344/tools/bin/../lib/gcc/arm-none-eabi/13.3.1/../../../../arm-none-eabi/lib/thumb/v7e-m+fp/hard\libc_nano.a(libc_a-exit.o) (__stdio_exit_handler)
C:/ST/STM32CubeIDE_1.16.1/STM32CubeIDE/plugins/com.st.stm32cube.ide.mcu.externaltools.gnu-tools-for-stm32.13.3.rel1.win32_1.0.0.202411081344/tools/bin/../lib/gcc/arm-none-eabi/13.3.1/../../../../arm-none-eabi/lib/thumb/v7e-m+fp/hard\libc_nano.a(libc_a-fwalk.o)
                              C:/ST/STM32CubeIDE_1.16.1/STM32CubeIDE/plugins/com.st.stm32cube.ide.mcu.externaltools.gnu-tools-for-stm32.13.3.rel1.win32_1.0.0.202411081344/tools/bin/../lib/gcc/arm-none-eabi/13.3.1/../../../../arm-none-eabi/lib/thumb/v7e-m+fp/hard\libc_nano.a(libc_a-findfp.o) (_fwalk_sglue)
C:/ST/STM32CubeIDE_1.16.1/STM32CubeIDE/plugins/com.st.stm32cube.ide.mcu.externaltools.gnu-tools-for-stm32.13.3.rel1.win32_1.0.0.202411081344/tools/bin/../lib/gcc/arm-none-eabi/13.3.1/../../../../arm-none-eabi/lib/thumb/v7e-m+fp/hard\libc_nano.a(libc_a-snprintf.o)
                              ./Core/Src/main.o (snprintf)
C:/ST/STM32CubeIDE_1.16.1/STM32CubeIDE/plugins/com.st.stm32cube.ide.mcu.externaltools.gnu-tools-for-stm32.13.3.rel1.win32_1.0.0.202411081344/tools/bin/../lib/gcc/arm-none-eabi/13.3.1/../../../../arm-none-eabi/lib/thumb/v7e-m+fp/hard\libc_nano.a(libc_a-sprintf.o)
                              ./Core/Src/main.o (sprintf)
C:/ST/STM32CubeIDE_1.16.1/STM32CubeIDE/plugins/com.st.stm32cube.ide.mcu.externaltools.gnu-tools-for-stm32.13.3.rel1.win32_1.0.0.202411081344/tools/bin/../lib/gcc/arm-none-eabi/13.3.1/../../../../arm-none-eabi/lib/thumb/v7e-m+fp/hard\libc_nano.a(libc_a-stdio.o)
                              C:/ST/STM32CubeIDE_1.16.1/STM32CubeIDE/plugins/com.st.stm32cube.ide.mcu.externaltools.gnu-tools-for-stm32.13.3.rel1.win32_1.0.0.202411081344/tools/bin/../lib/gcc/arm-none-eabi/13.3.1/../../../../arm-none-eabi/lib/thumb/v7e-m+fp/hard\libc_nano.a(libc_a-findfp.o) (__sread)
C:/ST/STM32CubeIDE_1.16.1/STM32CubeIDE/plugins/com.st.stm32cube.ide.mcu.externaltools.gnu-tools-for-stm32.13.3.rel1.win32_1.0.0.202411081344/tools/bin/../lib/gcc/arm-none-eabi/13.3.1/../../../../arm-none-eabi/lib/thumb/v7e-m+fp/hard\libc_nano.a(libc_a-memmove.o)
                              ./Core/Src/ssd1306_tests.o (memmove)
C:/ST/STM32CubeIDE_1.16.1/STM32CubeIDE/plugins/com.st.stm32cube.ide.mcu.externaltools.gnu-tools-for-stm32.13.3.rel1.win32_1.0.0.202411081344/tools/bin/../lib/gcc/arm-none-eabi/13.3.1/../../../../arm-none-eabi/lib/thumb/v7e-m+fp/hard\libc_nano.a(libc_a-memset.o)
                              C:/ST/STM32CubeIDE_1.16.1/STM32CubeIDE/plugins/com.st.stm32cube.ide.mcu.externaltools.gnu-tools-for-stm32.13.3.rel1.win32_1.0.0.202411081344/tools/bin/../lib/gcc/arm-none-eabi/13.3.1/../../../../arm-none-eabi/lib/thumb/v7e-m+fp/hard/crt0.o (memset)
C:/ST/STM32CubeIDE_1.16.1/STM32CubeIDE/plugins/com.st.stm32cube.ide.mcu.externaltools.gnu-tools-for-stm32.13.3.rel1.win32_1.0.0.202411081344/tools/bin/../lib/gcc/arm-none-eabi/13.3.1/../../../../arm-none-eabi/lib/thumb/v7e-m+fp/hard\libc_nano.a(libc_a-closer.o)
                              C:/ST/STM32CubeIDE_1.16.1/STM32CubeIDE/plugins/com.st.stm32cube.ide.mcu.externaltools.gnu-tools-for-stm32.13.3.rel1.win32_1.0.0.202411081344/tools/bin/../lib/gcc/arm-none-eabi/13.3.1/../../../../arm-none-eabi/lib/thumb/v7e-m+fp/hard\libc_nano.a(libc_a-stdio.o) (_close_r)
C:/ST/STM32CubeIDE_1.16.1/STM32CubeIDE/plugins/com.st.stm32cube.ide.mcu.externaltools.gnu-tools-for-stm32.13.3.rel1.win32_1.0.0.202411081344/tools/bin/../lib/gcc/arm-none-eabi/13.3.1/../../../../arm-none-eabi/lib/thumb/v7e-m+fp/hard\libc_nano.a(libc_a-reent.o)
                              C:/ST/STM32CubeIDE_1.16.1/STM32CubeIDE/plugins/com.st.stm32cube.ide.mcu.externaltools.gnu-tools-for-stm32.13.3.rel1.win32_1.0.0.202411081344/tools/bin/../lib/gcc/arm-none-eabi/13.3.1/../../../../arm-none-eabi/lib/thumb/v7e-m+fp/hard\libc_nano.a(libc_a-closer.o) (errno)
[...]
Memory Configuration

Name             Origin             Length             Attributes
RAM              0x20000000         0x00050000         xrw
FLASH            0x08000000         0x00100000         xr
*default*        0x00000000         0xffffffff

Linker script and memory map

LOAD C:/ST/STM32CubeIDE_1.16.1/STM32CubeIDE/plugins/com.st.stm32cube.ide.mcu.externaltools.gnu-tools-for-stm32.13.3.rel1.win32_1.0.0.202411081344/tools/bin/../lib/gcc/arm-none-eabi/13.3.1/thumb/v7e-m+fp/hard/crti.o
LOAD C:/ST/STM32CubeIDE_1.16.1/STM32CubeIDE/plugins/com.st.stm32cube.ide.mcu.externaltools.gnu-tools-for-stm32.13.3.rel1.win32_1.0.0.202411081344/tools/bin/../lib/gcc/arm-none-eabi/13.3.1/thumb/v7e-m+fp/hard/crtbegin.o
LOAD C:/ST/STM32CubeIDE_1.16.1/STM32CubeIDE/plugins/com.st.stm32cube.ide.mcu.externaltools.gnu-tools-for-stm32.13.3.rel1.win32_1.0.0.202411081344/tools/bin/../lib/gcc/arm-none-eabi/13.3.1/../../../../arm-none-eabi/lib/thumb/v7e-m+fp/hard/crt0.o
LOAD ./Core/Src/eth.o
LOAD ./Core/Src/gpio.o
LOAD ./Core/Src/i2c.o
LOAD ./Core/Src/lcd.o
LOAD ./Core/Src/main.o
LOAD ./Core/Src/ssd1306.o
LOAD ./Core/Src/ssd1306_fonts.o
LOAD ./Core/Src/ssd1306_tests.o
LOAD ./Core/Src/stm32f7xx_hal_msp.o
LOAD ./Core/Src/stm32f7xx_it.o
LOAD ./Core/Src/syscalls.o
LOAD ./Core/Src/sysmem.o
LOAD ./Core/Src/system_stm32f7xx.o
LOAD ./Core/Src/tim.o
LOAD ./Core/Src/usart.o
LOAD ./Core/Src/usb_otg.o
LOAD ./Core/Startup/startup_stm32f746zgtx.o
LOAD ./Drivers/STM32F7xx_HAL_Driver/Src/stm32f7xx_hal.o
LOAD ./Drivers/STM32F7xx_HAL_Driver/Src/stm32f7xx_hal_cortex.o
LOAD ./Drivers/STM32F7xx_HAL_Driver/Src/stm32f7xx_hal_dma.o
LOAD ./Drivers/STM32F7xx_HAL_Driver/Src/stm32f7xx_hal_dma_ex.o
LOAD ./Drivers/STM32F7xx_HAL_Driver/Src/stm32f7xx_hal_eth.o
LOAD ./Drivers/STM32F7xx_HAL_Driver/Src/stm32f7xx_hal_exti.o
LOAD ./Drivers/STM32F7xx_HAL_Driver/Src/stm32f7xx_hal_flash.o
LOAD ./Drivers/STM32F7xx_HAL_Driver/Src/stm32f7xx_hal_flash_ex.o
LOAD ./Drivers/STM32F7xx_HAL_Driver/Src/stm32f7xx_hal_gpio.o
LOAD ./Drivers/STM32F7xx_HAL_Driver/Src/stm32f7xx_hal_i2c.o
LOAD ./Drivers/STM32F7xx_HAL_Driver/Src/stm32f7xx_hal_i2c_ex.o
LOAD ./Drivers/STM32F7xx_HAL_Driver/Src/stm32f7xx_hal_pcd.o
LOAD ./Drivers/STM32F7xx_HAL_Driver/Src/stm32f7xx_hal_pcd_ex.o
LOAD ./Drivers/STM32F7xx_HAL_Driver/Src/stm32f7xx_hal_pwr.o
LOAD ./Drivers/STM32F7xx_HAL_Driver/Src/stm32f7xx_hal_pwr_ex.o
LOAD ./Drivers/STM32F7xx_HAL_Driver/Src/stm32f7xx_hal_rcc.o
LOAD ./Drivers/STM32F7xx_HAL_Driver/Src/stm32f7xx_hal_rcc_ex.o
LOAD ./Drivers/STM32F7xx_HAL_Driver/Src/stm32f7xx_hal_tim.o
LOAD ./Drivers/STM32F7xx_HAL_Driver/Src/stm32f7xx_hal_tim_ex.o
LOAD ./Drivers/STM32F7xx_HAL_Driver/Src/stm32f7xx_hal_uart.o
LOAD ./Drivers/STM32F7xx_HAL_Driver/Src/stm32f7xx_hal_uart_ex.o
LOAD ./Drivers/STM32F7xx_HAL_Driver/Src/stm32f7xx_ll_usb.o
START GROUP
LOAD C:/ST/STM32CubeIDE_1.16.1/STM32CubeIDE/plugins/com.st.stm32cube.ide.mcu.externaltools.gnu-tools-for-stm32.13.3.rel1.win32_1.0.0.202411081344/tools/bin/../lib/gcc/arm-none-eabi/13.3.1/../../../../arm-none-eabi/lib/thumb/v7e-m+fp/hard\libc_nano.a
LOAD C:/ST/STM32CubeIDE_1.16.1/STM32CubeIDE/plugins/com.st.stm32cube.ide.mcu.externaltools.gnu-tools-for-stm32.13.3.rel1.win32_1.0.0.202411081344/tools/bin/../lib/gcc/arm-none-eabi/13.3.1/../../../../arm-none-eabi/lib/thumb/v7e-m+fp/hard\libm.a
END GROUP
START GROUP
LOAD C:/ST/STM32CubeIDE_1.16.1/STM32CubeIDE/plugins/com.st.stm32cube.ide.mcu.externaltools.gnu-tools-for-stm32.13.3.rel1.win32_1.0.0.202411081344/tools/bin/../lib/gcc/arm-none-eabi/13.3.1/thumb/v7e-m+fp/hard\libgcc.a
LOAD C:/ST/STM32CubeIDE_1.16.1/STM32CubeIDE/plugins/com.st.stm32cube.ide.mcu.externaltools.gnu-tools-for-stm32.13.3.rel1.win32_1.0.0.202411081344/tools/bin/../lib/gcc/arm-none-eabi/13.3.1/../../../../arm-none-eabi/lib/thumb/v7e-m+fp/hard\libc_nano.a
END GROUP
START GROUP
LOAD C:/ST/STM32CubeIDE_1.16.1/STM32CubeIDE/plugins/com.st.stm32cube.ide.mcu.externaltools.gnu-tools-for-stm32.13.3.rel1.win32_1.0.0.202411081344/tools/bin/../lib/gcc/arm-none-eabi/13.3.1/thumb/v7e-m+fp/hard\libgcc.a
LOAD C:/ST/STM32CubeIDE_1.16.1/STM32CubeIDE/plugins/com.st.stm32cube.ide.mcu.externaltools.gnu-tools-for-stm32.13.3.rel1.win32_1.0.0.202411081344/tools/bin/../lib/gcc/arm-none-eabi/13.3.1/../../../../arm-none-eabi/lib/thumb/v7e-m+fp/hard\libc_nano.a
LOAD C:/ST/STM32CubeIDE_1.16.1/STM32CubeIDE/plugins/com.st.stm32cube.ide.mcu.externaltools.gnu-tools-for-stm32.13.3.rel1.win32_1.0.0.202411081344/tools/bin/../lib/gcc/arm-none-eabi/13.3.1/../../../../arm-none-eabi/lib/thumb/v7e-m+fp/hard\libnosys.a
END GROUP
START GROUP
LOAD C:/ST/STM32CubeIDE_1.16.1/STM32CubeIDE/plugins/com.st.stm32cube.ide.mcu.externaltools.gnu-tools-for-stm32.13.3.rel1.win32_1.0.0.202411081344/tools/bin/../lib/gcc/arm-none-eabi/13.3.1/thumb/v7e-m+fp/hard\libgcc.a
LOAD C:/ST/STM32CubeIDE_1.16.1/STM32CubeIDE/plugins/com.st.stm32cube.ide.mcu.externaltools.gnu-tools-for-stm32.13.3.rel1.win32_1.0.0.202411081344/tools/bin/../lib/gcc/arm-none-eabi/13.3.1/../../../../arm-none-eabi/lib/thumb/v7e-m+fp/hard\libc_nano.a
LOAD C:/ST/STM32CubeIDE_1.16.1/STM32CubeIDE/plugins/com.st.stm32cube.ide.mcu.externaltools.gnu-tools-for-stm32.13.3.rel1.win32_1.0.0.202411081344/tools/bin/../lib/gcc/arm-none-eabi/13.3.1/../../../../arm-none-eabi/lib/thumb/v7e-m+fp/hard\libnosys.a
END GROUP
LOAD C:/ST/STM32CubeIDE_1.16.1/STM32CubeIDE/plugins/com.st.stm32cube.ide.mcu.externaltools.gnu-tools-for-stm32.13.3.rel1.win32_1.0.0.202411081344/tools/bin/../lib/gcc/arm-none-eabi/13.3.1/thumb/v7e-m+fp/hard/crtend.o
LOAD C:/ST/STM32CubeIDE_1.16.1/STM32CubeIDE/plugins/com.st.stm32cube.ide.mcu.externaltools.gnu-tools-for-stm32.13.3.rel1.win32_1.0.0.202411081344/tools/bin/../lib/gcc/arm-none-eabi/13.3.1/thumb/v7e-m+fp/hard/crtn.o
                0x20050000                        _estack = (ORIGIN (RAM) + LENGTH (RAM))
                0x00000200                        _Min_Heap_Size = 0x200
                0x00000400                        _Min_Stack_Size = 0x400

.isr_vector     0x08000000      0x1c8
                0x08000000                        . = ALIGN (0x4)
 *(.isr_vector)
 .isr_vector    0x08000000      0x1c8 ./Core/Startup/startup_stm32f746zgtx.o
                0x08000000                g_pfnVectors
                0x080001c8                        . = ALIGN (0x4)

.text           0x080001d0     0x859c
                0x080001d0                        . = ALIGN (0x4)
 *(.text)
 .text          0x080001d0       0x40 C:/ST/STM32CubeIDE_1.16.1/STM32CubeIDE/plugins/com.st.stm32cube.ide.mcu.externaltools.gnu-tools-for-stm32.13.3.rel1.win32_1.0.0.202411081344/tools/bin/../lib/gcc/arm-none-eabi/13.3.1/thumb/v7e-m+fp/hard/crtbegin.o
 .text          0x08000210       0x10 C:/ST/STM32CubeIDE_1.16.1/STM32CubeIDE/plugins/com.st.stm32cube.ide.mcu.externaltools.gnu-tools-for-stm32.13.3.rel1.win32_1.0.0.202411081344/tools/bin/../lib/gcc/arm-none-eabi/13.3.1/../../../../arm-none-eabi/lib/thumb/v7e-m+fp/hard\libc_nano.a(libc_a-strlen.o)
                0x08000210                strlen
 .text          0x08000220       0xa0 C:/ST/STM32CubeIDE_1.16.1/STM32CubeIDE/plugins/com.st.stm32cube.ide.mcu.externaltools.gnu-tools-for-stm32.13.3.rel1.win32_1.0.0.202411081344/tools/bin/../lib/gcc/arm-none-eabi/13.3.1/../../../../arm-none-eabi/lib/thumb/v7e-m+fp/hard\libc_nano.a(libc_a-memchr.o)
                0x08000220                memchr
 .text          0x080002c0       0x30 C:/ST/STM32CubeIDE_1.16.1/STM32CubeIDE/plugins/com.st.stm32cube.ide.mcu.externaltools.gnu-tools-for-stm32.13.3.rel1.win32_1.0.0.202411081344/tools/bin/../lib/gcc/arm-none-eabi/13.3.1/thumb/v7e-m+fp/hard\libgcc.a(_aeabi_uldivmod.o)
                0x080002c0                __aeabi_uldivmod
 .text          0x080002f0      0x2f8 C:/ST/STM32CubeIDE_1.16.1/STM32CubeIDE/plugins/com.st.stm32cube.ide.mcu.externaltools.gnu-tools-for-stm32.13.3.rel1.win32_1.0.0.202411081344/tools/bin/../lib/gcc/arm-none-eabi/13.3.1/thumb/v7e-m+fp/hard\libgcc.a(_udivmoddi4.o)
                0x080002f0                __udivmoddi4
 .text          0x080005e8        0x4 C:/ST/STM32CubeIDE_1.16.1/STM32CubeIDE/plugins/com.st.stm32cube.ide.mcu.externaltools.gnu-tools-for-stm32.13.3.rel1.win32_1.0.0.202411081344/tools/bin/../lib/gcc/arm-none-eabi/13.3.1/thumb/v7e-m+fp/hard\libgcc.a(_dvmd_tls.o)
                0x080005e8                __aeabi_idiv0
                0x080005e8                __aeabi_ldiv0
 *(.text*)
 .text.MX_ETH_Init
                0x080005ec       0x9c ./Core/Src/eth.o
                0x080005ec                MX_ETH_Init
 .text.HAL_ETH_MspInit
                0x08000688      0x170 ./Core/Src/eth.o
                0x08000688                HAL_ETH_MspInit
 .text.MX_GPIO_Init
                0x080007f8      0x1e4 ./Core/Src/gpio.o
                0x080007f8                MX_GPIO_Init
 .text.MX_I2C1_Init
                0x080009dc       0x80 ./Core/Src/i2c.o
                0x080009dc                MX_I2C1_Init
 .text.MX_I2C2_Init
                0x08000a5c       0x80 ./Core/Src/i2c.o
                0x08000a5c                MX_I2C2_Init
 .text.HAL_I2C_MspInit
                0x08000adc      0x14c ./Core/Src/i2c.o
                0x08000adc                HAL_I2C_MspInit
 .text.LCD_Enable_Pulse
                0x08000c28       0x2c ./Core/Src/lcd.o
                0x08000c28                LCD_Enable_Pulse
 .text.LCD_Send_4Bits
                0x08000c54       0x74 ./Core/Src/lcd.o
                0x08000c54                LCD_Send_4Bits
 .text.LCD_Send_Command
                0x08000cc8       0x40 ./Core/Src/lcd.o
                0x08000cc8                LCD_Send_Command
 .text.LCD_Write_Char
                0x08000d08       0x40 ./Core/Src/lcd.o
                0x08000d08                LCD_Write_Char
 .text.LCD_Init
                0x08000d48       0x8c ./Core/Src/lcd.o
                0x08000d48                LCD_Init
 .text.LCD_Clear
                0x08000dd4       0x14 ./Core/Src/lcd.o
                0x08000dd4                LCD_Clear
 .text.LCD_Set_Cursor
                0x08000de8       0x3c ./Core/Src/lcd.o
                0x08000de8                LCD_Set_Cursor
 .text.LCD_Send_String
                0x08000e24       0x2a ./Core/Src/lcd.o
                0x08000e24                LCD_Send_String
 *fill*         0x08000e4e        0x2 
 .text.ISL29125_Init
                0x08000e50       0x84 ./Core/Src/main.o
                0x08000e50                ISL29125_Init
 .text.ISL29125_ReadColor
                0x08000ed4       0x90 ./Core/Src/main.o
                0x08000ed4                ISL29125_ReadColor
 .text.map_value
                0x08000f64       0x4a ./Core/Src/main.o
                0x08000f64                map_value
 *fill*         0x08000fae        0x2 
 .text.PWM_Config
                0x08000fb0       0x80 ./Core/Src/main.o
                0x08000fb0                PWM_Config
 .text.high_mode_Config
                0x08001030       0x44 ./Core/Src/main.o
                0x08001030                high_mode_Config
 .text.normal_mode_Config
                0x08001074       0x8c ./Core/Src/main.o
                0x08001074                normal_mode_Config
 .text.rewrite_previous_temp_buffer
                0x08001100       0x40 ./Core/Src/main.o
                0x08001100                rewrite_previous_temp_buffer
 .text.check_mode_normal
                0x08001140       0x48 ./Core/Src/main.o
                0x08001140                check_mode_normal
 .text.check_mode_high
                0x08001188       0x48 ./Core/Src/main.o
                0x08001188                check_mode_high
 .text.check_help
                0x080011d0       0x48 ./Core/Src/main.o
                0x080011d0                check_help
 .text.main     0x08001218      0xf64 ./Core/Src/main.o
                0x08001218                main
 .text.SystemClock_Config
                0x0800217c       0xd0 ./Core/Src/main.o
                0x0800217c                SystemClock_Config
 .text.I2C_Scan
                0x0800224c       0x98 ./Core/Src/main.o
                0x0800224c                I2C_Scan
 .text.Error_Handler
                0x080022e4        0xc ./Core/Src/main.o
                0x080022e4                Error_Handler
 .text.ssd1306_Reset
                0x080022f0        0xe ./Core/Src/ssd1306.o
                0x080022f0                ssd1306_Reset
 *fill*         0x080022fe        0x2 
 .text.ssd1306_WriteCommand
                0x08002300       0x30 ./Core/Src/ssd1306.o
                0x08002300                ssd1306_WriteCommand
 .text.ssd1306_WriteData
                0x08002330       0x34 ./Core/Src/ssd1306.o
                0x08002330                ssd1306_WriteData
 .text.ssd1306_Init
                0x08002364       0xd4 ./Core/Src/ssd1306.o
                0x08002364                ssd1306_Init
 .text.ssd1306_Fill
                0x08002438       0x30 ./Core/Src/ssd1306.o
                0x08002438                ssd1306_Fill
 .text.ssd1306_UpdateScreen
                0x08002468       0x50 ./Core/Src/ssd1306.o
                0x08002468                ssd1306_UpdateScreen
 .text.ssd1306_DrawPixel
                0x080024b8       0xa8 ./Core/Src/ssd1306.o
                0x080024b8                ssd1306_DrawPixel
 .text.ssd1306_WriteChar
                0x08002560      0x124 ./Core/Src/ssd1306.o
                0x08002560                ssd1306_WriteChar
 .text.ssd1306_WriteString
                0x08002684       0x4c ./Core/Src/ssd1306.o
                0x08002684                ssd1306_WriteString
 .text.ssd1306_SetCursor
                0x080026d0       0x30 ./Core/Src/ssd1306.o
                0x080026d0                ssd1306_SetCursor
 .text.ssd1306_Line
                0x08002700       0xd8 ./Core/Src/ssd1306.o
                0x08002700                ssd1306_Line
 .text.ssd1306_SetContrast
                0x080027d8       0x26 ./Core/Src/ssd1306.o
                0x080027d8                ssd1306_SetContrast
 *fill*         0x080027fe        0x2 
 .text.ssd1306_SetDisplayOn
                0x08002800       0x3c ./Core/Src/ssd1306.o
                0x08002800                ssd1306_SetDisplayOn
 .text.HAL_MspInit
                0x0800283c       0x48 ./Core/Src/stm32f7xx_hal_msp.o
                0x0800283c                HAL_MspInit
 .text.NMI_Handler
                0x08002884        0x8 ./Core/Src/stm32f7xx_it.o
                0x08002884                NMI_Handler
 .text.HardFault_Handler
                0x0800288c        0x8 ./Core/Src/stm32f7xx_it.o
                0x0800288c                HardFault_Handler
 .text.MemManage_Handler
                0x08002894        0x8 ./Core/Src/stm32f7xx_it.o
                0x08002894                MemManage_Handler
 .text.BusFault_Handler
                0x0800289c        0x8 ./Core/Src/stm32f7xx_it.o
                0x0800289c                BusFault_Handler
 .text.UsageFault_Handler
                0x080028a4        0x8 ./Core/Src/stm32f7xx_it.o
                0x080028a4                UsageFault_Handler
 .text.SVC_Handler
                0x080028ac        0xe ./Core/Src/stm32f7xx_it.o
                0x080028ac                SVC_Handler
 .text.DebugMon_Handler
                0x080028ba        0xe ./Core/Src/stm32f7xx_it.o
                0x080028ba                DebugMon_Handler
 .text.PendSV_Handler
                0x080028c8        0xe ./Core/Src/stm32f7xx_it.o
                0x080028c8                PendSV_Handler
 .text.SysTick_Handler
                0x080028d6        0xc ./Core/Src/stm32f7xx_it.o
                0x080028d6                SysTick_Handler
 *fill*         0x080028e2        0x2 
 .text._sbrk    0x080028e4       0x6c ./Core/Src/sysmem.o
                0x080028e4                _sbrk
 .text.SystemInit
                0x08002950       0x24 ./Core/Src/system_stm32f7xx.o
                0x08002950                SystemInit
 .text.MX_TIM3_Init
                0x08002974       0xe8 ./Core/Src/tim.o
                0x08002974                MX_TIM3_Init
 .text.HAL_TIM_PWM_MspInit
                0x08002a5c       0x40 ./Core/Src/tim.o
                0x08002a5c                HAL_TIM_PWM_MspInit
 .text.HAL_TIM_MspPostInit
                0x08002a9c       0xac ./Core/Src/tim.o
                0x08002a9c                HAL_TIM_MspPostInit
 .text.MX_USART3_UART_Init
                0x08002b48       0x60 ./Core/Src/usart.o
                0x08002b48                MX_USART3_UART_Init
 .text.HAL_UART_MspInit
                0x08002ba8       0xc0 ./Core/Src/usart.o
                0x08002ba8                HAL_UART_MspInit
 .text.MX_USB_OTG_FS_PCD_Init
                0x08002c68       0x5c ./Core/Src/usb_otg.o
                0x08002c68                MX_USB_OTG_FS_PCD_Init
 .text.HAL_PCD_MspInit
                0x08002cc4       0xf4 ./Core/Src/usb_otg.o
                0x08002cc4                HAL_PCD_MspInit
 .text.Reset_Handler
                0x08002db8       0x50 ./Core/Startup/startup_stm32f746zgtx.o
                0x08002db8                Reset_Handler
 .text.Default_Handler
                0x08002e08        0x2 ./Core/Startup/startup_stm32f746zgtx.o
                0x08002e08                RTC_Alarm_IRQHandler
                0x08002e08                EXTI2_IRQHandler
                0x08002e08                TIM8_CC_IRQHandler
                0x08002e08                UART8_IRQHandler
                0x08002e08                SPI4_IRQHandler
                0x08002e08                TIM1_CC_IRQHandler
                0x08002e08                DMA2_Stream5_IRQHandler
                0x08002e08                DMA1_Stream5_IRQHandler
                0x08002e08                PVD_IRQHandler
                0x08002e08                TAMP_STAMP_IRQHandler
                0x08002e08                CAN2_RX1_IRQHandler
                0x08002e08                EXTI3_IRQHandler
                0x08002e08                TIM8_TRG_COM_TIM14_IRQHandler
                0x08002e08                TIM1_UP_TIM10_IRQHandler
                0x08002e08                TIM8_UP_TIM13_IRQHandler
                0x08002e08                I2C3_ER_IRQHandler
                0x08002e08                EXTI0_IRQHandler
                0x08002e08                I2C2_EV_IRQHandler
                0x08002e08                DMA1_Stream2_IRQHandler
                0x08002e08                CAN1_RX0_IRQHandler
                0x08002e08                FPU_IRQHandler
                0x08002e08                OTG_HS_WKUP_IRQHandler
                0x08002e08                LTDC_ER_IRQHandler
                0x08002e08                CAN2_SCE_IRQHandler
                0x08002e08                DMA2_Stream2_IRQHandler
                0x08002e08                SPI1_IRQHandler
                0x08002e08                TIM6_DAC_IRQHandler
                0x08002e08                TIM1_BRK_TIM9_IRQHandler
                0x08002e08                DCMI_IRQHandler
                0x08002e08                CAN2_RX0_IRQHandler
                0x08002e08                DMA2_Stream3_IRQHandler
                0x08002e08                SAI2_IRQHandler
                0x08002e08                USART6_IRQHandler
                0x08002e08                USART3_IRQHandler
                0x08002e08                CAN1_RX1_IRQHandler
                0x08002e08                UART5_IRQHandler
                0x08002e08                DMA2_Stream0_IRQHandler
                0x08002e08                TIM4_IRQHandler
                0x08002e08                QUADSPI_IRQHandler
                0x08002e08                I2C1_EV_IRQHandler
                0x08002e08                DMA1_Stream6_IRQHandler
                0x08002e08                DMA1_Stream1_IRQHandler
                0x08002e08                UART4_IRQHandler
                0x08002e08                TIM3_IRQHandler
                0x08002e08                RCC_IRQHandler
                0x08002e08                TIM8_BRK_TIM12_IRQHandler
                0x08002e08                Default_Handler
                0x08002e08                CEC_IRQHandler
                0x08002e08                EXTI15_10_IRQHandler
                0x08002e08                ADC_IRQHandler
                0x08002e08                DMA1_Stream7_IRQHandler
                0x08002e08                SPI5_IRQHandler
                0x08002e08                TIM7_IRQHandler
                0x08002e08                SDMMC1_IRQHandler
                0x08002e08                CAN2_TX_IRQHandler
                0x08002e08                TIM5_IRQHandler
                0x08002e08                DMA2_Stream7_IRQHandler
                0x08002e08                I2C3_EV_IRQHandler
                0x08002e08                EXTI9_5_IRQHandler
                0x08002e08                RTC_WKUP_IRQHandler
                0x08002e08                LTDC_IRQHandler
                0x08002e08                ETH_WKUP_IRQHandler
                0x08002e08                SPDIF_RX_IRQHandler
                0x08002e08                SPI2_IRQHandler
                0x08002e08                OTG_HS_EP1_IN_IRQHandler
                0x08002e08                DMA1_Stream0_IRQHandler
                0x08002e08                CAN1_TX_IRQHandler
                0x08002e08                EXTI4_IRQHandler
                0x08002e08                RNG_IRQHandler
                0x08002e08                ETH_IRQHandler
                0x08002e08                OTG_HS_EP1_OUT_IRQHandler
                0x08002e08                WWDG_IRQHandler
                0x08002e08                SPI6_IRQHandler
                0x08002e08                I2C4_EV_IRQHandler
                0x08002e08                TIM2_IRQHandler
                0x08002e08                OTG_FS_WKUP_IRQHandler
                0x08002e08                TIM1_TRG_COM_TIM11_IRQHandler
                0x08002e08                OTG_HS_IRQHandler
                0x08002e08                DMA2D_IRQHandler
                0x08002e08                EXTI1_IRQHandler
                0x08002e08                UART7_IRQHandler
                0x08002e08                USART2_IRQHandler
                0x08002e08                I2C2_ER_IRQHandler
                0x08002e08                DMA2_Stream1_IRQHandler
                0x08002e08                CAN1_SCE_IRQHandler
                0x08002e08                FLASH_IRQHandler
                0x08002e08                DMA2_Stream4_IRQHandler
                0x08002e08                USART1_IRQHandler
                0x08002e08                OTG_FS_IRQHandler
                0x08002e08                SPI3_IRQHandler
                0x08002e08                DMA1_Stream4_IRQHandler
                0x08002e08                I2C1_ER_IRQHandler
                0x08002e08                FMC_IRQHandler
                0x08002e08                LPTIM1_IRQHandler
                0x08002e08                I2C4_ER_IRQHandler
                0x08002e08                DMA2_Stream6_IRQHandler
                0x08002e08                SAI1_IRQHandler
                0x08002e08                DMA1_Stream3_IRQHandler
 .text.HAL_Init
                0x08002e0a       0x1a ./Drivers/STM32F7xx_HAL_Driver/Src/stm32f7xx_hal.o
                0x08002e0a                HAL_Init
 .text.HAL_InitTick
                0x08002e24       0x60 ./Drivers/STM32F7xx_HAL_Driver/Src/stm32f7xx_hal.o
                0x08002e24                HAL_InitTick
 .text.HAL_IncTick
                0x08002e84       0x28 ./Drivers/STM32F7xx_HAL_Driver/Src/stm32f7xx_hal.o
                0x08002e84                HAL_IncTick
 .text.HAL_GetTick
                0x08002eac       0x18 ./Drivers/STM32F7xx_HAL_Driver/Src/stm32f7xx_hal.o
                0x08002eac                HAL_GetTick
 .text.HAL_Delay
                0x08002ec4       0x48 ./Drivers/STM32F7xx_HAL_Driver/Src/stm32f7xx_hal.o
                0x08002ec4                HAL_Delay
 .text.__NVIC_SetPriorityGrouping
                0x08002f0c       0x48 ./Drivers/STM32F7xx_HAL_Driver/Src/stm32f7xx_hal_cortex.o
 .text.__NVIC_GetPriorityGrouping
                0x08002f54       0x1c ./Drivers/STM32F7xx_HAL_Driver/Src/stm32f7xx_hal_cortex.o
 .text.__NVIC_SetPriority
                0x08002f70       0x54 ./Drivers/STM32F7xx_HAL_Driver/Src/stm32f7xx_hal_cortex.o
 .text.NVIC_EncodePriority
                0x08002fc4       0x66 ./Drivers/STM32F7xx_HAL_Driver/Src/stm32f7xx_hal_cortex.o
 *fill*         0x0800302a        0x2 
 .text.SysTick_Config
                0x0800302c       0x44 ./Drivers/STM32F7xx_HAL_Driver/Src/stm32f7xx_hal_cortex.o
 .text.HAL_NVIC_SetPriorityGrouping
                0x08003070       0x16 ./Drivers/STM32F7xx_HAL_Driver/Src/stm32f7xx_hal_cortex.o
                0x08003070                HAL_NVIC_SetPriorityGrouping
 .text.HAL_NVIC_SetPriority
                0x08003086       0x38 ./Drivers/STM32F7xx_HAL_Driver/Src/stm32f7xx_hal_cortex.o
                0x08003086                HAL_NVIC_SetPriority
 .text.HAL_SYSTICK_Config
                0x080030be       0x18 ./Drivers/STM32F7xx_HAL_Driver/Src/stm32f7xx_hal_cortex.o
                0x080030be                HAL_SYSTICK_Config
 *fill*         0x080030d6        0x2 
 .text.HAL_ETH_Init
                0x080030d8      0x134 ./Drivers/STM32F7xx_HAL_Driver/Src/stm32f7xx_hal_eth.o
                0x080030d8                HAL_ETH_Init
 .text.ETH_SetMACConfig
                0x0800320c      0x168 ./Drivers/STM32F7xx_HAL_Driver/Src/stm32f7xx_hal_eth.o
 .text.ETH_SetDMAConfig
                0x08003374      0x114 ./Drivers/STM32F7xx_HAL_Driver/Src/stm32f7xx_hal_eth.o
 .text.ETH_MACDMAConfig
                0x08003488       0xea ./Drivers/STM32F7xx_HAL_Driver/Src/stm32f7xx_hal_eth.o
 *fill*         0x08003572        0x2 
 .text.ETH_MACAddressConfig
                0x08003574       0x70 ./Drivers/STM32F7xx_HAL_Driver/Src/stm32f7xx_hal_eth.o
 .text.ETH_DMATxDescListInit
                0x080035e4       0xb2 ./Drivers/STM32F7xx_HAL_Driver/Src/stm32f7xx_hal_eth.o
 .text.ETH_DMARxDescListInit
                0x08003696       0xde ./Drivers/STM32F7xx_HAL_Driver/Src/stm32f7xx_hal_eth.o
 .text.HAL_GPIO_Init
                0x08003774      0x358 ./Drivers/STM32F7xx_HAL_Driver/Src/stm32f7xx_hal_gpio.o
                0x08003774                HAL_GPIO_Init
 .text.HAL_GPIO_ReadPin
                0x08003acc       0x30 ./Drivers/STM32F7xx_HAL_Driver/Src/stm32f7xx_hal_gpio.o
                0x08003acc                HAL_GPIO_ReadPin
 .text.HAL_GPIO_WritePin
                0x08003afc       0x32 ./Drivers/STM32F7xx_HAL_Driver/Src/stm32f7xx_hal_gpio.o
                0x08003afc                HAL_GPIO_WritePin
 *fill*         0x08003b2e        0x2 
 .text.HAL_I2C_Init
                0x08003b30      0x138 ./Drivers/STM32F7xx_HAL_Driver/Src/stm32f7xx_hal_i2c.o
                0x08003b30                HAL_I2C_Init
 .text.HAL_I2C_Master_Transmit
                0x08003c68      0x230 ./Drivers/STM32F7xx_HAL_Driver/Src/stm32f7xx_hal_i2c.o
                0x08003c68                HAL_I2C_Master_Transmit
 .text.HAL_I2C_Master_Receive
                0x08003e98      0x1ec ./Drivers/STM32F7xx_HAL_Driver/Src/stm32f7xx_hal_i2c.o
                0x08003e98                HAL_I2C_Master_Receive
 .text.HAL_I2C_Mem_Write
                0x08004084      0x228 ./Drivers/STM32F7xx_HAL_Driver/Src/stm32f7xx_hal_i2c.o
                0x08004084                HAL_I2C_Mem_Write
 .text.HAL_I2C_IsDeviceReady
                0x080042ac      0x20c ./Drivers/STM32F7xx_HAL_Driver/Src/stm32f7xx_hal_i2c.o
                0x080042ac                HAL_I2C_IsDeviceReady
 .text.I2C_RequestMemoryWrite
                0x080044b8       0xa8 ./Drivers/STM32F7xx_HAL_Driver/Src/stm32f7xx_hal_i2c.o
 .text.I2C_Flush_TXDR
                0x08004560       0x48 ./Drivers/STM32F7xx_HAL_Driver/Src/stm32f7xx_hal_i2c.o
 .text.I2C_WaitOnFlagUntilTimeout
                0x080045a8       0xb2 ./Drivers/STM32F7xx_HAL_Driver/Src/stm32f7xx_hal_i2c.o
 .text.I2C_WaitOnTXISFlagUntilTimeout
                0x0800465a       0x8e ./Drivers/STM32F7xx_HAL_Driver/Src/stm32f7xx_hal_i2c.o
 .text.I2C_WaitOnSTOPFlagUntilTimeout
                0x080046e8       0x86 ./Drivers/STM32F7xx_HAL_Driver/Src/stm32f7xx_hal_i2c.o
 *fill*         0x0800476e        0x2 
 .text.I2C_WaitOnRXNEFlagUntilTimeout
                0x08004770      0x118 ./Drivers/STM32F7xx_HAL_Driver/Src/stm32f7xx_hal_i2c.o
 .text.I2C_IsErrorOccurred
                0x08004888      0x1c0 ./Drivers/STM32F7xx_HAL_Driver/Src/stm32f7xx_hal_i2c.o
 .text.I2C_TransferConfig
                0x08004a48       0x64 ./Drivers/STM32F7xx_HAL_Driver/Src/stm32f7xx_hal_i2c.o
 .text.HAL_I2CEx_ConfigAnalogFilter
                0x08004aac       0x96 ./Drivers/STM32F7xx_HAL_Driver/Src/stm32f7xx_hal_i2c_ex.o
                0x08004aac                HAL_I2CEx_ConfigAnalogFilter
 .text.HAL_I2CEx_ConfigDigitalFilter
                0x08004b42       0x98 ./Drivers/STM32F7xx_HAL_Driver/Src/stm32f7xx_hal_i2c_ex.o
                0x08004b42                HAL_I2CEx_ConfigDigitalFilter
 .text.HAL_PCD_Init
                0x08004bda      0x22c ./Drivers/STM32F7xx_HAL_Driver/Src/stm32f7xx_hal_pcd.o
                0x08004bda                HAL_PCD_Init
 *fill*         0x08004e06        0x2 
 .text.HAL_PCDEx_ActivateLPM
                0x08004e08       0x48 ./Drivers/STM32F7xx_HAL_Driver/Src/stm32f7xx_hal_pcd_ex.o
                0x08004e08                HAL_PCDEx_ActivateLPM
 .text.HAL_PWR_EnableBkUpAccess
                0x08004e50       0x20 ./Drivers/STM32F7xx_HAL_Driver/Src/stm32f7xx_hal_pwr.o
                0x08004e50                HAL_PWR_EnableBkUpAccess
 .text.HAL_RCC_OscConfig
                0x08004e70      0x548 ./Drivers/STM32F7xx_HAL_Driver/Src/stm32f7xx_hal_rcc.o
                0x08004e70                HAL_RCC_OscConfig
 .text.HAL_RCC_ClockConfig
                0x080053b8      0x1d8 ./Drivers/STM32F7xx_HAL_Driver/Src/stm32f7xx_hal_rcc.o
                0x080053b8                HAL_RCC_ClockConfig
 .text.HAL_RCC_GetSysClockFreq
                0x08005590      0x20c ./Drivers/STM32F7xx_HAL_Driver/Src/stm32f7xx_hal_rcc.o
                0x08005590                HAL_RCC_GetSysClockFreq
 .text.HAL_RCC_GetHCLKFreq
                0x0800579c       0x18 ./Drivers/STM32F7xx_HAL_Driver/Src/stm32f7xx_hal_rcc.o
                0x0800579c                HAL_RCC_GetHCLKFreq
 .text.HAL_RCC_GetPCLK1Freq
                0x080057b4       0x28 ./Drivers/STM32F7xx_HAL_Driver/Src/stm32f7xx_hal_rcc.o
                0x080057b4                HAL_RCC_GetPCLK1Freq
 .text.HAL_RCC_GetPCLK2Freq
                0x080057dc       0x28 ./Drivers/STM32F7xx_HAL_Driver/Src/stm32f7xx_hal_rcc.o
                0x080057dc                HAL_RCC_GetPCLK2Freq
 .text.HAL_RCCEx_PeriphCLKConfig
                0x08005804      0x7e0 ./Drivers/STM32F7xx_HAL_Driver/Src/stm32f7xx_hal_rcc_ex.o
                0x08005804                HAL_RCCEx_PeriphCLKConfig
 .text.HAL_TIM_PWM_Init
                0x08005fe4       0xae ./Drivers/STM32F7xx_HAL_Driver/Src/stm32f7xx_hal_tim.o
                0x08005fe4                HAL_TIM_PWM_Init
 *fill*         0x08006092        0x2 
 .text.HAL_TIM_PWM_Start
                0x08006094      0x1f4 ./Drivers/STM32F7xx_HAL_Driver/Src/stm32f7xx_hal_tim.o
                0x08006094                HAL_TIM_PWM_Start
 .text.HAL_TIM_PWM_ConfigChannel
                0x08006288      0x228 ./Drivers/STM32F7xx_HAL_Driver/Src/stm32f7xx_hal_tim.o
                0x08006288                HAL_TIM_PWM_ConfigChannel
 .text.TIM_Base_SetConfig
                0x080064b0      0x14c ./Drivers/STM32F7xx_HAL_Driver/Src/stm32f7xx_hal_tim.o
                0x080064b0                TIM_Base_SetConfig
 .text.TIM_OC1_SetConfig
                0x080065fc       0xe4 ./Drivers/STM32F7xx_HAL_Driver/Src/stm32f7xx_hal_tim.o
 .text.TIM_OC2_SetConfig
                0x080066e0       0xf0 ./Drivers/STM32F7xx_HAL_Driver/Src/stm32f7xx_hal_tim.o
                0x080066e0                TIM_OC2_SetConfig
 .text.TIM_OC3_SetConfig
                0x080067d0       0xec ./Drivers/STM32F7xx_HAL_Driver/Src/stm32f7xx_hal_tim.o
 .text.TIM_OC4_SetConfig
                0x080068bc       0xb0 ./Drivers/STM32F7xx_HAL_Driver/Src/stm32f7xx_hal_tim.o
 .text.TIM_OC5_SetConfig
                0x0800696c       0xa4 ./Drivers/STM32F7xx_HAL_Driver/Src/stm32f7xx_hal_tim.o
 .text.TIM_OC6_SetConfig
                0x08006a10       0xa8 ./Drivers/STM32F7xx_HAL_Driver/Src/stm32f7xx_hal_tim.o
 .text.TIM_CCxChannelCmd
                0x08006ab8       0x4a ./Drivers/STM32F7xx_HAL_Driver/Src/stm32f7xx_hal_tim.o
                0x08006ab8                TIM_CCxChannelCmd
 *fill*         0x08006b02        0x2 
 .text.HAL_TIMEx_MasterConfigSynchronization
                0x08006b04      0x11c ./Drivers/STM32F7xx_HAL_Driver/Src/stm32f7xx_hal_tim_ex.o
                0x08006b04                HAL_TIMEx_MasterConfigSynchronization
 .text.HAL_UART_Init
                0x08006c20       0x9c ./Drivers/STM32F7xx_HAL_Driver/Src/stm32f7xx_hal_uart.o
                0x08006c20                HAL_UART_Init
 .text.HAL_UART_Transmit
                0x08006cbc      0x112 ./Drivers/STM32F7xx_HAL_Driver/Src/stm32f7xx_hal_uart.o
                0x08006cbc                HAL_UART_Transmit
 .text.HAL_UART_Receive
                0x08006dce      0x190 ./Drivers/STM32F7xx_HAL_Driver/Src/stm32f7xx_hal_uart.o
                0x08006dce                HAL_UART_Receive
 *fill*         0x08006f5e        0x2 
 .text.UART_SetConfig
                0x08006f60      0x4c8 ./Drivers/STM32F7xx_HAL_Driver/Src/stm32f7xx_hal_uart.o
                0x08006f60                UART_SetConfig
 .text.UART_AdvFeatureConfig
                0x08007428      0x144 ./Drivers/STM32F7xx_HAL_Driver/Src/stm32f7xx_hal_uart.o
                0x08007428                UART_AdvFeatureConfig
 .text.UART_CheckIdleState
                0x0800756c       0xae ./Drivers/STM32F7xx_HAL_Driver/Src/stm32f7xx_hal_uart.o
                0x0800756c                UART_CheckIdleState
 .text.UART_WaitOnFlagUntilTimeout
                0x0800761a       0xda ./Drivers/STM32F7xx_HAL_Driver/Src/stm32f7xx_hal_uart.o
                0x0800761a                UART_WaitOnFlagUntilTimeout
 .text.UART_EndRxTransfer
                0x080076f4       0xc8 ./Drivers/STM32F7xx_HAL_Driver/Src/stm32f7xx_hal_uart.o
 .text.USB_CoreInit
                0x080077bc       0xb4 ./Drivers/STM32F7xx_HAL_Driver/Src/stm32f7xx_ll_usb.o
                0x080077bc                USB_CoreInit
 .text.USB_DisableGlobalInt
                0x08007870       0x22 ./Drivers/STM32F7xx_HAL_Driver/Src/stm32f7xx_ll_usb.o
                0x08007870                USB_DisableGlobalInt
 .text.USB_SetCurrentMode
                0x08007892       0x98 ./Drivers/STM32F7xx_HAL_Driver/Src/stm32f7xx_ll_usb.o
                0x08007892                USB_SetCurrentMode
 *fill*         0x0800792a        0x2 
 .text.USB_DevInit
                0x0800792c      0x2bc ./Drivers/STM32F7xx_HAL_Driver/Src/stm32f7xx_ll_usb.o
                0x0800792c                USB_DevInit
 .text.USB_FlushTxFifo
                0x08007be8       0x64 ./Drivers/STM32F7xx_HAL_Driver/Src/stm32f7xx_ll_usb.o
                0x08007be8                USB_FlushTxFifo
 .text.USB_FlushRxFifo
                0x08007c4c       0x5c ./Drivers/STM32F7xx_HAL_Driver/Src/stm32f7xx_ll_usb.o
                0x08007c4c                USB_FlushRxFifo
 .text.USB_SetDevSpeed
                0x08007ca8       0x32 ./Drivers/STM32F7xx_HAL_Driver/Src/stm32f7xx_ll_usb.o
                0x08007ca8                USB_SetDevSpeed
 .text.USB_DevDisconnect
                0x08007cda       0x42 ./Drivers/STM32F7xx_HAL_Driver/Src/stm32f7xx_ll_usb.o
                0x08007cda                USB_DevDisconnect
 .text.USB_GetMode
                0x08007d1c       0x1c ./Drivers/STM32F7xx_HAL_Driver/Src/stm32f7xx_ll_usb.o
                0x08007d1c                USB_GetMode
 .text.USB_CoreReset
                0x08007d38       0x70 ./Drivers/STM32F7xx_HAL_Driver/Src/stm32f7xx_ll_usb.o
 .text.snprintf
                0x08007da8       0x6c C:/ST/STM32CubeIDE_1.16.1/STM32CubeIDE/plugins/com.st.stm32cube.ide.mcu.externaltools.gnu-tools-for-stm32.13.3.rel1.win32_1.0.0.202411081344/tools/bin/../lib/gcc/arm-none-eabi/13.3.1/../../../../arm-none-eabi/lib/thumb/v7e-m+fp/hard\libc_nano.a(libc_a-snprintf.o)
                0x08007da8                sniprintf
                0x08007da8                snprintf
 .text.sprintf  0x08007e14       0x44 C:/ST/STM32CubeIDE_1.16.1/STM32CubeIDE/plugins/com.st.stm32cube.ide.mcu.externaltools.gnu-tools-for-stm32.13.3.rel1.win32_1.0.0.202411081344/tools/bin/../lib/gcc/arm-none-eabi/13.3.1/../../../../arm-none-eabi/lib/thumb/v7e-m+fp/hard\libc_nano.a(libc_a-sprintf.o)
                0x08007e14                siprintf
                0x08007e14                sprintf
 .text.memmove  0x08007e58       0x34 C:/ST/STM32CubeIDE_1.16.1/STM32CubeIDE/plugins/com.st.stm32cube.ide.mcu.externaltools.gnu-tools-for-stm32.13.3.rel1.win32_1.0.0.202411081344/tools/bin/../lib/gcc/arm-none-eabi/13.3.1/../../../../arm-none-eabi/lib/thumb/v7e-m+fp/hard\libc_nano.a(libc_a-memmove.o)
                0x08007e58                memmove
 .text.memset   0x08007e8c       0x10 C:/ST/STM32CubeIDE_1.16.1/STM32CubeIDE/plugins/com.st.stm32cube.ide.mcu.externaltools.gnu-tools-for-stm32.13.3.rel1.win32_1.0.0.202411081344/tools/bin/../lib/gcc/arm-none-eabi/13.3.1/../../../../arm-none-eabi/lib/thumb/v7e-m+fp/hard\libc_nano.a(libc_a-memset.o)
                0x08007e8c                memset
 .text.__errno  0x08007e9c        0xc C:/ST/STM32CubeIDE_1.16.1/STM32CubeIDE/plugins/com.st.stm32cube.ide.mcu.externaltools.gnu-tools-for-stm32.13.3.rel1.win32_1.0.0.202411081344/tools/bin/../lib/gcc/arm-none-eabi/13.3.1/../../../../arm-none-eabi/lib/thumb/v7e-m+fp/hard\libc_nano.a(libc_a-errno.o)
                0x08007e9c                __errno
 .text.__libc_init_array
                0x08007ea8       0x48 C:/ST/STM32CubeIDE_1.16.1/STM32CubeIDE/plugins/com.st.stm32cube.ide.mcu.externaltools.gnu-tools-for-stm32.13.3.rel1.win32_1.0.0.202411081344/tools/bin/../lib/gcc/arm-none-eabi/13.3.1/../../../../arm-none-eabi/lib/thumb/v7e-m+fp/hard\libc_nano.a(libc_a-init.o)
                0x08007ea8                __libc_init_array
 .text.__retarget_lock_acquire_recursive
                0x08007ef0        0x2 C:/ST/STM32CubeIDE_1.16.1/STM32CubeIDE/plugins/com.st.stm32cube.ide.mcu.externaltools.gnu-tools-for-stm32.13.3.rel1.win32_1.0.0.202411081344/tools/bin/../lib/gcc/arm-none-eabi/13.3.1/../../../../arm-none-eabi/lib/thumb/v7e-m+fp/hard\libc_nano.a(libc_a-lock.o)
                0x08007ef0                __retarget_lock_acquire_recursive
 .text.__retarget_lock_release_recursive
                0x08007ef2        0x2 C:/ST/STM32CubeIDE_1.16.1/STM32CubeIDE/plugins/com.st.stm32cube.ide.mcu.externaltools.gnu-tools-for-stm32.13.3.rel1.win32_1.0.0.202411081344/tools/bin/../lib/gcc/arm-none-eabi/13.3.1/../../../../arm-none-eabi/lib/thumb/v7e-m+fp/hard\libc_nano.a(libc_a-lock.o)
                0x08007ef2                __retarget_lock_release_recursive
 .text.memcpy   0x08007ef4       0x1c C:/ST/STM32CubeIDE_1.16.1/STM32CubeIDE/plugins/com.st.stm32cube.ide.mcu.externaltools.gnu-tools-for-stm32.13.3.rel1.win32_1.0.0.202411081344/tools/bin/../lib/gcc/arm-none-eabi/13.3.1/../../../../arm-none-eabi/lib/thumb/v7e-m+fp/hard\libc_nano.a(libc_a-memcpy-stub.o)
                0x08007ef4                memcpy
 .text._free_r  0x08007f10       0x94 C:/ST/STM32CubeIDE_1.16.1/STM32CubeIDE/plugins/com.st.stm32cube.ide.mcu.externaltools.gnu-tools-for-stm32.13.3.rel1.win32_1.0.0.202411081344/tools/bin/../lib/gcc/arm-none-eabi/13.3.1/../../../../arm-none-eabi/lib/thumb/v7e-m+fp/hard\libc_nano.a(libc_a-freer.o)
                0x08007f10                _free_r
 .text.sbrk_aligned
                0x08007fa4       0x44 C:/ST/STM32CubeIDE_1.16.1/STM32CubeIDE/plugins/com.st.stm32cube.ide.mcu.externaltools.gnu-tools-for-stm32.13.3.rel1.win32_1.0.0.202411081344/tools/bin/../lib/gcc/arm-none-eabi/13.3.1/../../../../arm-none-eabi/lib/thumb/v7e-m+fp/hard\libc_nano.a(libc_a-mallocr.o)
 .text._malloc_r
                0x08007fe8      0x100 C:/ST/STM32CubeIDE_1.16.1/STM32CubeIDE/plugins/com.st.stm32cube.ide.mcu.externaltools.gnu-tools-for-stm32.13.3.rel1.win32_1.0.0.202411081344/tools/bin/../lib/gcc/arm-none-eabi/13.3.1/../../../../arm-none-eabi/lib/thumb/v7e-m+fp/hard\libc_nano.a(libc_a-mallocr.o)
                0x08007fe8                _malloc_r
 .text.__malloc_lock
                0x080080e8        0xc C:/ST/STM32CubeIDE_1.16.1/STM32CubeIDE/plugins/com.st.stm32cube.ide.mcu.externaltools.gnu-tools-for-stm32.13.3.rel1.win32_1.0.0.202411081344/tools/bin/../lib/gcc/arm-none-eabi/13.3.1/../../../../arm-none-eabi/lib/thumb/v7e-m+fp/hard\libc_nano.a(libc_a-mlock.o)
                0x080080e8                __malloc_lock
 .text.__malloc_unlock
                0x080080f4        0xc C:/ST/STM32CubeIDE_1.16.1/STM32CubeIDE/plugins/com.st.stm32cube.ide.mcu.externaltools.gnu-tools-for-stm32.13.3.rel1.win32_1.0.0.202411081344/tools/bin/../lib/gcc/arm-none-eabi/13.3.1/../../../../arm-none-eabi/lib/thumb/v7e-m+fp/hard\libc_nano.a(libc_a-mlock.o)
                0x080080f4                __malloc_unlock
 .text.__ssputs_r
                0x08008100       0xb6 C:/ST/STM32CubeIDE_1.16.1/STM32CubeIDE/plugins/com.st.stm32cube.ide.mcu.externaltools.gnu-tools-for-stm32.13.3.rel1.win32_1.0.0.202411081344/tools/bin/../lib/gcc/arm-none-eabi/13.3.1/../../../../arm-none-eabi/lib/thumb/v7e-m+fp/hard\libc_nano.a(libc_a-nano-svfprintf.o)
                0x08008100                __ssputs_r
 *fill*         0x080081b6        0x2 
 .text._svfprintf_r
                0x080081b8      0x1f8 C:/ST/STM32CubeIDE_1.16.1/STM32CubeIDE/plugins/com.st.stm32cube.ide.mcu.externaltools.gnu-tools-for-stm32.13.3.rel1.win32_1.0.0.202411081344/tools/bin/../lib/gcc/arm-none-eabi/13.3.1/../../../../arm-none-eabi/lib/thumb/v7e-m+fp/hard\libc_nano.a(libc_a-nano-svfprintf.o)
                0x080081b8                _svfiprintf_r
                0x080081b8                _svfprintf_r
 .text._printf_common
                0x080083b0       0xda C:/ST/STM32CubeIDE_1.16.1/STM32CubeIDE/plugins/com.st.stm32cube.ide.mcu.externaltools.gnu-tools-for-stm32.13.3.rel1.win32_1.0.0.202411081344/tools/bin/../lib/gcc/arm-none-eabi/13.3.1/../../../../arm-none-eabi/lib/thumb/v7e-m+fp/hard\libc_nano.a(libc_a-nano-vfprintf_i.o)
                0x080083b0                _printf_common
 *fill*         0x0800848a        0x2 
 .text._printf_i
                0x0800848c      0x23c C:/ST/STM32CubeIDE_1.16.1/STM32CubeIDE/plugins/com.st.stm32cube.ide.mcu.externaltools.gnu-tools-for-stm32.13.3.rel1.win32_1.0.0.202411081344/tools/bin/../lib/gcc/arm-none-eabi/13.3.1/../../../../arm-none-eabi/lib/thumb/v7e-m+fp/hard\libc_nano.a(libc_a-nano-vfprintf_i.o)
                0x0800848c                _printf_i
 .text._sbrk_r  0x080086c8       0x20 C:/ST/STM32CubeIDE_1.16.1/STM32CubeIDE/plugins/com.st.stm32cube.ide.mcu.externaltools.gnu-tools-for-stm32.13.3.rel1.win32_1.0.0.202411081344/tools/bin/../lib/gcc/arm-none-eabi/13.3.1/../../../../arm-none-eabi/lib/thumb/v7e-m+fp/hard\libc_nano.a(libc_a-sbrkr.o)
                0x080086c8                _sbrk_r
 .text._realloc_r
                0x080086e8       0x5c C:/ST/STM32CubeIDE_1.16.1/STM32CubeIDE/plugins/com.st.stm32cube.ide.mcu.externaltools.gnu-tools-for-stm32.13.3.rel1.win32_1.0.0.202411081344/tools/bin/../lib/gcc/arm-none-eabi/13.3.1/../../../../arm-none-eabi/lib/thumb/v7e-m+fp/hard\libc_nano.a(libc_a-reallocr.o)
                0x080086e8                _realloc_r
 .text._malloc_usable_size_r
                0x08008744       0x10 C:/ST/STM32CubeIDE_1.16.1/STM32CubeIDE/plugins/com.st.stm32cube.ide.mcu.externaltools.gnu-tools-for-stm32.13.3.rel1.win32_1.0.0.202411081344/tools/bin/../lib/gcc/arm-none-eabi/13.3.1/../../../../arm-none-eabi/lib/thumb/v7e-m+fp/hard\libc_nano.a(libc_a-msizer.o)
                0x08008744                _malloc_usable_size_r
 *(.glue_7)
 .glue_7        0x08008754        0x0 linker stubs
 *(.glue_7t)
 .glue_7t       0x08008754        0x0 linker stubs
 *(.eh_frame)
 .eh_frame      0x08008754        0x0 C:/ST/STM32CubeIDE_1.16.1/STM32CubeIDE/plugins/com.st.stm32cube.ide.mcu.externaltools.gnu-tools-for-stm32.13.3.rel1.win32_1.0.0.202411081344/tools/bin/../lib/gcc/arm-none-eabi/13.3.1/thumb/v7e-m+fp/hard/crtbegin.o
 *(.init)
 .init          0x08008754        0x4 C:/ST/STM32CubeIDE_1.16.1/STM32CubeIDE/plugins/com.st.stm32cube.ide.mcu.externaltools.gnu-tools-for-stm32.13.3.rel1.win32_1.0.0.202411081344/tools/bin/../lib/gcc/arm-none-eabi/13.3.1/thumb/v7e-m+fp/hard/crti.o
                0x08008754                _init
 .init          0x08008758        0x8 C:/ST/STM32CubeIDE_1.16.1/STM32CubeIDE/plugins/com.st.stm32cube.ide.mcu.externaltools.gnu-tools-for-stm32.13.3.rel1.win32_1.0.0.202411081344/tools/bin/../lib/gcc/arm-none-eabi/13.3.1/thumb/v7e-m+fp/hard/crtn.o
 *(.fini)
 .fini          0x08008760        0x4 C:/ST/STM32CubeIDE_1.16.1/STM32CubeIDE/plugins/com.st.stm32cube.ide.mcu.externaltools.gnu-tools-for-stm32.13.3.rel1.win32_1.0.0.202411081344/tools/bin/../lib/gcc/arm-none-eabi/13.3.1/thumb/v7e-m+fp/hard/crti.o
                0x08008760                _fini
 .fini          0x08008764        0x8 C:/ST/STM32CubeIDE_1.16.1/STM32CubeIDE/plugins/com.st.stm32cube.ide.mcu.externaltools.gnu-tools-for-stm32.13.3.rel1.win32_1.0.0.202411081344/tools/bin/../lib/gcc/arm-none-eabi/13.3.1/thumb/v7e-m+fp/hard/crtn.o
                0x0800876c                        . = ALIGN (0x4)
                0x0800876c                        _etext = .

.vfp11_veneer   0x0800876c        0x0
 .vfp11_veneer  0x0800876c        0x0 linker stubs

.v4_bx          0x0800876c        0x0
 .v4_bx         0x0800876c        0x0 linker stubs

.iplt           0x0800876c        0x0
 .iplt          0x0800876c        0x0 C:/ST/STM32CubeIDE_1.16.1/STM32CubeIDE/plugins/com.st.stm32cube.ide.mcu.externaltools.gnu-tools-for-stm32.13.3.rel1.win32_1.0.0.202411081344/tools/bin/../lib/gcc/arm-none-eabi/13.3.1/thumb/v7e-m+fp/hard/crtbegin.o

.rodata         0x0800876c     0x1698
                0x0800876c                        . = ALIGN (0x4)
 *(.rodata)
 .rodata        0x0800876c      0x2e5 ./Core/Src/main.o
 *(.rodata*)
 *fill*         0x08008a51        0x3 
 .rodata.Font11x18
                0x08008a54      0xd5c ./Core/Src/ssd1306_fonts.o
 .rodata.Font6x8
                0x080097b0      0x5f0 ./Core/Src/ssd1306_fonts.o
 .rodata.Font_6x8
                0x08009da0        0xc ./Core/Src/ssd1306_fonts.o
                0x08009da0                Font_6x8
 .rodata.Font_11x18
                0x08009dac        0xc ./Core/Src/ssd1306_fonts.o
                0x08009dac                Font_11x18
 .rodata.AHBPrescTable
                0x08009db8       0x10 ./Core/Src/system_stm32f7xx.o
                0x08009db8                AHBPrescTable
 .rodata.APBPrescTable
                0x08009dc8        0x8 ./Core/Src/system_stm32f7xx.o
                0x08009dc8                APBPrescTable
 .rodata._svfprintf_r.str1.1
                0x08009dd0       0x33 C:/ST/STM32CubeIDE_1.16.1/STM32CubeIDE/plugins/com.st.stm32cube.ide.mcu.externaltools.gnu-tools-for-stm32.13.3.rel1.win32_1.0.0.202411081344/tools/bin/../lib/gcc/arm-none-eabi/13.3.1/../../../../arm-none-eabi/lib/thumb/v7e-m+fp/hard\libc_nano.a(libc_a-nano-svfprintf.o)
                                 0x11 (size before relaxing)
 .rodata._printf_i.str1.1
                0x08009e03       0x22 C:/ST/STM32CubeIDE_1.16.1/STM32CubeIDE/plugins/com.st.stm32cube.ide.mcu.externaltools.gnu-tools-for-stm32.13.3.rel1.win32_1.0.0.202411081344/tools/bin/../lib/gcc/arm-none-eabi/13.3.1/../../../../arm-none-eabi/lib/thumb/v7e-m+fp/hard\libc_nano.a(libc_a-nano-vfprintf_i.o)
                0x08009e28                        . = ALIGN (0x4)
 *fill*         0x08009e03        0x1 

.ARM.extab      0x08009e04        0x0
                0x08009e04                        . = ALIGN (0x4)
 *(.ARM.extab* .gnu.linkonce.armextab.*)
                0x08009e04                        . = ALIGN (0x4)

.ARM            0x08009e04        0x8
                0x08009e04                        . = ALIGN (0x4)
                0x08009e04                        __exidx_start = .
 *(.ARM.exidx*)
 .ARM.exidx     0x08009e04        0x8 C:/ST/STM32CubeIDE_1.16.1/STM32CubeIDE/plugins/com.st.stm32cube.ide.mcu.externaltools.gnu-tools-for-stm32.13.3.rel1.win32_1.0.0.202411081344/tools/bin/../lib/gcc/arm-none-eabi/13.3.1/../../../../arm-none-eabi/lib/thumb/v7e-m+fp/hard\libc_nano.a(libc_a-strlen.o)
 .ARM.exidx     0x08009e0c        0x0 C:/ST/STM32CubeIDE_1.16.1/STM32CubeIDE/plugins/com.st.stm32cube.ide.mcu.externaltools.gnu-tools-for-stm32.13.3.rel1.win32_1.0.0.202411081344/tools/bin/../lib/gcc/arm-none-eabi/13.3.1/../../../../arm-none-eabi/lib/thumb/v7e-m+fp/hard\libc_nano.a(libc_a-memchr.o)
                                  0x8 (size before relaxing)
 .ARM.exidx     0x08009e0c        0x0 C:/ST/STM32CubeIDE_1.16.1/STM32CubeIDE/plugins/com.st.stm32cube.ide.mcu.externaltools.gnu-tools-for-stm32.13.3.rel1.win32_1.0.0.202411081344/tools/bin/../lib/gcc/arm-none-eabi/13.3.1/thumb/v7e-m+fp/hard\libgcc.a(_udivmoddi4.o)
                                  0x8 (size before relaxing)
                0x08009e0c                        __exidx_end = .
                0x08009e0c                        . = ALIGN (0x4)

.preinit_array  0x08009e0c        0x0
                0x08009e0c                        . = ALIGN (0x4)
                0x08009e0c                        PROVIDE (__preinit_array_start = .)
 *(.preinit_array*)
                0x08009e0c                        PROVIDE (__preinit_array_end = .)
                0x08009e0c                        . = ALIGN (0x4)

.init_array     0x08009e0c        0x4
                0x08009e0c                        . = ALIGN (0x4)
                0x08009e0c                        PROVIDE (__init_array_start = .)
 *(SORT_BY_NAME(.init_array.*))
 *(.init_array*)
 .init_array    0x08009e0c        0x4 C:/ST/STM32CubeIDE_1.16.1/STM32CubeIDE/plugins/com.st.stm32cube.ide.mcu.externaltools.gnu-tools-for-stm32.13.3.rel1.win32_1.0.0.202411081344/tools/bin/../lib/gcc/arm-none-eabi/13.3.1/thumb/v7e-m+fp/hard/crtbegin.o
                0x08009e10                        PROVIDE (__init_array_end = .)
                0x08009e10                        . = ALIGN (0x4)

.fini_array     0x08009e10        0x4
                0x08009e10                        . = ALIGN (0x4)
                [!provide]                        PROVIDE (__fini_array_start = .)
 *(SORT_BY_NAME(.fini_array.*))
 *(.fini_array*)
 .fini_array    0x08009e10        0x4 C:/ST/STM32CubeIDE_1.16.1/STM32CubeIDE/plugins/com.st.stm32cube.ide.mcu.externaltools.gnu-tools-for-stm32.13.3.rel1.win32_1.0.0.202411081344/tools/bin/../lib/gcc/arm-none-eabi/13.3.1/thumb/v7e-m+fp/hard/crtbegin.o
                [!provide]                        PROVIDE (__fini_array_end = .)
                0x08009e14                        . = ALIGN (0x4)
                0x08009e14                        _sidata = LOADADDR (.data)

.rel.dyn        0x08009e14        0x0
 .rel.iplt      0x08009e14        0x0 C:/ST/STM32CubeIDE_1.16.1/STM32CubeIDE/plugins/com.st.stm32cube.ide.mcu.externaltools.gnu-tools-for-stm32.13.3.rel1.win32_1.0.0.202411081344/tools/bin/../lib/gcc/arm-none-eabi/13.3.1/thumb/v7e-m+fp/hard/crtbegin.o

.data           0x20000000       0xa0 load address 0x08009e14
                0x20000000                        . = ALIGN (0x4)
                0x20000000                        _sdata = .
 *(.data)
 *(.data*)
 .data.pause_for_user_input
                0x20000000        0x4 ./Core/Src/main.o
                0x20000000                pause_for_user_input
 .data.max_PWM_red_value
                0x20000004        0x4 ./Core/Src/main.o
                0x20000004                max_PWM_red_value
 .data.max_PWM_green_value
                0x20000008        0x4 ./Core/Src/main.o
                0x20000008                max_PWM_green_value
 .data.max_PWM_blue_value
                0x2000000c        0x4 ./Core/Src/main.o
                0x2000000c                max_PWM_blue_value
 .data.oled_x_number_left
                0x20000010        0x4 ./Core/Src/main.o
                0x20000010                oled_x_number_left
 .data.oled_x_number_right
                0x20000014        0x4 ./Core/Src/main.o
                0x20000014                oled_x_number_right
 .data.oled_x_coordinate_left
                0x20000018        0x4 ./Core/Src/main.o
                0x20000018                oled_x_coordinate_left
 .data.oled_x_coordinate_right
                0x2000001c        0x4 ./Core/Src/main.o
                0x2000001c                oled_x_coordinate_right
 .data.normal_mode
                0x20000020        0x1 ./Core/Src/main.o
                0x20000020                normal_mode
 *fill*         0x20000021        0x3 
 .data.mode_normal
                0x20000024        0xc ./Core/Src/main.o
                0x20000024                mode_normal
 .data.mode_high
                0x20000030        0xa ./Core/Src/main.o
                0x20000030                mode_high
 *fill*         0x2000003a        0x2 
 .data.help     0x2000003c        0x5 ./Core/Src/main.o
                0x2000003c                help
 *fill*         0x20000041        0x3 
 .data.SystemCoreClock
                0x20000044        0x4 ./Core/Src/system_stm32f7xx.o
                0x20000044                SystemCoreClock
 .data.uwTickPrio
                0x20000048        0x4 ./Drivers/STM32F7xx_HAL_Driver/Src/stm32f7xx_hal.o
                0x20000048                uwTickPrio
 .data.uwTickFreq
                0x2000004c        0x1 ./Drivers/STM32F7xx_HAL_Driver/Src/stm32f7xx_hal.o
                0x2000004c                uwTickFreq
 *fill*         0x2000004d        0x3 
 .data._impure_ptr
                0x20000050        0x4 C:/ST/STM32CubeIDE_1.16.1/STM32CubeIDE/plugins/com.st.stm32cube.ide.mcu.externaltools.gnu-tools-for-stm32.13.3.rel1.win32_1.0.0.202411081344/tools/bin/../lib/gcc/arm-none-eabi/13.3.1/../../../../arm-none-eabi/lib/thumb/v7e-m+fp/hard\libc_nano.a(libc_a-impure.o)
                0x20000050                _impure_ptr
 .data._impure_data
                0x20000054       0x4c C:/ST/STM32CubeIDE_1.16.1/STM32CubeIDE/plugins/com.st.stm32cube.ide.mcu.externaltools.gnu-tools-for-stm32.13.3.rel1.win32_1.0.0.202411081344/tools/bin/../lib/gcc/arm-none-eabi/13.3.1/../../../../arm-none-eabi/lib/thumb/v7e-m+fp/hard\libc_nano.a(libc_a-impure.o)
                0x20000054                _impure_data
 *(.RamFunc)
 *(.RamFunc*)
                0x200000a0                        . = ALIGN (0x4)
                0x200000a0                        _edata = .

.igot.plt       0x200000a0        0x0 load address 0x08009eb4
 .igot.plt      0x200000a0        0x0 C:/ST/STM32CubeIDE_1.16.1/STM32CubeIDE/plugins/com.st.stm32cube.ide.mcu.externaltools.gnu-tools-for-stm32.13.3.rel1.win32_1.0.0.202411081344/tools/bin/../lib/gcc/arm-none-eabi/13.3.1/thumb/v7e-m+fp/hard/crtbegin.o

.RxDecripSection
                0x200000a0       0xa0 load address 0x08009eb4
 .RxDecripSection
                0x200000a0       0xa0 ./Core/Src/eth.o
                0x200000a0                DMARxDscrTab

.TxDecripSection
                0x20000140       0xa0 load address 0x08009f54
 .TxDecripSection
                0x20000140       0xa0 ./Core/Src/eth.o
                0x20000140                DMATxDscrTab
                0x200001e0                        . = ALIGN (0x4)

.bss            0x200001e0      0xd5c load address 0x08009ff4
                0x200001e0                        _sbss = .
                0x200001e0                        __bss_start__ = _sbss
 *(.bss)
 .bss           0x200001e0       0x1c C:/ST/STM32CubeIDE_1.16.1/STM32CubeIDE/plugins/com.st.stm32cube.ide.mcu.externaltools.gnu-tools-for-stm32.13.3.rel1.win32_1.0.0.202411081344/tools/bin/../lib/gcc/arm-none-eabi/13.3.1/thumb/v7e-m+fp/hard/crtbegin.o
 *(.bss*)
 .bss.TxConfig  0x200001fc       0x38 ./Core/Src/eth.o
                0x200001fc                TxConfig
 .bss.heth      0x20000234       0xb0 ./Core/Src/eth.o
                0x20000234                heth
 .bss.MACAddr.0
                0x200002e4        0x6 ./Core/Src/eth.o
 *fill*         0x200002ea        0x2 
 .bss.hi2c1     0x200002ec       0x54 ./Core/Src/i2c.o
                0x200002ec                hi2c1
 .bss.hi2c2     0x20000340       0x54 ./Core/Src/i2c.o
                0x20000340                hi2c2
 .bss.uart_buffer
                0x20000394       0x32 ./Core/Src/main.o
                0x20000394                uart_buffer
 *fill*         0x200003c6        0x2 
 .bss.temp_buffer
                0x200003c8        0xa ./Core/Src/main.o
                0x200003c8                temp_buffer
 *fill*         0x200003d2        0x2 
 .bss.R_value   0x200003d4        0x4 ./Core/Src/main.o
                0x200003d4                R_value
 .bss.G_value   0x200003d8        0x4 ./Core/Src/main.o
                0x200003d8                G_value
 .bss.B_value   0x200003dc        0x4 ./Core/Src/main.o
                0x200003dc                B_value
 .bss.R_PWM_channel
                0x200003e0        0x4 ./Core/Src/main.o
                0x200003e0                R_PWM_channel
 .bss.G_PWM_channel
                0x200003e4        0x4 ./Core/Src/main.o
                0x200003e4                G_PWM_channel
 .bss.B_PWM_channel
                0x200003e8        0x4 ./Core/Src/main.o
                0x200003e8                B_PWM_channel
 .bss.color_switch
                0x200003ec        0x4 ./Core/Src/main.o
                0x200003ec                color_switch
 .bss.pause_for_led
                0x200003f0        0x4 ./Core/Src/main.o
                0x200003f0                pause_for_led
 .bss.test_sizeof
                0x200003f4        0x4 ./Core/Src/main.o
                0x200003f4                test_sizeof
 .bss.oled_screen
                0x200003f8        0x4 ./Core/Src/main.o
                0x200003f8                oled_screen
 .bss.oled_x_counter
                0x200003fc        0x4 ./Core/Src/main.o
                0x200003fc                oled_x_counter
 .bss.test      0x20000400        0x1 ./Core/Src/main.o
                0x20000400                test
 *fill*         0x20000401        0x3 
 .bss.previous_temp_buffer
                0x20000404        0xa ./Core/Src/main.o
                0x20000404                previous_temp_buffer
 *fill*         0x2000040e        0x2 
 .bss.buffor_for_lcd
                0x20000410        0xa ./Core/Src/main.o
                0x20000410                buffor_for_lcd
 *fill*         0x2000041a        0x2 
 .bss.red_str   0x2000041c        0x3 ./Core/Src/main.o
                0x2000041c                red_str
 *fill*         0x2000041f        0x1 
 .bss.green_str
                0x20000420        0x3 ./Core/Src/main.o
                0x20000420                green_str
 *fill*         0x20000423        0x1 
 .bss.blue_str  0x20000424        0x3 ./Core/Src/main.o
                0x20000424                blue_str
 *fill*         0x20000427        0x1 
 .bss.number_left
                0x20000428        0x4 ./Core/Src/main.o
                0x20000428                number_left
 .bss.number_right
                0x2000042c        0x4 ./Core/Src/main.o
                0x2000042c                number_right
 .bss.SSD1306_Buffer
                0x20000430      0x400 ./Core/Src/ssd1306.o
 .bss.SSD1306   0x20000830        0x6 ./Core/Src/ssd1306.o
 *fill*         0x20000836        0x2 
 .bss.__sbrk_heap_end
                0x20000838        0x4 ./Core/Src/sysmem.o
 .bss.htim3     0x2000083c       0x4c ./Core/Src/tim.o
                0x2000083c                htim3
 .bss.huart3    0x20000888       0x88 ./Core/Src/usart.o
                0x20000888                huart3
 .bss.hpcd_USB_OTG_FS
                0x20000910      0x4e0 ./Core/Src/usb_otg.o
                0x20000910                hpcd_USB_OTG_FS
 .bss.uwTick    0x20000df0        0x4 ./Drivers/STM32F7xx_HAL_Driver/Src/stm32f7xx_hal.o
                0x20000df0                uwTick
 .bss.__sf      0x20000df4      0x138 C:/ST/STM32CubeIDE_1.16.1/STM32CubeIDE/plugins/com.st.stm32cube.ide.mcu.externaltools.gnu-tools-for-stm32.13.3.rel1.win32_1.0.0.202411081344/tools/bin/../lib/gcc/arm-none-eabi/13.3.1/../../../../arm-none-eabi/lib/thumb/v7e-m+fp/hard\libc_nano.a(libc_a-findfp.o)
                0x20000df4                __sf
 .bss.errno     0x20000f2c        0x4 C:/ST/STM32CubeIDE_1.16.1/STM32CubeIDE/plugins/com.st.stm32cube.ide.mcu.externaltools.gnu-tools-for-stm32.13.3.rel1.win32_1.0.0.202411081344/tools/bin/../lib/gcc/arm-none-eabi/13.3.1/../../../../arm-none-eabi/lib/thumb/v7e-m+fp/hard\libc_nano.a(libc_a-reent.o)
                0x20000f2c                errno
 .bss.__lock___malloc_recursive_mutex
                0x20000f30        0x1 C:/ST/STM32CubeIDE_1.16.1/STM32CubeIDE/plugins/com.st.stm32cube.ide.mcu.externaltools.gnu-tools-for-stm32.13.3.rel1.win32_1.0.0.202411081344/tools/bin/../lib/gcc/arm-none-eabi/13.3.1/../../../../arm-none-eabi/lib/thumb/v7e-m+fp/hard\libc_nano.a(libc_a-lock.o)
                0x20000f30                __lock___malloc_recursive_mutex
 *fill*         0x20000f31        0x3 
 .bss.__malloc_sbrk_start
                0x20000f34        0x4 C:/ST/STM32CubeIDE_1.16.1/STM32CubeIDE/plugins/com.st.stm32cube.ide.mcu.externaltools.gnu-tools-for-stm32.13.3.rel1.win32_1.0.0.202411081344/tools/bin/../lib/gcc/arm-none-eabi/13.3.1/../../../../arm-none-eabi/lib/thumb/v7e-m+fp/hard\libc_nano.a(libc_a-mallocr.o)
                0x20000f34                __malloc_sbrk_start
 .bss.__malloc_free_list
                0x20000f38        0x4 C:/ST/STM32CubeIDE_1.16.1/STM32CubeIDE/plugins/com.st.stm32cube.ide.mcu.externaltools.gnu-tools-for-stm32.13.3.rel1.win32_1.0.0.202411081344/tools/bin/../lib/gcc/arm-none-eabi/13.3.1/../../../../arm-none-eabi/lib/thumb/v7e-m+fp/hard\libc_nano.a(libc_a-mallocr.o)
                0x20000f38                __malloc_free_list
 *(COMMON)
                0x20000f3c                        . = ALIGN (0x4)
                0x20000f3c                        _ebss = .
                0x20000f3c                        __bss_end__ = _ebss

._user_heap_stack
                0x20000f3c      0x604 load address 0x08009ff4
                0x20000f40                        . = ALIGN (0x8)
 *fill*         0x20000f3c        0x4 
                [!provide]                        PROVIDE (end = .)
                0x20000f40                        PROVIDE (_end = .)
                0x20001140                        . = (. + _Min_Heap_Size)
 *fill*         0x20000f40      0x200 
                0x20001540                        . = (. + _Min_Stack_Size)
 *fill*         0x20001140      0x400 
                0x20001540                        . = ALIGN (0x8)

/DISCARD/
 libc.a(*)
 libm.a(*)
 libgcc.a(*)

.ARM.attributes
                0x00000000       0x30
 *(.ARM.attributes)
 .ARM.attributes
                0x00000000       0x22 C:/ST/STM32CubeIDE_1.16.1/STM32CubeIDE/plugins/com.st.stm32cube.ide.mcu.externaltools.gnu-tools-for-stm32.13.3.rel1.win32_1.0.0.202411081344/tools/bin/../lib/gcc/arm-none-eabi/13.3.1/thumb/v7e-m+fp/hard/crti.o
 .ARM.attributes
                0x00000022       0x34 C:/ST/STM32CubeIDE_1.16.1/STM32CubeIDE/plugins/com.st.stm32cube.ide.mcu.externaltools.gnu-tools-for-stm32.13.3.rel1.win32_1.0.0.202411081344/tools/bin/../lib/gcc/arm-none-eabi/13.3.1/thumb/v7e-m+fp/hard/crtbegin.o
 .ARM.attributes
                0x00000056       0x34 ./Core/Src/eth.o
 .ARM.attributes
                0x0000008a       0x34 ./Core/Src/gpio.o
 .ARM.attributes
                0x000000be       0x34 ./Core/Src/i2c.o
 .ARM.attributes
                0x000000f2       0x34 ./Core/Src/lcd.o
 .ARM.attributes
                0x00000126       0x34 ./Core/Src/main.o
 .ARM.attributes
                0x0000015a       0x34 ./Core/Src/ssd1306.o
 .ARM.attributes
                0x0000018e       0x34 ./Core/Src/ssd1306_fonts.o
 .ARM.attributes
                0x000001c2       0x34 ./Core/Src/stm32f7xx_hal_msp.o
 .ARM.attributes
                0x000001f6       0x34 ./Core/Src/stm32f7xx_it.o
 .ARM.attributes
                0x0000022a       0x34 ./Core/Src/sysmem.o
 .ARM.attributes
                0x0000025e       0x34 ./Core/Src/system_stm32f7xx.o
 .ARM.attributes
                0x00000292       0x34 ./Core/Src/tim.o
 .ARM.attributes
                0x000002c6       0x34 ./Core/Src/usart.o
 .ARM.attributes
                0x000002fa       0x34 ./Core/Src/usb_otg.o
 .ARM.attributes
                0x0000032e       0x21 ./Core/Startup/startup_stm32f746zgtx.o
 .ARM.attributes
                0x0000034f       0x34 ./Drivers/STM32F7xx_HAL_Driver/Src/stm32f7xx_hal.o
 .ARM.attributes
                0x00000383       0x34 ./Drivers/STM32F7xx_HAL_Driver/Src/stm32f7xx_hal_cortex.o
 .ARM.attributes
                0x000003b7       0x34 ./Drivers/STM32F7xx_HAL_Driver/Src/stm32f7xx_hal_eth.o
 .ARM.attributes
                0x000003eb       0x34 ./Drivers/STM32F7xx_HAL_Driver/Src/stm32f7xx_hal_gpio.o
 .ARM.attributes
                0x0000041f       0x34 ./Drivers/STM32F7xx_HAL_Driver/Src/stm32f7xx_hal_i2c.o
 .ARM.attributes
                0x00000453       0x34 ./Drivers/STM32F7xx_HAL_Driver/Src/stm32f7xx_hal_i2c_ex.o
 .ARM.attributes
                0x00000487       0x34 ./Drivers/STM32F7xx_HAL_Driver/Src/stm32f7xx_hal_pcd.o
 .ARM.attributes
                0x000004bb       0x34 ./Drivers/STM32F7xx_HAL_Driver/Src/stm32f7xx_hal_pcd_ex.o
 .ARM.attributes
                0x000004ef       0x34 ./Drivers/STM32F7xx_HAL_Driver/Src/stm32f7xx_hal_pwr.o
 .ARM.attributes
                0x00000523       0x34 ./Drivers/STM32F7xx_HAL_Driver/Src/stm32f7xx_hal_rcc.o
 .ARM.attributes
                0x00000557       0x34 ./Drivers/STM32F7xx_HAL_Driver/Src/stm32f7xx_hal_rcc_ex.o
 .ARM.attributes
                0x0000058b       0x34 ./Drivers/STM32F7xx_HAL_Driver/Src/stm32f7xx_hal_tim.o
 .ARM.attributes
                0x000005bf       0x34 ./Drivers/STM32F7xx_HAL_Driver/Src/stm32f7xx_hal_tim_ex.o
 .ARM.attributes
                0x000005f3       0x34 ./Drivers/STM32F7xx_HAL_Driver/Src/stm32f7xx_hal_uart.o
 .ARM.attributes
                0x00000627       0x34 ./Drivers/STM32F7xx_HAL_Driver/Src/stm32f7xx_ll_usb.o
 .ARM.attributes
                0x0000065b       0x34 C:/ST/STM32CubeIDE_1.16.1/STM32CubeIDE/plugins/com.st.stm32cube.ide.mcu.externaltools.gnu-tools-for-stm32.13.3.rel1.win32_1.0.0.202411081344/tools/bin/../lib/gcc/arm-none-eabi/13.3.1/../../../../arm-none-eabi/lib/thumb/v7e-m+fp/hard\libc_nano.a(libc_a-findfp.o)
 .ARM.attributes
                0x0000068f       0x34 C:/ST/STM32CubeIDE_1.16.1/STM32CubeIDE/plugins/com.st.stm32cube.ide.mcu.externaltools.gnu-tools-for-stm32.13.3.rel1.win32_1.0.0.202411081344/tools/bin/../lib/gcc/arm-none-eabi/13.3.1/../../../../arm-none-eabi/lib/thumb/v7e-m+fp/hard\libc_nano.a(libc_a-snprintf.o)
 .ARM.attributes
                0x000006c3       0x34 C:/ST/STM32CubeIDE_1.16.1/STM32CubeIDE/plugins/com.st.stm32cube.ide.mcu.externaltools.gnu-tools-for-stm32.13.3.rel1.win32_1.0.0.202411081344/tools/bin/../lib/gcc/arm-none-eabi/13.3.1/../../../../arm-none-eabi/lib/thumb/v7e-m+fp/hard\libc_nano.a(libc_a-sprintf.o)
 .ARM.attributes
                0x000006f7       0x34 C:/ST/STM32CubeIDE_1.16.1/STM32CubeIDE/plugins/com.st.stm32cube.ide.mcu.externaltools.gnu-tools-for-stm32.13.3.rel1.win32_1.0.0.202411081344/tools/bin/../lib/gcc/arm-none-eabi/13.3.1/../../../../arm-none-eabi/lib/thumb/v7e-m+fp/hard\libc_nano.a(libc_a-memmove.o)
 .ARM.attributes
                0x0000072b       0x34 C:/ST/STM32CubeIDE_1.16.1/STM32CubeIDE/plugins/com.st.stm32cube.ide.mcu.externaltools.gnu-tools-for-stm32.13.3.rel1.win32_1.0.0.202411081344/tools/bin/../lib/gcc/arm-none-eabi/13.3.1/../../../../arm-none-eabi/lib/thumb/v7e-m+fp/hard\libc_nano.a(libc_a-memset.o)
 .ARM.attributes
                0x0000075f       0x34 C:/ST/STM32CubeIDE_1.16.1/STM32CubeIDE/plugins/com.st.stm32cube.ide.mcu.externaltools.gnu-tools-for-stm32.13.3.rel1.win32_1.0.0.202411081344/tools/bin/../lib/gcc/arm-none-eabi/13.3.1/../../../../arm-none-eabi/lib/thumb/v7e-m+fp/hard\libc_nano.a(libc_a-reent.o)
 .ARM.attributes
                0x00000793       0x34 C:/ST/STM32CubeIDE_1.16.1/STM32CubeIDE/plugins/com.st.stm32cube.ide.mcu.externaltools.gnu-tools-for-stm32.13.3.rel1.win32_1.0.0.202411081344/tools/bin/../lib/gcc/arm-none-eabi/13.3.1/../../../../arm-none-eabi/lib/thumb/v7e-m+fp/hard\libc_nano.a(libc_a-impure.o)
 .ARM.attributes
                0x000007c7       0x34 C:/ST/STM32CubeIDE_1.16.1/STM32CubeIDE/plugins/com.st.stm32cube.ide.mcu.externaltools.gnu-tools-for-stm32.13.3.rel1.win32_1.0.0.202411081344/tools/bin/../lib/gcc/arm-none-eabi/13.3.1/../../../../arm-none-eabi/lib/thumb/v7e-m+fp/hard\libc_nano.a(libc_a-errno.o)
 .ARM.attributes
                0x000007fb       0x34 C:/ST/STM32CubeIDE_1.16.1/STM32CubeIDE/plugins/com.st.stm32cube.ide.mcu.externaltools.gnu-tools-for-stm32.13.3.rel1.win32_1.0.0.202411081344/tools/bin/../lib/gcc/arm-none-eabi/13.3.1/../../../../arm-none-eabi/lib/thumb/v7e-m+fp/hard\libc_nano.a(libc_a-init.o)
 .ARM.attributes
                0x0000082f       0x34 C:/ST/STM32CubeIDE_1.16.1/STM32CubeIDE/plugins/com.st.stm32cube.ide.mcu.externaltools.gnu-tools-for-stm32.13.3.rel1.win32_1.0.0.202411081344/tools/bin/../lib/gcc/arm-none-eabi/13.3.1/../../../../arm-none-eabi/lib/thumb/v7e-m+fp/hard\libc_nano.a(libc_a-lock.o)
 .ARM.attributes
                0x00000863       0x34 C:/ST/STM32CubeIDE_1.16.1/STM32CubeIDE/plugins/com.st.stm32cube.ide.mcu.externaltools.gnu-tools-for-stm32.13.3.rel1.win32_1.0.0.202411081344/tools/bin/../lib/gcc/arm-none-eabi/13.3.1/../../../../arm-none-eabi/lib/thumb/v7e-m+fp/hard\libc_nano.a(libc_a-memcpy-stub.o)
 .ARM.attributes
                0x00000897       0x17 C:/ST/STM32CubeIDE_1.16.1/STM32CubeIDE/plugins/com.st.stm32cube.ide.mcu.externaltools.gnu-tools-for-stm32.13.3.rel1.win32_1.0.0.202411081344/tools/bin/../lib/gcc/arm-none-eabi/13.3.1/../../../../arm-none-eabi/lib/thumb/v7e-m+fp/hard\libc_nano.a(libc_a-strlen.o)
 .ARM.attributes
                0x000008ae       0x34 C:/ST/STM32CubeIDE_1.16.1/STM32CubeIDE/plugins/com.st.stm32cube.ide.mcu.externaltools.gnu-tools-for-stm32.13.3.rel1.win32_1.0.0.202411081344/tools/bin/../lib/gcc/arm-none-eabi/13.3.1/../../../../arm-none-eabi/lib/thumb/v7e-m+fp/hard\libc_nano.a(libc_a-freer.o)
 .ARM.attributes
                0x000008e2       0x34 C:/ST/STM32CubeIDE_1.16.1/STM32CubeIDE/plugins/com.st.stm32cube.ide.mcu.externaltools.gnu-tools-for-stm32.13.3.rel1.win32_1.0.0.202411081344/tools/bin/../lib/gcc/arm-none-eabi/13.3.1/../../../../arm-none-eabi/lib/thumb/v7e-m+fp/hard\libc_nano.a(libc_a-mallocr.o)
 .ARM.attributes
                0x00000916       0x34 C:/ST/STM32CubeIDE_1.16.1/STM32CubeIDE/plugins/com.st.stm32cube.ide.mcu.externaltools.gnu-tools-for-stm32.13.3.rel1.win32_1.0.0.202411081344/tools/bin/../lib/gcc/arm-none-eabi/13.3.1/../../../../arm-none-eabi/lib/thumb/v7e-m+fp/hard\libc_nano.a(libc_a-mlock.o)
 .ARM.attributes
                0x0000094a       0x34 C:/ST/STM32CubeIDE_1.16.1/STM32CubeIDE/plugins/com.st.stm32cube.ide.mcu.externaltools.gnu-tools-for-stm32.13.3.rel1.win32_1.0.0.202411081344/tools/bin/../lib/gcc/arm-none-eabi/13.3.1/../../../../arm-none-eabi/lib/thumb/v7e-m+fp/hard\libc_nano.a(libc_a-nano-svfprintf.o)
 .ARM.attributes
                0x0000097e       0x34 C:/ST/STM32CubeIDE_1.16.1/STM32CubeIDE/plugins/com.st.stm32cube.ide.mcu.externaltools.gnu-tools-for-stm32.13.3.rel1.win32_1.0.0.202411081344/tools/bin/../lib/gcc/arm-none-eabi/13.3.1/../../../../arm-none-eabi/lib/thumb/v7e-m+fp/hard\libc_nano.a(libc_a-nano-vfprintf_i.o)
 .ARM.attributes
                0x000009b2       0x34 C:/ST/STM32CubeIDE_1.16.1/STM32CubeIDE/plugins/com.st.stm32cube.ide.mcu.externaltools.gnu-tools-for-stm32.13.3.rel1.win32_1.0.0.202411081344/tools/bin/../lib/gcc/arm-none-eabi/13.3.1/../../../../arm-none-eabi/lib/thumb/v7e-m+fp/hard\libc_nano.a(libc_a-sbrkr.o)
 .ARM.attributes
                0x000009e6       0x1c C:/ST/STM32CubeIDE_1.16.1/STM32CubeIDE/plugins/com.st.stm32cube.ide.mcu.externaltools.gnu-tools-for-stm32.13.3.rel1.win32_1.0.0.202411081344/tools/bin/../lib/gcc/arm-none-eabi/13.3.1/../../../../arm-none-eabi/lib/thumb/v7e-m+fp/hard\libc_nano.a(libc_a-memchr.o)
 .ARM.attributes
                0x00000a02       0x34 C:/ST/STM32CubeIDE_1.16.1/STM32CubeIDE/plugins/com.st.stm32cube.ide.mcu.externaltools.gnu-tools-for-stm32.13.3.rel1.win32_1.0.0.202411081344/tools/bin/../lib/gcc/arm-none-eabi/13.3.1/../../../../arm-none-eabi/lib/thumb/v7e-m+fp/hard\libc_nano.a(libc_a-reallocr.o)
 .ARM.attributes
                0x00000a36       0x34 C:/ST/STM32CubeIDE_1.16.1/STM32CubeIDE/plugins/com.st.stm32cube.ide.mcu.externaltools.gnu-tools-for-stm32.13.3.rel1.win32_1.0.0.202411081344/tools/bin/../lib/gcc/arm-none-eabi/13.3.1/../../../../arm-none-eabi/lib/thumb/v7e-m+fp/hard\libc_nano.a(libc_a-msizer.o)
 .ARM.attributes
                0x00000a6a       0x22 C:/ST/STM32CubeIDE_1.16.1/STM32CubeIDE/plugins/com.st.stm32cube.ide.mcu.externaltools.gnu-tools-for-stm32.13.3.rel1.win32_1.0.0.202411081344/tools/bin/../lib/gcc/arm-none-eabi/13.3.1/thumb/v7e-m+fp/hard\libgcc.a(_aeabi_uldivmod.o)
 .ARM.attributes
                0x00000a8c       0x34 C:/ST/STM32CubeIDE_1.16.1/STM32CubeIDE/plugins/com.st.stm32cube.ide.mcu.externaltools.gnu-tools-for-stm32.13.3.rel1.win32_1.0.0.202411081344/tools/bin/../lib/gcc/arm-none-eabi/13.3.1/thumb/v7e-m+fp/hard\libgcc.a(_udivmoddi4.o)
 .ARM.attributes
                0x00000ac0       0x22 C:/ST/STM32CubeIDE_1.16.1/STM32CubeIDE/plugins/com.st.stm32cube.ide.mcu.externaltools.gnu-tools-for-stm32.13.3.rel1.win32_1.0.0.202411081344/tools/bin/../lib/gcc/arm-none-eabi/13.3.1/thumb/v7e-m+fp/hard\libgcc.a(_dvmd_tls.o)
 .ARM.attributes
                0x00000ae2       0x22 C:/ST/STM32CubeIDE_1.16.1/STM32CubeIDE/plugins/com.st.stm32cube.ide.mcu.externaltools.gnu-tools-for-stm32.13.3.rel1.win32_1.0.0.202411081344/tools/bin/../lib/gcc/arm-none-eabi/13.3.1/thumb/v7e-m+fp/hard/crtn.o
OUTPUT(projekt_zalic_lab.elf elf32-littlearm)
LOAD linker stubs
LOAD C:/ST/STM32CubeIDE_1.16.1/STM32CubeIDE/plugins/com.st.stm32cube.ide.mcu.externaltools.gnu-tools-for-stm32.13.3.rel1.win32_1.0.0.202411081344/tools/bin/../lib/gcc/arm-none-eabi/13.3.1/../../../../arm-none-eabi/lib/thumb/v7e-m+fp/hard\libc.a
LOAD C:/ST/STM32CubeIDE_1.16.1/STM32CubeIDE/plugins/com.st.stm32cube.ide.mcu.externaltools.gnu-tools-for-stm32.13.3.rel1.win32_1.0.0.202411081344/tools/bin/../lib/gcc/arm-none-eabi/13.3.1/../../../../arm-none-eabi/lib/thumb/v7e-m+fp/hard\libm.a
LOAD C:/ST/STM32CubeIDE_1.16.1/STM32CubeIDE/plugins/com.st.stm32cube.ide.mcu.externaltools.gnu-tools-for-stm32.13.3.rel1.win32_1.0.0.202411081344/tools/bin/../lib/gcc/arm-none-eabi/13.3.1/thumb/v7e-m+fp/hard\libgcc.a

.debug_info     0x00000000    0x1bdc1
 .debug_info    0x00000000      0xf78 ./Core/Src/eth.o
 .debug_info    0x00000f78      0x49d ./Core/Src/gpio.o
 .debug_info    0x00001415      0xc7d ./Core/Src/i2c.o
 .debug_info    0x00002092      0x33d ./Core/Src/lcd.o
 .debug_info    0x000023cf     0x1d65 ./Core/Src/main.o
 .debug_info    0x00004134     0x12b6 ./Core/Src/ssd1306.o
 .debug_info    0x000053ea      0x2a4 ./Core/Src/ssd1306_fonts.o
 .debug_info    0x0000568e      0x28d ./Core/Src/stm32f7xx_hal_msp.o
 .debug_info    0x0000591b      0x112 ./Core/Src/stm32f7xx_it.o
 .debug_info    0x00005a2d      0x168 ./Core/Src/sysmem.o
 .debug_info    0x00005b95      0x6ed ./Core/Src/system_stm32f7xx.o
 .debug_info    0x00006282      0xbf3 ./Core/Src/tim.o
 .debug_info    0x00006e75      0xc5a ./Core/Src/usart.o
 .debug_info    0x00007acf      0xbf6 ./Core/Src/usb_otg.o
 .debug_info    0x000086c5       0x30 ./Core/Startup/startup_stm32f746zgtx.o
 .debug_info    0x000086f5      0x9d8 ./Drivers/STM32F7xx_HAL_Driver/Src/stm32f7xx_hal.o
 .debug_info    0x000090cd      0xf7e ./Drivers/STM32F7xx_HAL_Driver/Src/stm32f7xx_hal_cortex.o
 .debug_info    0x0000a04b     0x21aa ./Drivers/STM32F7xx_HAL_Driver/Src/stm32f7xx_hal_eth.o
 .debug_info    0x0000c1f5      0x6e7 ./Drivers/STM32F7xx_HAL_Driver/Src/stm32f7xx_hal_gpio.o
 .debug_info    0x0000c8dc     0x2147 ./Drivers/STM32F7xx_HAL_Driver/Src/stm32f7xx_hal_i2c.o
 .debug_info    0x0000ea23      0x922 ./Drivers/STM32F7xx_HAL_Driver/Src/stm32f7xx_hal_i2c_ex.o
 .debug_info    0x0000f345     0x1599 ./Drivers/STM32F7xx_HAL_Driver/Src/stm32f7xx_hal_pcd.o
 .debug_info    0x000108de      0x7a3 ./Drivers/STM32F7xx_HAL_Driver/Src/stm32f7xx_hal_pcd_ex.o
 .debug_info    0x00011081      0x90e ./Drivers/STM32F7xx_HAL_Driver/Src/stm32f7xx_hal_pwr.o
 .debug_info    0x0001198f      0x8f0 ./Drivers/STM32F7xx_HAL_Driver/Src/stm32f7xx_hal_rcc.o
 .debug_info    0x0001227f      0x6bd ./Drivers/STM32F7xx_HAL_Driver/Src/stm32f7xx_hal_rcc_ex.o
 .debug_info    0x0001293c     0x2abd ./Drivers/STM32F7xx_HAL_Driver/Src/stm32f7xx_hal_tim.o
 .debug_info    0x000153f9     0x15bb ./Drivers/STM32F7xx_HAL_Driver/Src/stm32f7xx_hal_tim_ex.o
 .debug_info    0x000169b4     0x3a11 ./Drivers/STM32F7xx_HAL_Driver/Src/stm32f7xx_hal_uart.o
 .debug_info    0x0001a3c5     0x19fc ./Drivers/STM32F7xx_HAL_Driver/Src/stm32f7xx_ll_usb.o

.debug_abbrev   0x00000000     0x3c84
 .debug_abbrev  0x00000000      0x249 ./Core/Src/eth.o
 .debug_abbrev  0x00000249      0x152 ./Core/Src/gpio.o
 .debug_abbrev  0x0000039b      0x21d ./Core/Src/i2c.o
 .debug_abbrev  0x000005b8      0x17b ./Core/Src/lcd.o
 .debug_abbrev  0x00000733      0x3cf ./Core/Src/main.o
 .debug_abbrev  0x00000b02      0x363 ./Core/Src/ssd1306.o
 .debug_abbrev  0x00000e65       0xcf ./Core/Src/ssd1306_fonts.o
 .debug_abbrev  0x00000f34       0xd8 ./Core/Src/stm32f7xx_hal_msp.o
 .debug_abbrev  0x0000100c       0x73 ./Core/Src/stm32f7xx_it.o
 .debug_abbrev  0x0000107f       0xbc ./Core/Src/sysmem.o
 .debug_abbrev  0x0000113b      0x13b ./Core/Src/system_stm32f7xx.o
 .debug_abbrev  0x00001276      0x224 ./Core/Src/tim.o
 .debug_abbrev  0x0000149a      0x1f9 ./Core/Src/usart.o
 .debug_abbrev  0x00001693      0x230 ./Core/Src/usb_otg.o
 .debug_abbrev  0x000018c3       0x24 ./Core/Startup/startup_stm32f746zgtx.o
 .debug_abbrev  0x000018e7      0x213 ./Drivers/STM32F7xx_HAL_Driver/Src/stm32f7xx_hal.o
 .debug_abbrev  0x00001afa      0x31e ./Drivers/STM32F7xx_HAL_Driver/Src/stm32f7xx_hal_cortex.o
 .debug_abbrev  0x00001e18      0x35a ./Drivers/STM32F7xx_HAL_Driver/Src/stm32f7xx_hal_eth.o
 .debug_abbrev  0x00002172      0x1d4 ./Drivers/STM32F7xx_HAL_Driver/Src/stm32f7xx_hal_gpio.o
 .debug_abbrev  0x00002346      0x260 ./Drivers/STM32F7xx_HAL_Driver/Src/stm32f7xx_hal_i2c.o
 .debug_abbrev  0x000025a6      0x19c ./Drivers/STM32F7xx_HAL_Driver/Src/stm32f7xx_hal_i2c_ex.o
 .debug_abbrev  0x00002742      0x2ee ./Drivers/STM32F7xx_HAL_Driver/Src/stm32f7xx_hal_pcd.o
 .debug_abbrev  0x00002a30      0x1ca ./Drivers/STM32F7xx_HAL_Driver/Src/stm32f7xx_hal_pcd_ex.o
 .debug_abbrev  0x00002bfa      0x1c5 ./Drivers/STM32F7xx_HAL_Driver/Src/stm32f7xx_hal_pwr.o
 .debug_abbrev  0x00002dbf      0x288 ./Drivers/STM32F7xx_HAL_Driver/Src/stm32f7xx_hal_rcc.o
 .debug_abbrev  0x00003047      0x1c9 ./Drivers/STM32F7xx_HAL_Driver/Src/stm32f7xx_hal_rcc_ex.o
 .debug_abbrev  0x00003210      0x278 ./Drivers/STM32F7xx_HAL_Driver/Src/stm32f7xx_hal_tim.o
 .debug_abbrev  0x00003488      0x283 ./Drivers/STM32F7xx_HAL_Driver/Src/stm32f7xx_hal_tim_ex.o
 .debug_abbrev  0x0000370b      0x2e6 ./Drivers/STM32F7xx_HAL_Driver/Src/stm32f7xx_hal_uart.o
 .debug_abbrev  0x000039f1      0x293 ./Drivers/STM32F7xx_HAL_Driver/Src/stm32f7xx_ll_usb.o

.debug_aranges  0x00000000     0x1758
 .debug_aranges
                0x00000000       0x30 ./Core/Src/eth.o
 .debug_aranges
                0x00000030       0x20 ./Core/Src/gpio.o
 .debug_aranges
                0x00000050       0x38 ./Core/Src/i2c.o
 .debug_aranges
                0x00000088       0x58 ./Core/Src/lcd.o
 .debug_aranges
                0x000000e0       0x88 ./Core/Src/main.o
 .debug_aranges
                0x00000168       0xe8 ./Core/Src/ssd1306.o
 .debug_aranges
                0x00000250       0x18 ./Core/Src/ssd1306_fonts.o
 .debug_aranges
                0x00000268       0x20 ./Core/Src/stm32f7xx_hal_msp.o
 .debug_aranges
                0x00000288       0x60 ./Core/Src/stm32f7xx_it.o
 .debug_aranges
                0x000002e8       0x20 ./Core/Src/sysmem.o
 .debug_aranges
                0x00000308       0x28 ./Core/Src/system_stm32f7xx.o
 .debug_aranges
                0x00000330       0x38 ./Core/Src/tim.o
 .debug_aranges
                0x00000368       0x30 ./Core/Src/usart.o
 .debug_aranges
                0x00000398       0x30 ./Core/Src/usb_otg.o
 .debug_aranges
                0x000003c8       0x28 ./Core/Startup/startup_stm32f746zgtx.o
 .debug_aranges
                0x000003f0      0x100 ./Drivers/STM32F7xx_HAL_Driver/Src/stm32f7xx_hal.o
 .debug_aranges
                0x000004f0      0x128 ./Drivers/STM32F7xx_HAL_Driver/Src/stm32f7xx_hal_cortex.o
 .debug_aranges
                0x00000618      0x1e8 ./Drivers/STM32F7xx_HAL_Driver/Src/stm32f7xx_hal_eth.o
 .debug_aranges
                0x00000800       0x58 ./Drivers/STM32F7xx_HAL_Driver/Src/stm32f7xx_hal_gpio.o
 .debug_aranges
                0x00000858      0x2a0 ./Drivers/STM32F7xx_HAL_Driver/Src/stm32f7xx_hal_i2c.o
 .debug_aranges
                0x00000af8       0x38 ./Drivers/STM32F7xx_HAL_Driver/Src/stm32f7xx_hal_i2c_ex.o
 .debug_aranges
                0x00000b30      0x148 ./Drivers/STM32F7xx_HAL_Driver/Src/stm32f7xx_hal_pcd.o
 .debug_aranges
                0x00000c78       0x48 ./Drivers/STM32F7xx_HAL_Driver/Src/stm32f7xx_hal_pcd_ex.o
 .debug_aranges
                0x00000cc0       0xa0 ./Drivers/STM32F7xx_HAL_Driver/Src/stm32f7xx_hal_pwr.o
 .debug_aranges
                0x00000d60       0x88 ./Drivers/STM32F7xx_HAL_Driver/Src/stm32f7xx_hal_rcc.o
 .debug_aranges
                0x00000de8       0x50 ./Drivers/STM32F7xx_HAL_Driver/Src/stm32f7xx_hal_rcc_ex.o
 .debug_aranges
                0x00000e38      0x3e0 ./Drivers/STM32F7xx_HAL_Driver/Src/stm32f7xx_hal_tim.o
 .debug_aranges
                0x00001218      0x178 ./Drivers/STM32F7xx_HAL_Driver/Src/stm32f7xx_hal_tim_ex.o
 .debug_aranges
                0x00001390      0x228 ./Drivers/STM32F7xx_HAL_Driver/Src/stm32f7xx_hal_uart.o
 .debug_aranges
                0x000015b8      0x1a0 ./Drivers/STM32F7xx_HAL_Driver/Src/stm32f7xx_ll_usb.o

.debug_rnglists
                0x00000000     0x121d
 .debug_rnglists
                0x00000000       0x21 ./Core/Src/eth.o
 .debug_rnglists
                0x00000021       0x14 ./Core/Src/gpio.o
 .debug_rnglists
                0x00000035       0x28 ./Core/Src/i2c.o
 .debug_rnglists
                0x0000005d       0x3e ./Core/Src/lcd.o
 .debug_rnglists
                0x0000009b       0x68 ./Core/Src/main.o
 .debug_rnglists
                0x00000103       0xb4 ./Core/Src/ssd1306.o
 .debug_rnglists
                0x000001b7       0x13 ./Core/Src/stm32f7xx_hal_msp.o
 .debug_rnglists
                0x000001ca       0x43 ./Core/Src/stm32f7xx_it.o
 .debug_rnglists
                0x0000020d       0x13 ./Core/Src/sysmem.o
 .debug_rnglists
                0x00000220       0x1a ./Core/Src/system_stm32f7xx.o
 .debug_rnglists
                0x0000023a       0x27 ./Core/Src/tim.o
 .debug_rnglists
                0x00000261       0x20 ./Core/Src/usart.o
 .debug_rnglists
                0x00000281       0x20 ./Core/Src/usb_otg.o
 .debug_rnglists
                0x000002a1       0x19 ./Core/Startup/startup_stm32f746zgtx.o
 .debug_rnglists
                0x000002ba       0xbb ./Drivers/STM32F7xx_HAL_Driver/Src/stm32f7xx_hal.o
 .debug_rnglists
                0x00000375       0xda ./Drivers/STM32F7xx_HAL_Driver/Src/stm32f7xx_hal_cortex.o
 .debug_rnglists
                0x0000044f      0x183 ./Drivers/STM32F7xx_HAL_Driver/Src/stm32f7xx_hal_eth.o
 .debug_rnglists
                0x000005d2       0x3f ./Drivers/STM32F7xx_HAL_Driver/Src/stm32f7xx_hal_gpio.o
 .debug_rnglists
                0x00000611      0x228 ./Drivers/STM32F7xx_HAL_Driver/Src/stm32f7xx_hal_i2c.o
 .debug_rnglists
                0x00000839       0x27 ./Drivers/STM32F7xx_HAL_Driver/Src/stm32f7xx_hal_i2c_ex.o
 .debug_rnglists
                0x00000860       0xfa ./Drivers/STM32F7xx_HAL_Driver/Src/stm32f7xx_hal_pcd.o
 .debug_rnglists
                0x0000095a       0x32 ./Drivers/STM32F7xx_HAL_Driver/Src/stm32f7xx_hal_pcd_ex.o
 .debug_rnglists
                0x0000098c       0x74 ./Drivers/STM32F7xx_HAL_Driver/Src/stm32f7xx_hal_pwr.o
 .debug_rnglists
                0x00000a00       0x67 ./Drivers/STM32F7xx_HAL_Driver/Src/stm32f7xx_hal_rcc.o
 .debug_rnglists
                0x00000a67       0x3c ./Drivers/STM32F7xx_HAL_Driver/Src/stm32f7xx_hal_rcc_ex.o
 .debug_rnglists
                0x00000aa3      0x328 ./Drivers/STM32F7xx_HAL_Driver/Src/stm32f7xx_hal_tim.o
 .debug_rnglists
                0x00000dcb      0x131 ./Drivers/STM32F7xx_HAL_Driver/Src/stm32f7xx_hal_tim_ex.o
 .debug_rnglists
                0x00000efc      0x1da ./Drivers/STM32F7xx_HAL_Driver/Src/stm32f7xx_hal_uart.o
 .debug_rnglists
                0x000010d6      0x147 ./Drivers/STM32F7xx_HAL_Driver/Src/stm32f7xx_ll_usb.o

.debug_macro    0x00000000    0x4809f
 .debug_macro   0x00000000      0x2f7 ./Core/Src/eth.o
 .debug_macro   0x000002f7      0xad8 ./Core/Src/eth.o
 .debug_macro   0x00000dcf      0x29f ./Core/Src/eth.o
 .debug_macro   0x0000106e       0x2e ./Core/Src/eth.o
 .debug_macro   0x0000109c       0x3b ./Core/Src/eth.o
 .debug_macro   0x000010d7       0x22 ./Core/Src/eth.o
 .debug_macro   0x000010f9       0x8e ./Core/Src/eth.o
 .debug_macro   0x00001187       0x51 ./Core/Src/eth.o
 .debug_macro   0x000011d8      0x103 ./Core/Src/eth.o
 .debug_macro   0x000012db       0x6a ./Core/Src/eth.o
 .debug_macro   0x00001345      0x1df ./Core/Src/eth.o
 .debug_macro   0x00001524       0x1c ./Core/Src/eth.o
 .debug_macro   0x00001540       0x22 ./Core/Src/eth.o
 .debug_macro   0x00001562       0xd9 ./Core/Src/eth.o
 .debug_macro   0x0000163b     0x12cd ./Core/Src/eth.o
 .debug_macro   0x00002908      0x11f ./Core/Src/eth.o
 .debug_macro   0x00002a27       0x19 ./Core/Src/eth.o
 .debug_macro   0x00002a40    0x19222 ./Core/Src/eth.o
 .debug_macro   0x0001bc62       0x6d ./Core/Src/eth.o
 .debug_macro   0x0001bccf     0x375e ./Core/Src/eth.o
 .debug_macro   0x0001f42d      0x190 ./Core/Src/eth.o
 .debug_macro   0x0001f5bd       0x63 ./Core/Src/eth.o
 .debug_macro   0x0001f620     0x18ad ./Core/Src/eth.o
 .debug_macro   0x00020ecd      0x6c4 ./Core/Src/eth.o
 .debug_macro   0x00021591      0x185 ./Core/Src/eth.o
 .debug_macro   0x00021716      0x115 ./Core/Src/eth.o
 .debug_macro   0x0002182b      0x1fd ./Core/Src/eth.o
 .debug_macro   0x00021a28       0xa5 ./Core/Src/eth.o
 .debug_macro   0x00021acd      0x24f ./Core/Src/eth.o
 .debug_macro   0x00021d1c       0x41 ./Core/Src/eth.o
 .debug_macro   0x00021d5d       0x58 ./Core/Src/eth.o
 .debug_macro   0x00021db5      0x236 ./Core/Src/eth.o
 .debug_macro   0x00021feb      0xb99 ./Core/Src/eth.o
 .debug_macro   0x00022b84      0x14e ./Core/Src/eth.o
 .debug_macro   0x00022cd2      0x25a ./Core/Src/eth.o
 .debug_macro   0x00022f2c       0x12 ./Core/Src/eth.o
 .debug_macro   0x00022f3e      0x22c ./Core/Src/eth.o
 .debug_macro   0x0002316a       0x61 ./Core/Src/eth.o
 .debug_macro   0x000231cb       0xa5 ./Core/Src/eth.o
 .debug_macro   0x00023270      0x12e ./Core/Src/eth.o
 .debug_macro   0x0002339e      0x108 ./Core/Src/eth.o
 .debug_macro   0x000234a6       0x35 ./Core/Src/eth.o
 .debug_macro   0x000234db      0xa83 ./Core/Src/eth.o
 .debug_macro   0x00023f5e       0x59 ./Core/Src/eth.o
 .debug_macro   0x00023fb7      0x56d ./Core/Src/eth.o
 .debug_macro   0x00024524       0x44 ./Core/Src/eth.o
 .debug_macro   0x00024568      0x2cb ./Core/Src/eth.o
 .debug_macro   0x00024833       0xba ./Core/Src/eth.o
 .debug_macro   0x000248ed      0x14d ./Core/Src/eth.o
 .debug_macro   0x00024a3a      0x16c ./Core/Src/eth.o
 .debug_macro   0x00024ba6       0x61 ./Core/Src/eth.o
 .debug_macro   0x00024c07       0x2a ./Core/Src/eth.o
 .debug_macro   0x00024c31       0x43 ./Core/Src/eth.o
 .debug_macro   0x00024c74       0x34 ./Core/Src/eth.o
 .debug_macro   0x00024ca8      0x370 ./Core/Src/eth.o
 .debug_macro   0x00025018       0x16 ./Core/Src/eth.o
 .debug_macro   0x0002502e       0x4a ./Core/Src/eth.o
 .debug_macro   0x00025078       0x34 ./Core/Src/eth.o
 .debug_macro   0x000250ac       0x10 ./Core/Src/eth.o
 .debug_macro   0x000250bc       0x58 ./Core/Src/eth.o
 .debug_macro   0x00025114       0x8e ./Core/Src/eth.o
 .debug_macro   0x000251a2       0x1c ./Core/Src/eth.o
 .debug_macro   0x000251be      0x185 ./Core/Src/eth.o
 .debug_macro   0x00025343       0x10 ./Core/Src/eth.o
 .debug_macro   0x00025353       0x3c ./Core/Src/eth.o
 .debug_macro   0x0002538f       0x20 ./Core/Src/eth.o
 .debug_macro   0x000253af      0x229 ./Core/Src/gpio.o
 .debug_macro   0x000255d8      0x229 ./Core/Src/i2c.o
 .debug_macro   0x00025801      0x228 ./Core/Src/lcd.o
 .debug_macro   0x00025a29       0x4c ./Core/Src/lcd.o
 .debug_macro   0x00025a75      0x172 ./Core/Src/lcd.o
 .debug_macro   0x00025be7      0x3f0 ./Core/Src/main.o
 .debug_macro   0x00025fd7       0x52 ./Core/Src/main.o
 .debug_macro   0x00026029       0x40 ./Core/Src/main.o
 .debug_macro   0x00026069       0x1c ./Core/Src/main.o
 .debug_macro   0x00026085       0x10 ./Core/Src/main.o
 .debug_macro   0x00026095       0x1c ./Core/Src/main.o
 .debug_macro   0x000260b1       0x16 ./Core/Src/main.o
 .debug_macro   0x000260c7      0x146 ./Core/Src/main.o
 .debug_macro   0x0002620d       0x16 ./Core/Src/main.o
 .debug_macro   0x00026223       0x16 ./Core/Src/main.o
 .debug_macro   0x00026239       0x29 ./Core/Src/main.o
 .debug_macro   0x00026262       0x22 ./Core/Src/main.o
 .debug_macro   0x00026284      0x33b ./Core/Src/ssd1306.o
 .debug_macro   0x000265bf       0x28 ./Core/Src/ssd1306.o
 .debug_macro   0x000265e7    0x19222 ./Core/Src/ssd1306.o
 .debug_macro   0x0003f809     0x3765 ./Core/Src/ssd1306.o
 .debug_macro   0x00042f6e      0xb99 ./Core/Src/ssd1306.o
 .debug_macro   0x00043b07      0xa83 ./Core/Src/ssd1306.o
 .debug_macro   0x0004458a      0x56d ./Core/Src/ssd1306.o
 .debug_macro   0x00044af7       0x44 ./Core/Src/ssd1306.o
 .debug_macro   0x00044b3b      0x19b ./Core/Src/ssd1306.o
 .debug_macro   0x00044cd6       0x16 ./Core/Src/ssd1306.o
 .debug_macro   0x00044cec      0x266 ./Core/Src/ssd1306_fonts.o
 .debug_macro   0x00044f52      0x21f ./Core/Src/stm32f7xx_hal_msp.o
 .debug_macro   0x00045171      0x229 ./Core/Src/stm32f7xx_it.o
 .debug_macro   0x0004539a      0x112 ./Core/Src/sysmem.o
 .debug_macro   0x000454ac      0x23c ./Core/Src/sysmem.o
 .debug_macro   0x000456e8      0x210 ./Core/Src/system_stm32f7xx.o
 .debug_macro   0x000458f8      0x229 ./Core/Src/tim.o
 .debug_macro   0x00045b21      0x229 ./Core/Src/usart.o
 .debug_macro   0x00045d4a      0x229 ./Core/Src/usb_otg.o
 .debug_macro   0x00045f73      0x234 ./Drivers/STM32F7xx_HAL_Driver/Src/stm32f7xx_hal.o
 .debug_macro   0x000461a7      0x210 ./Drivers/STM32F7xx_HAL_Driver/Src/stm32f7xx_hal_cortex.o
 .debug_macro   0x000463b7      0x2ea ./Drivers/STM32F7xx_HAL_Driver/Src/stm32f7xx_hal_eth.o
 .debug_macro   0x000466a1      0x216 ./Drivers/STM32F7xx_HAL_Driver/Src/stm32f7xx_hal_gpio.o
 .debug_macro   0x000468b7      0x2dc ./Drivers/STM32F7xx_HAL_Driver/Src/stm32f7xx_hal_i2c.o
 .debug_macro   0x00046b93      0x210 ./Drivers/STM32F7xx_HAL_Driver/Src/stm32f7xx_hal_i2c_ex.o
 .debug_macro   0x00046da3      0x21c ./Drivers/STM32F7xx_HAL_Driver/Src/stm32f7xx_hal_pcd.o
 .debug_macro   0x00046fbf      0x210 ./Drivers/STM32F7xx_HAL_Driver/Src/stm32f7xx_hal_pcd_ex.o
 .debug_macro   0x000471cf      0x22e ./Drivers/STM32F7xx_HAL_Driver/Src/stm32f7xx_hal_pwr.o
 .debug_macro   0x000473fd      0x234 ./Drivers/STM32F7xx_HAL_Driver/Src/stm32f7xx_hal_rcc.o
 .debug_macro   0x00047631      0x210 ./Drivers/STM32F7xx_HAL_Driver/Src/stm32f7xx_hal_rcc_ex.o
 .debug_macro   0x00047841      0x211 ./Drivers/STM32F7xx_HAL_Driver/Src/stm32f7xx_hal_tim.o
 .debug_macro   0x00047a52      0x210 ./Drivers/STM32F7xx_HAL_Driver/Src/stm32f7xx_hal_tim_ex.o
 .debug_macro   0x00047c62      0x22d ./Drivers/STM32F7xx_HAL_Driver/Src/stm32f7xx_hal_uart.o
 .debug_macro   0x00047e8f      0x210 ./Drivers/STM32F7xx_HAL_Driver/Src/stm32f7xx_ll_usb.o

.debug_line     0x00000000    0x1f469
 .debug_line    0x00000000      0x9e3 ./Core/Src/eth.o
 .debug_line    0x000009e3      0x82b ./Core/Src/gpio.o
 .debug_line    0x0000120e      0x90f ./Core/Src/i2c.o
 .debug_line    0x00001b1d      0x8c7 ./Core/Src/lcd.o
 .debug_line    0x000023e4     0x12b7 ./Core/Src/main.o
 .debug_line    0x0000369b     0x1229 ./Core/Src/ssd1306.o
 .debug_line    0x000048c4      0x8c6 ./Core/Src/ssd1306_fonts.o
 .debug_line    0x0000518a      0x7cf ./Core/Src/stm32f7xx_hal_msp.o
 .debug_line    0x00005959      0x87e ./Core/Src/stm32f7xx_it.o
 .debug_line    0x000061d7      0x588 ./Core/Src/sysmem.o
 .debug_line    0x0000675f      0x852 ./Core/Src/system_stm32f7xx.o
 .debug_line    0x00006fb1      0x8ad ./Core/Src/tim.o
 .debug_line    0x0000785e      0x859 ./Core/Src/usart.o
 .debug_line    0x000080b7      0x868 ./Core/Src/usb_otg.o
 .debug_line    0x0000891f       0x7a ./Core/Startup/startup_stm32f746zgtx.o