Archive member included to satisfy reference by file (symbol)

C:/ST/STM32CubeIDE_1.16.1/STM32CubeIDE/plugins/com.st.stm32cube.ide.mcu.externaltools.gnu-tools-for-stm32.12.3.rel1.win32_1.1.0.202410251130/tools/bin/../lib/gcc/arm-none-eabi/12.3.1/../../../../arm-none-eabi/lib/thumb/v7e-m+fp/hard\libc_nano.a(libc_a-exit.o)
                              C:/ST/STM32CubeIDE_1.16.1/STM32CubeIDE/plugins/com.st.stm32cube.ide.mcu.externaltools.gnu-tools-for-stm32.12.3.rel1.win32_1.1.0.202410251130/tools/bin/../lib/gcc/arm-none-eabi/12.3.1/../../../../arm-none-eabi/lib/thumb/v7e-m+fp/hard/crt0.o (exit)
C:/ST/STM32CubeIDE_1.16.1/STM32CubeIDE/plugins/com.st.stm32cube.ide.mcu.externaltools.gnu-tools-for-stm32.12.3.rel1.win32_1.1.0.202410251130/tools/bin/../lib/gcc/arm-none-eabi/12.3.1/../../../../arm-none-eabi/lib/thumb/v7e-m+fp/hard\libc_nano.a(libc_a-findfp.o)
                              C:/ST/STM32CubeIDE_1.16.1/STM32CubeIDE/plugins/com.st.stm32cube.ide.mcu.externaltools.gnu-tools-for-stm32.12.3.rel1.win32_1.1.0.202410251130/tools/bin/../lib/gcc/arm-none-eabi/12.3.1/../../../../arm-none-eabi/lib/thumb/v7e-m+fp/hard\libc_nano.a(libc_a-exit.o) (__stdio_exit_handler)
C:/ST/STM32CubeIDE_1.16.1/STM32CubeIDE/plugins/com.st.stm32cube.ide.mcu.externaltools.gnu-tools-for-stm32.12.3.rel1.win32_1.1.0.202410251130/tools/bin/../lib/gcc/arm-none-eabi/12.3.1/../../../../arm-none-eabi/lib/thumb/v7e-m+fp/hard\libc_nano.a(libc_a-fwalk.o)
                              C:/ST/STM32CubeIDE_1.16.1/STM32CubeIDE/plugins/com.st.stm32cube.ide.mcu.externaltools.gnu-tools-for-stm32.12.3.rel1.win32_1.1.0.202410251130/tools/bin/../lib/gcc/arm-none-eabi/12.3.1/../../../../arm-none-eabi/lib/thumb/v7e-m+fp/hard\libc_nano.a(libc_a-findfp.o) (_fwalk_sglue)
C:/ST/STM32CubeIDE_1.16.1/STM32CubeIDE/plugins/com.st.stm32cube.ide.mcu.externaltools.gnu-tools-for-stm32.12.3.rel1.win32_1.1.0.202410251130/tools/bin/../lib/gcc/arm-none-eabi/12.3.1/../../../../arm-none-eabi/lib/thumb/v7e-m+fp/hard\libc_nano.a(libc_a-snprintf.o)
                              ./Core/Src/main.o (snprintf)
C:/ST/STM32CubeIDE_1.16.1/STM32CubeIDE/plugins/com.st.stm32cube.ide.mcu.externaltools.gnu-tools-for-stm32.12.3.rel1.win32_1.1.0.202410251130/tools/bin/../lib/gcc/arm-none-eabi/12.3.1/../../../../arm-none-eabi/lib/thumb/v7e-m+fp/hard\libc_nano.a(libc_a-sprintf.o)
                              ./Core/Src/main.o (sprintf)
C:/ST/STM32CubeIDE_1.16.1/STM32CubeIDE/plugins/com.st.stm32cube.ide.mcu.externaltools.gnu-tools-for-stm32.12.3.rel1.win32_1.1.0.202410251130/tools/bin/../lib/gcc/arm-none-eabi/12.3.1/../../../../arm-none-eabi/lib/thumb/v7e-m+fp/hard\libc_nano.a(libc_a-stdio.o)
                              C:/ST/STM32CubeIDE_1.16.1/STM32CubeIDE/plugins/com.st.stm32cube.ide.mcu.externaltools.gnu-tools-for-stm32.12.3.rel1.win32_1.1.0.202410251130/tools/bin/../lib/gcc/arm-none-eabi/12.3.1/../../../../arm-none-eabi/lib/thumb/v7e-m+fp/hard\libc_nano.a(libc_a-findfp.o) (__sread)
C:/ST/STM32CubeIDE_1.16.1/STM32CubeIDE/plugins/com.st.stm32cube.ide.mcu.externaltools.gnu-tools-for-stm32.12.3.rel1.win32_1.1.0.202410251130/tools/bin/../lib/gcc/arm-none-eabi/12.3.1/../../../../arm-none-eabi/lib/thumb/v7e-m+fp/hard\libc_nano.a(libc_a-memset.o)
                              C:/ST/STM32CubeIDE_1.16.1/STM32CubeIDE/plugins/com.st.stm32cube.ide.mcu.externaltools.gnu-tools-for-stm32.12.3.rel1.win32_1.1.0.202410251130/tools/bin/../lib/gcc/arm-none-eabi/12.3.1/../../../../arm-none-eabi/lib/thumb/v7e-m+fp/hard/crt0.o (memset)
C:/ST/STM32CubeIDE_1.16.1/STM32CubeIDE/plugins/com.st.stm32cube.ide.mcu.externaltools.gnu-tools-for-stm32.12.3.rel1.win32_1.1.0.202410251130/tools/bin/../lib/gcc/arm-none-eabi/12.3.1/../../../../arm-none-eabi/lib/thumb/v7e-m+fp/hard\libc_nano.a(libc_a-closer.o)
                              C:/ST/STM32CubeIDE_1.16.1/STM32CubeIDE/plugins/com.st.stm32cube.ide.mcu.externaltools.gnu-tools-for-stm32.12.3.rel1.win32_1.1.0.202410251130/tools/bin/../lib/gcc/arm-none-eabi/12.3.1/../../../../arm-none-eabi/lib/thumb/v7e-m+fp/hard\libc_nano.a(libc_a-stdio.o) (_close_r)
C:/ST/STM32CubeIDE_1.16.1/STM32CubeIDE/plugins/com.st.stm32cube.ide.mcu.externaltools.gnu-tools-for-stm32.12.3.rel1.win32_1.1.0.202410251130/tools/bin/../lib/gcc/arm-none-eabi/12.3.1/../../../../arm-none-eabi/lib/thumb/v7e-m+fp/hard\libc_nano.a(libc_a-reent.o)
                              C:/ST/STM32CubeIDE_1.16.1/STM32CubeIDE/plugins/com.st.stm32cube.ide.mcu.externaltools.gnu-tools-for-stm32.12.3.rel1.win32_1.1.0.202410251130/tools/bin/../lib/gcc/arm-none-eabi/12.3.1/../../../../arm-none-eabi/lib/thumb/v7e-m+fp/hard\libc_nano.a(libc_a-closer.o) (errno)
C:/ST/STM32CubeIDE_1.16.1/STM32CubeIDE/plugins/com.st.stm32cube.ide.mcu.externaltools.gnu-tools-for-stm32.12.3.rel1.win32_1.1.0.202410251130/tools/bin/../lib/gcc/arm-none-eabi/12.3.1/../../../../arm-none-eabi/lib/thumb/v7e-m+fp/hard\libc_nano.a(libc_a-impure.o)
[...]
Memory Configuration

Name             Origin             Length             Attributes
RAM              0x20000000         0x00050000         xrw
FLASH            0x08000000         0x00100000         xr
*default*        0x00000000         0xffffffff

Linker script and memory map

LOAD C:/ST/STM32CubeIDE_1.16.1/STM32CubeIDE/plugins/com.st.stm32cube.ide.mcu.externaltools.gnu-tools-for-stm32.12.3.rel1.win32_1.1.0.202410251130/tools/bin/../lib/gcc/arm-none-eabi/12.3.1/thumb/v7e-m+fp/hard/crti.o
LOAD C:/ST/STM32CubeIDE_1.16.1/STM32CubeIDE/plugins/com.st.stm32cube.ide.mcu.externaltools.gnu-tools-for-stm32.12.3.rel1.win32_1.1.0.202410251130/tools/bin/../lib/gcc/arm-none-eabi/12.3.1/thumb/v7e-m+fp/hard/crtbegin.o
LOAD C:/ST/STM32CubeIDE_1.16.1/STM32CubeIDE/plugins/com.st.stm32cube.ide.mcu.externaltools.gnu-tools-for-stm32.12.3.rel1.win32_1.1.0.202410251130/tools/bin/../lib/gcc/arm-none-eabi/12.3.1/../../../../arm-none-eabi/lib/thumb/v7e-m+fp/hard/crt0.o
LOAD ./Core/Src/eth.o
LOAD ./Core/Src/gpio.o
LOAD ./Core/Src/i2c.o
LOAD ./Core/Src/lcd.o
LOAD ./Core/Src/main.o
LOAD ./Core/Src/stm32f7xx_hal_msp.o
LOAD ./Core/Src/stm32f7xx_it.o
LOAD ./Core/Src/syscalls.o
LOAD ./Core/Src/sysmem.o
LOAD ./Core/Src/system_stm32f7xx.o
LOAD ./Core/Src/tim.o
LOAD ./Core/Src/usart.o
LOAD ./Core/Src/usb_otg.o
LOAD ./Core/Startup/startup_stm32f746zgtx.o
LOAD ./Drivers/STM32F7xx_HAL_Driver/Src/stm32f7xx_hal.o
LOAD ./Drivers/STM32F7xx_HAL_Driver/Src/stm32f7xx_hal_cortex.o
LOAD ./Drivers/STM32F7xx_HAL_Driver/Src/stm32f7xx_hal_dma.o
LOAD ./Drivers/STM32F7xx_HAL_Driver/Src/stm32f7xx_hal_dma_ex.o
LOAD ./Drivers/STM32F7xx_HAL_Driver/Src/stm32f7xx_hal_eth.o
LOAD ./Drivers/STM32F7xx_HAL_Driver/Src/stm32f7xx_hal_exti.o
LOAD ./Drivers/STM32F7xx_HAL_Driver/Src/stm32f7xx_hal_flash.o
LOAD ./Drivers/STM32F7xx_HAL_Driver/Src/stm32f7xx_hal_flash_ex.o
LOAD ./Drivers/STM32F7xx_HAL_Driver/Src/stm32f7xx_hal_gpio.o
LOAD ./Drivers/STM32F7xx_HAL_Driver/Src/stm32f7xx_hal_i2c.o
LOAD ./Drivers/STM32F7xx_HAL_Driver/Src/stm32f7xx_hal_i2c_ex.o
LOAD ./Drivers/STM32F7xx_HAL_Driver/Src/stm32f7xx_hal_pcd.o
LOAD ./Drivers/STM32F7xx_HAL_Driver/Src/stm32f7xx_hal_pcd_ex.o
LOAD ./Drivers/STM32F7xx_HAL_Driver/Src/stm32f7xx_hal_pwr.o
LOAD ./Drivers/STM32F7xx_HAL_Driver/Src/stm32f7xx_hal_pwr_ex.o
LOAD ./Drivers/STM32F7xx_HAL_Driver/Src/stm32f7xx_hal_rcc.o
LOAD ./Drivers/STM32F7xx_HAL_Driver/Src/stm32f7xx_hal_rcc_ex.o
LOAD ./Drivers/STM32F7xx_HAL_Driver/Src/stm32f7xx_hal_tim.o
LOAD ./Drivers/STM32F7xx_HAL_Driver/Src/stm32f7xx_hal_tim_ex.o
LOAD ./Drivers/STM32F7xx_HAL_Driver/Src/stm32f7xx_hal_uart.o
LOAD ./Drivers/STM32F7xx_HAL_Driver/Src/stm32f7xx_hal_uart_ex.o
LOAD ./Drivers/STM32F7xx_HAL_Driver/Src/stm32f7xx_ll_usb.o
START GROUP
LOAD C:/ST/STM32CubeIDE_1.16.1/STM32CubeIDE/plugins/com.st.stm32cube.ide.mcu.externaltools.gnu-tools-for-stm32.12.3.rel1.win32_1.1.0.202410251130/tools/bin/../lib/gcc/arm-none-eabi/12.3.1/../../../../arm-none-eabi/lib/thumb/v7e-m+fp/hard\libc_nano.a
LOAD C:/ST/STM32CubeIDE_1.16.1/STM32CubeIDE/plugins/com.st.stm32cube.ide.mcu.externaltools.gnu-tools-for-stm32.12.3.rel1.win32_1.1.0.202410251130/tools/bin/../lib/gcc/arm-none-eabi/12.3.1/../../../../arm-none-eabi/lib/thumb/v7e-m+fp/hard\libm.a
END GROUP
START GROUP
LOAD C:/ST/STM32CubeIDE_1.16.1/STM32CubeIDE/plugins/com.st.stm32cube.ide.mcu.externaltools.gnu-tools-for-stm32.12.3.rel1.win32_1.1.0.202410251130/tools/bin/../lib/gcc/arm-none-eabi/12.3.1/thumb/v7e-m+fp/hard\libgcc.a
LOAD C:/ST/STM32CubeIDE_1.16.1/STM32CubeIDE/plugins/com.st.stm32cube.ide.mcu.externaltools.gnu-tools-for-stm32.12.3.rel1.win32_1.1.0.202410251130/tools/bin/../lib/gcc/arm-none-eabi/12.3.1/../../../../arm-none-eabi/lib/thumb/v7e-m+fp/hard\libc_nano.a
END GROUP
START GROUP
LOAD C:/ST/STM32CubeIDE_1.16.1/STM32CubeIDE/plugins/com.st.stm32cube.ide.mcu.externaltools.gnu-tools-for-stm32.12.3.rel1.win32_1.1.0.202410251130/tools/bin/../lib/gcc/arm-none-eabi/12.3.1/thumb/v7e-m+fp/hard\libgcc.a
LOAD C:/ST/STM32CubeIDE_1.16.1/STM32CubeIDE/plugins/com.st.stm32cube.ide.mcu.externaltools.gnu-tools-for-stm32.12.3.rel1.win32_1.1.0.202410251130/tools/bin/../lib/gcc/arm-none-eabi/12.3.1/../../../../arm-none-eabi/lib/thumb/v7e-m+fp/hard\libc_nano.a
LOAD C:/ST/STM32CubeIDE_1.16.1/STM32CubeIDE/plugins/com.st.stm32cube.ide.mcu.externaltools.gnu-tools-for-stm32.12.3.rel1.win32_1.1.0.202410251130/tools/bin/../lib/gcc/arm-none-eabi/12.3.1/../../../../arm-none-eabi/lib/thumb/v7e-m+fp/hard\libnosys.a
END GROUP
START GROUP
LOAD C:/ST/STM32CubeIDE_1.16.1/STM32CubeIDE/plugins/com.st.stm32cube.ide.mcu.externaltools.gnu-tools-for-stm32.12.3.rel1.win32_1.1.0.202410251130/tools/bin/../lib/gcc/arm-none-eabi/12.3.1/thumb/v7e-m+fp/hard\libgcc.a
LOAD C:/ST/STM32CubeIDE_1.16.1/STM32CubeIDE/plugins/com.st.stm32cube.ide.mcu.externaltools.gnu-tools-for-stm32.12.3.rel1.win32_1.1.0.202410251130/tools/bin/../lib/gcc/arm-none-eabi/12.3.1/../../../../arm-none-eabi/lib/thumb/v7e-m+fp/hard\libc_nano.a
LOAD C:/ST/STM32CubeIDE_1.16.1/STM32CubeIDE/plugins/com.st.stm32cube.ide.mcu.externaltools.gnu-tools-for-stm32.12.3.rel1.win32_1.1.0.202410251130/tools/bin/../lib/gcc/arm-none-eabi/12.3.1/../../../../arm-none-eabi/lib/thumb/v7e-m+fp/hard\libnosys.a
END GROUP
LOAD C:/ST/STM32CubeIDE_1.16.1/STM32CubeIDE/plugins/com.st.stm32cube.ide.mcu.externaltools.gnu-tools-for-stm32.12.3.rel1.win32_1.1.0.202410251130/tools/bin/../lib/gcc/arm-none-eabi/12.3.1/thumb/v7e-m+fp/hard/crtend.o
LOAD C:/ST/STM32CubeIDE_1.16.1/STM32CubeIDE/plugins/com.st.stm32cube.ide.mcu.externaltools.gnu-tools-for-stm32.12.3.rel1.win32_1.1.0.202410251130/tools/bin/../lib/gcc/arm-none-eabi/12.3.1/thumb/v7e-m+fp/hard/crtn.o
                0x20050000                        _estack = (ORIGIN (RAM) + LENGTH (RAM))
                0x00000200                        _Min_Heap_Size = 0x200
                0x00000400                        _Min_Stack_Size = 0x400

.isr_vector     0x08000000      0x1c8
                0x08000000                        . = ALIGN (0x4)
 *(.isr_vector)
 .isr_vector    0x08000000      0x1c8 ./Core/Startup/startup_stm32f746zgtx.o
                0x08000000                g_pfnVectors
                0x080001c8                        . = ALIGN (0x4)

.text           0x080001d0     0x76f8
                0x080001d0                        . = ALIGN (0x4)
 *(.text)
 .text          0x080001d0       0x40 C:/ST/STM32CubeIDE_1.16.1/STM32CubeIDE/plugins/com.st.stm32cube.ide.mcu.externaltools.gnu-tools-for-stm32.12.3.rel1.win32_1.1.0.202410251130/tools/bin/../lib/gcc/arm-none-eabi/12.3.1/thumb/v7e-m+fp/hard/crtbegin.o
 .text          0x08000210       0x10 C:/ST/STM32CubeIDE_1.16.1/STM32CubeIDE/plugins/com.st.stm32cube.ide.mcu.externaltools.gnu-tools-for-stm32.12.3.rel1.win32_1.1.0.202410251130/tools/bin/../lib/gcc/arm-none-eabi/12.3.1/../../../../arm-none-eabi/lib/thumb/v7e-m+fp/hard\libc_nano.a(libc_a-strlen.o)
                0x08000210                strlen
 .text          0x08000220       0xa0 C:/ST/STM32CubeIDE_1.16.1/STM32CubeIDE/plugins/com.st.stm32cube.ide.mcu.externaltools.gnu-tools-for-stm32.12.3.rel1.win32_1.1.0.202410251130/tools/bin/../lib/gcc/arm-none-eabi/12.3.1/../../../../arm-none-eabi/lib/thumb/v7e-m+fp/hard\libc_nano.a(libc_a-memchr.o)
                0x08000220                memchr
 .text          0x080002c0       0x30 C:/ST/STM32CubeIDE_1.16.1/STM32CubeIDE/plugins/com.st.stm32cube.ide.mcu.externaltools.gnu-tools-for-stm32.12.3.rel1.win32_1.1.0.202410251130/tools/bin/../lib/gcc/arm-none-eabi/12.3.1/thumb/v7e-m+fp/hard\libgcc.a(_aeabi_uldivmod.o)
                0x080002c0                __aeabi_uldivmod
 .text          0x080002f0      0x2bc C:/ST/STM32CubeIDE_1.16.1/STM32CubeIDE/plugins/com.st.stm32cube.ide.mcu.externaltools.gnu-tools-for-stm32.12.3.rel1.win32_1.1.0.202410251130/tools/bin/../lib/gcc/arm-none-eabi/12.3.1/thumb/v7e-m+fp/hard\libgcc.a(_udivmoddi4.o)
                0x080002f0                __udivmoddi4
 .text          0x080005ac        0x4 C:/ST/STM32CubeIDE_1.16.1/STM32CubeIDE/plugins/com.st.stm32cube.ide.mcu.externaltools.gnu-tools-for-stm32.12.3.rel1.win32_1.1.0.202410251130/tools/bin/../lib/gcc/arm-none-eabi/12.3.1/thumb/v7e-m+fp/hard\libgcc.a(_dvmd_tls.o)
                0x080005ac                __aeabi_idiv0
                0x080005ac                __aeabi_ldiv0
 *(.text*)
 .text.MX_ETH_Init
                0x080005b0       0x9c ./Core/Src/eth.o
                0x080005b0                MX_ETH_Init
 .text.HAL_ETH_MspInit
                0x0800064c      0x170 ./Core/Src/eth.o
                0x0800064c                HAL_ETH_MspInit
 .text.MX_GPIO_Init
                0x080007bc      0x1e4 ./Core/Src/gpio.o
                0x080007bc                MX_GPIO_Init
 .text.MX_I2C1_Init
                0x080009a0       0x80 ./Core/Src/i2c.o
                0x080009a0                MX_I2C1_Init
 .text.HAL_I2C_MspInit
                0x08000a20       0xc0 ./Core/Src/i2c.o
                0x08000a20                HAL_I2C_MspInit
 .text.LCD_Enable_Pulse
                0x08000ae0       0x2c ./Core/Src/lcd.o
                0x08000ae0                LCD_Enable_Pulse
 .text.LCD_Send_4Bits
                0x08000b0c       0x74 ./Core/Src/lcd.o
                0x08000b0c                LCD_Send_4Bits
 .text.LCD_Send_Command
                0x08000b80       0x40 ./Core/Src/lcd.o
                0x08000b80                LCD_Send_Command
 .text.LCD_Write_Char
                0x08000bc0       0x40 ./Core/Src/lcd.o
                0x08000bc0                LCD_Write_Char
 .text.LCD_Init
                0x08000c00       0x8c ./Core/Src/lcd.o
                0x08000c00                LCD_Init
 .text.LCD_Clear
                0x08000c8c       0x14 ./Core/Src/lcd.o
                0x08000c8c                LCD_Clear
 .text.LCD_Set_Cursor
                0x08000ca0       0x3c ./Core/Src/lcd.o
                0x08000ca0                LCD_Set_Cursor
 .text.LCD_Send_String
                0x08000cdc       0x2a ./Core/Src/lcd.o
                0x08000cdc                LCD_Send_String
 *fill*         0x08000d06        0x2 
 .text.ISL29125_Init
                0x08000d08       0x84 ./Core/Src/main.o
                0x08000d08                ISL29125_Init
 .text.ISL29125_ReadColor
                0x08000d8c       0x90 ./Core/Src/main.o
                0x08000d8c                ISL29125_ReadColor
 .text.map_value
                0x08000e1c       0x4a ./Core/Src/main.o
                0x08000e1c                map_value
 *fill*         0x08000e66        0x2 
 .text.PWM_Config
                0x08000e68       0x80 ./Core/Src/main.o
                0x08000e68                PWM_Config
 .text.high_mode_Config
                0x08000ee8       0x44 ./Core/Src/main.o
                0x08000ee8                high_mode_Config
 .text.normal_mode_Config
                0x08000f2c       0x8c ./Core/Src/main.o
                0x08000f2c                normal_mode_Config
 .text.rewrite_previous_temp_buffer
                0x08000fb8       0x40 ./Core/Src/main.o
                0x08000fb8                rewrite_previous_temp_buffer
 .text.check_mode_normal
                0x08000ff8       0x48 ./Core/Src/main.o
                0x08000ff8                check_mode_normal
 .text.check_mode_high
                0x08001040       0x48 ./Core/Src/main.o
                0x08001040                check_mode_high
 .text.check_help
                0x08001088       0x48 ./Core/Src/main.o
                0x08001088                check_help
 .text.main     0x080010d0      0xa5c ./Core/Src/main.o
                0x080010d0                main
 .text.SystemClock_Config
                0x08001b2c       0xd0 ./Core/Src/main.o
                0x08001b2c                SystemClock_Config
 .text.I2C_Scan
                0x08001bfc       0x98 ./Core/Src/main.o
                0x08001bfc                I2C_Scan
 .text.Error_Handler
                0x08001c94        0xc ./Core/Src/main.o
                0x08001c94                Error_Handler
 .text.HAL_MspInit
                0x08001ca0       0x48 ./Core/Src/stm32f7xx_hal_msp.o
                0x08001ca0                HAL_MspInit
 .text.NMI_Handler
                0x08001ce8        0x8 ./Core/Src/stm32f7xx_it.o
                0x08001ce8                NMI_Handler
 .text.HardFault_Handler
                0x08001cf0        0x8 ./Core/Src/stm32f7xx_it.o
                0x08001cf0                HardFault_Handler
 .text.MemManage_Handler
                0x08001cf8        0x8 ./Core/Src/stm32f7xx_it.o
                0x08001cf8                MemManage_Handler
 .text.BusFault_Handler
                0x08001d00        0x8 ./Core/Src/stm32f7xx_it.o
                0x08001d00                BusFault_Handler
 .text.UsageFault_Handler
                0x08001d08        0x8 ./Core/Src/stm32f7xx_it.o
                0x08001d08                UsageFault_Handler
 .text.SVC_Handler
                0x08001d10        0xe ./Core/Src/stm32f7xx_it.o
                0x08001d10                SVC_Handler
 .text.DebugMon_Handler
                0x08001d1e        0xe ./Core/Src/stm32f7xx_it.o
                0x08001d1e                DebugMon_Handler
 .text.PendSV_Handler
                0x08001d2c        0xe ./Core/Src/stm32f7xx_it.o
                0x08001d2c                PendSV_Handler
 .text.SysTick_Handler
                0x08001d3a        0xc ./Core/Src/stm32f7xx_it.o
                0x08001d3a                SysTick_Handler
 *fill*         0x08001d46        0x2 
 .text._sbrk    0x08001d48       0x6c ./Core/Src/sysmem.o
                0x08001d48                _sbrk
 .text.SystemInit
                0x08001db4       0x24 ./Core/Src/system_stm32f7xx.o
                0x08001db4                SystemInit
 .text.MX_TIM3_Init
                0x08001dd8       0xe8 ./Core/Src/tim.o
                0x08001dd8                MX_TIM3_Init
 .text.HAL_TIM_PWM_MspInit
                0x08001ec0       0x40 ./Core/Src/tim.o
                0x08001ec0                HAL_TIM_PWM_MspInit
 .text.HAL_TIM_MspPostInit
                0x08001f00       0xac ./Core/Src/tim.o
                0x08001f00                HAL_TIM_MspPostInit
 .text.MX_USART3_UART_Init
                0x08001fac       0x60 ./Core/Src/usart.o
                0x08001fac                MX_USART3_UART_Init
 .text.HAL_UART_MspInit
                0x0800200c       0xc0 ./Core/Src/usart.o
                0x0800200c                HAL_UART_MspInit
 .text.MX_USB_OTG_FS_PCD_Init
                0x080020cc       0x5c ./Core/Src/usb_otg.o
                0x080020cc                MX_USB_OTG_FS_PCD_Init
 .text.HAL_PCD_MspInit
                0x08002128       0xf4 ./Core/Src/usb_otg.o
                0x08002128                HAL_PCD_MspInit
 .text.Reset_Handler
                0x0800221c       0x50 ./Core/Startup/startup_stm32f746zgtx.o
                0x0800221c                Reset_Handler
 .text.Default_Handler
                0x0800226c        0x2 ./Core/Startup/startup_stm32f746zgtx.o
                0x0800226c                RTC_Alarm_IRQHandler
                0x0800226c                EXTI2_IRQHandler
                0x0800226c                TIM8_CC_IRQHandler
                0x0800226c                UART8_IRQHandler
                0x0800226c                SPI4_IRQHandler
                0x0800226c                TIM1_CC_IRQHandler
                0x0800226c                DMA2_Stream5_IRQHandler
                0x0800226c                DMA1_Stream5_IRQHandler
                0x0800226c                PVD_IRQHandler
                0x0800226c                TAMP_STAMP_IRQHandler
                0x0800226c                CAN2_RX1_IRQHandler
                0x0800226c                EXTI3_IRQHandler
                0x0800226c                TIM8_TRG_COM_TIM14_IRQHandler
                0x0800226c                TIM1_UP_TIM10_IRQHandler
                0x0800226c                TIM8_UP_TIM13_IRQHandler
                0x0800226c                I2C3_ER_IRQHandler
                0x0800226c                EXTI0_IRQHandler
                0x0800226c                I2C2_EV_IRQHandler
                0x0800226c                DMA1_Stream2_IRQHandler
                0x0800226c                CAN1_RX0_IRQHandler
                0x0800226c                FPU_IRQHandler
                0x0800226c                OTG_HS_WKUP_IRQHandler
                0x0800226c                LTDC_ER_IRQHandler
                0x0800226c                CAN2_SCE_IRQHandler
                0x0800226c                DMA2_Stream2_IRQHandler
                0x0800226c                SPI1_IRQHandler
                0x0800226c                TIM6_DAC_IRQHandler
                0x0800226c                TIM1_BRK_TIM9_IRQHandler
                0x0800226c                DCMI_IRQHandler
                0x0800226c                CAN2_RX0_IRQHandler
                0x0800226c                DMA2_Stream3_IRQHandler
                0x0800226c                SAI2_IRQHandler
                0x0800226c                USART6_IRQHandler
                0x0800226c                USART3_IRQHandler
                0x0800226c                CAN1_RX1_IRQHandler
                0x0800226c                UART5_IRQHandler
                0x0800226c                DMA2_Stream0_IRQHandler
                0x0800226c                TIM4_IRQHandler
                0x0800226c                QUADSPI_IRQHandler
                0x0800226c                I2C1_EV_IRQHandler
                0x0800226c                DMA1_Stream6_IRQHandler
                0x0800226c                DMA1_Stream1_IRQHandler
                0x0800226c                UART4_IRQHandler
                0x0800226c                TIM3_IRQHandler
                0x0800226c                RCC_IRQHandler
                0x0800226c                TIM8_BRK_TIM12_IRQHandler
                0x0800226c                Default_Handler
                0x0800226c                CEC_IRQHandler
                0x0800226c                EXTI15_10_IRQHandler
                0x0800226c                ADC_IRQHandler
                0x0800226c                DMA1_Stream7_IRQHandler
                0x0800226c                SPI5_IRQHandler
                0x0800226c                TIM7_IRQHandler
                0x0800226c                SDMMC1_IRQHandler
                0x0800226c                CAN2_TX_IRQHandler
                0x0800226c                TIM5_IRQHandler
                0x0800226c                DMA2_Stream7_IRQHandler
                0x0800226c                I2C3_EV_IRQHandler
                0x0800226c                EXTI9_5_IRQHandler
                0x0800226c                RTC_WKUP_IRQHandler
                0x0800226c                LTDC_IRQHandler
                0x0800226c                ETH_WKUP_IRQHandler
                0x0800226c                SPDIF_RX_IRQHandler
                0x0800226c                SPI2_IRQHandler
                0x0800226c                OTG_HS_EP1_IN_IRQHandler
                0x0800226c                DMA1_Stream0_IRQHandler
                0x0800226c                CAN1_TX_IRQHandler
                0x0800226c                EXTI4_IRQHandler
                0x0800226c                RNG_IRQHandler
                0x0800226c                ETH_IRQHandler
                0x0800226c                OTG_HS_EP1_OUT_IRQHandler
                0x0800226c                WWDG_IRQHandler
                0x0800226c                SPI6_IRQHandler
                0x0800226c                I2C4_EV_IRQHandler
                0x0800226c                TIM2_IRQHandler
                0x0800226c                OTG_FS_WKUP_IRQHandler
                0x0800226c                TIM1_TRG_COM_TIM11_IRQHandler
                0x0800226c                OTG_HS_IRQHandler
                0x0800226c                DMA2D_IRQHandler
                0x0800226c                EXTI1_IRQHandler
                0x0800226c                UART7_IRQHandler
                0x0800226c                USART2_IRQHandler
                0x0800226c                I2C2_ER_IRQHandler
                0x0800226c                DMA2_Stream1_IRQHandler
                0x0800226c                CAN1_SCE_IRQHandler
                0x0800226c                FLASH_IRQHandler
                0x0800226c                DMA2_Stream4_IRQHandler
                0x0800226c                USART1_IRQHandler
                0x0800226c                OTG_FS_IRQHandler
                0x0800226c                SPI3_IRQHandler
                0x0800226c                DMA1_Stream4_IRQHandler
                0x0800226c                I2C1_ER_IRQHandler
                0x0800226c                FMC_IRQHandler
                0x0800226c                LPTIM1_IRQHandler
                0x0800226c                I2C4_ER_IRQHandler
                0x0800226c                DMA2_Stream6_IRQHandler
                0x0800226c                SAI1_IRQHandler
                0x0800226c                DMA1_Stream3_IRQHandler
 .text.HAL_Init
                0x0800226e       0x1a ./Drivers/STM32F7xx_HAL_Driver/Src/stm32f7xx_hal.o
                0x0800226e                HAL_Init
 .text.HAL_InitTick
                0x08002288       0x60 ./Drivers/STM32F7xx_HAL_Driver/Src/stm32f7xx_hal.o
                0x08002288                HAL_InitTick
 .text.HAL_IncTick
                0x080022e8       0x28 ./Drivers/STM32F7xx_HAL_Driver/Src/stm32f7xx_hal.o
                0x080022e8                HAL_IncTick
 .text.HAL_GetTick
                0x08002310       0x18 ./Drivers/STM32F7xx_HAL_Driver/Src/stm32f7xx_hal.o
                0x08002310                HAL_GetTick
 .text.HAL_Delay
                0x08002328       0x48 ./Drivers/STM32F7xx_HAL_Driver/Src/stm32f7xx_hal.o
                0x08002328                HAL_Delay
 .text.__NVIC_SetPriorityGrouping
                0x08002370       0x48 ./Drivers/STM32F7xx_HAL_Driver/Src/stm32f7xx_hal_cortex.o
 .text.__NVIC_GetPriorityGrouping
                0x080023b8       0x1c ./Drivers/STM32F7xx_HAL_Driver/Src/stm32f7xx_hal_cortex.o
 .text.__NVIC_SetPriority
                0x080023d4       0x54 ./Drivers/STM32F7xx_HAL_Driver/Src/stm32f7xx_hal_cortex.o
 .text.NVIC_EncodePriority
                0x08002428       0x66 ./Drivers/STM32F7xx_HAL_Driver/Src/stm32f7xx_hal_cortex.o
 *fill*         0x0800248e        0x2 
 .text.SysTick_Config
                0x08002490       0x44 ./Drivers/STM32F7xx_HAL_Driver/Src/stm32f7xx_hal_cortex.o
 .text.HAL_NVIC_SetPriorityGrouping
                0x080024d4       0x16 ./Drivers/STM32F7xx_HAL_Driver/Src/stm32f7xx_hal_cortex.o
                0x080024d4                HAL_NVIC_SetPriorityGrouping
 .text.HAL_NVIC_SetPriority
                0x080024ea       0x38 ./Drivers/STM32F7xx_HAL_Driver/Src/stm32f7xx_hal_cortex.o
                0x080024ea                HAL_NVIC_SetPriority
 .text.HAL_SYSTICK_Config
                0x08002522       0x18 ./Drivers/STM32F7xx_HAL_Driver/Src/stm32f7xx_hal_cortex.o
                0x08002522                HAL_SYSTICK_Config
 *fill*         0x0800253a        0x2 
 .text.HAL_ETH_Init
                0x0800253c      0x134 ./Drivers/STM32F7xx_HAL_Driver/Src/stm32f7xx_hal_eth.o
                0x0800253c                HAL_ETH_Init
 .text.ETH_SetMACConfig
                0x08002670      0x168 ./Drivers/STM32F7xx_HAL_Driver/Src/stm32f7xx_hal_eth.o
 .text.ETH_SetDMAConfig
                0x080027d8      0x114 ./Drivers/STM32F7xx_HAL_Driver/Src/stm32f7xx_hal_eth.o
 .text.ETH_MACDMAConfig
                0x080028ec       0xea ./Drivers/STM32F7xx_HAL_Driver/Src/stm32f7xx_hal_eth.o
 *fill*         0x080029d6        0x2 
 .text.ETH_MACAddressConfig
                0x080029d8       0x70 ./Drivers/STM32F7xx_HAL_Driver/Src/stm32f7xx_hal_eth.o
 .text.ETH_DMATxDescListInit
                0x08002a48       0xb2 ./Drivers/STM32F7xx_HAL_Driver/Src/stm32f7xx_hal_eth.o
 .text.ETH_DMARxDescListInit
                0x08002afa       0xde ./Drivers/STM32F7xx_HAL_Driver/Src/stm32f7xx_hal_eth.o
 .text.HAL_GPIO_Init
                0x08002bd8      0x358 ./Drivers/STM32F7xx_HAL_Driver/Src/stm32f7xx_hal_gpio.o
                0x08002bd8                HAL_GPIO_Init
 .text.HAL_GPIO_ReadPin
                0x08002f30       0x30 ./Drivers/STM32F7xx_HAL_Driver/Src/stm32f7xx_hal_gpio.o
                0x08002f30                HAL_GPIO_ReadPin
 .text.HAL_GPIO_WritePin
                0x08002f60       0x32 ./Drivers/STM32F7xx_HAL_Driver/Src/stm32f7xx_hal_gpio.o
                0x08002f60                HAL_GPIO_WritePin
 *fill*         0x08002f92        0x2 
 .text.HAL_I2C_Init
                0x08002f94      0x138 ./Drivers/STM32F7xx_HAL_Driver/Src/stm32f7xx_hal_i2c.o
                0x08002f94                HAL_I2C_Init
 .text.HAL_I2C_Master_Transmit
                0x080030cc      0x230 ./Drivers/STM32F7xx_HAL_Driver/Src/stm32f7xx_hal_i2c.o
                0x080030cc                HAL_I2C_Master_Transmit
 .text.HAL_I2C_Master_Receive
                0x080032fc      0x1ec ./Drivers/STM32F7xx_HAL_Driver/Src/stm32f7xx_hal_i2c.o
                0x080032fc                HAL_I2C_Master_Receive
 .text.HAL_I2C_IsDeviceReady
                0x080034e8      0x1d8 ./Drivers/STM32F7xx_HAL_Driver/Src/stm32f7xx_hal_i2c.o
                0x080034e8                HAL_I2C_IsDeviceReady
 .text.I2C_Flush_TXDR
                0x080036c0       0x48 ./Drivers/STM32F7xx_HAL_Driver/Src/stm32f7xx_hal_i2c.o
 .text.I2C_WaitOnFlagUntilTimeout
                0x08003708       0xb2 ./Drivers/STM32F7xx_HAL_Driver/Src/stm32f7xx_hal_i2c.o
 .text.I2C_WaitOnTXISFlagUntilTimeout
                0x080037ba       0x8e ./Drivers/STM32F7xx_HAL_Driver/Src/stm32f7xx_hal_i2c.o
 .text.I2C_WaitOnSTOPFlagUntilTimeout
                0x08003848       0x86 ./Drivers/STM32F7xx_HAL_Driver/Src/stm32f7xx_hal_i2c.o
 *fill*         0x080038ce        0x2 
 .text.I2C_WaitOnRXNEFlagUntilTimeout
                0x080038d0      0x118 ./Drivers/STM32F7xx_HAL_Driver/Src/stm32f7xx_hal_i2c.o
 .text.I2C_IsErrorOccurred
                0x080039e8      0x1c0 ./Drivers/STM32F7xx_HAL_Driver/Src/stm32f7xx_hal_i2c.o
 .text.I2C_TransferConfig
                0x08003ba8       0x64 ./Drivers/STM32F7xx_HAL_Driver/Src/stm32f7xx_hal_i2c.o
 .text.HAL_I2CEx_ConfigAnalogFilter
                0x08003c0c       0x96 ./Drivers/STM32F7xx_HAL_Driver/Src/stm32f7xx_hal_i2c_ex.o
                0x08003c0c                HAL_I2CEx_ConfigAnalogFilter
 .text.HAL_I2CEx_ConfigDigitalFilter
                0x08003ca2       0x98 ./Drivers/STM32F7xx_HAL_Driver/Src/stm32f7xx_hal_i2c_ex.o
                0x08003ca2                HAL_I2CEx_ConfigDigitalFilter
 .text.HAL_PCD_Init
                0x08003d3a      0x22c ./Drivers/STM32F7xx_HAL_Driver/Src/stm32f7xx_hal_pcd.o
                0x08003d3a                HAL_PCD_Init
 *fill*         0x08003f66        0x2 
 .text.HAL_PCDEx_ActivateLPM
                0x08003f68       0x48 ./Drivers/STM32F7xx_HAL_Driver/Src/stm32f7xx_hal_pcd_ex.o
                0x08003f68                HAL_PCDEx_ActivateLPM
 .text.HAL_PWR_EnableBkUpAccess
                0x08003fb0       0x20 ./Drivers/STM32F7xx_HAL_Driver/Src/stm32f7xx_hal_pwr.o
                0x08003fb0                HAL_PWR_EnableBkUpAccess
 .text.HAL_RCC_OscConfig
                0x08003fd0      0x548 ./Drivers/STM32F7xx_HAL_Driver/Src/stm32f7xx_hal_rcc.o
                0x08003fd0                HAL_RCC_OscConfig
 .text.HAL_RCC_ClockConfig
                0x08004518      0x1d8 ./Drivers/STM32F7xx_HAL_Driver/Src/stm32f7xx_hal_rcc.o
                0x08004518                HAL_RCC_ClockConfig
 .text.HAL_RCC_GetSysClockFreq
                0x080046f0      0x20c ./Drivers/STM32F7xx_HAL_Driver/Src/stm32f7xx_hal_rcc.o
                0x080046f0                HAL_RCC_GetSysClockFreq
 .text.HAL_RCC_GetHCLKFreq
                0x080048fc       0x18 ./Drivers/STM32F7xx_HAL_Driver/Src/stm32f7xx_hal_rcc.o
                0x080048fc                HAL_RCC_GetHCLKFreq
 .text.HAL_RCC_GetPCLK1Freq
                0x08004914       0x28 ./Drivers/STM32F7xx_HAL_Driver/Src/stm32f7xx_hal_rcc.o
                0x08004914                HAL_RCC_GetPCLK1Freq
 .text.HAL_RCC_GetPCLK2Freq
                0x0800493c       0x28 ./Drivers/STM32F7xx_HAL_Driver/Src/stm32f7xx_hal_rcc.o
                0x0800493c                HAL_RCC_GetPCLK2Freq
 .text.HAL_RCCEx_PeriphCLKConfig
                0x08004964      0x7e0 ./Drivers/STM32F7xx_HAL_Driver/Src/stm32f7xx_hal_rcc_ex.o
                0x08004964                HAL_RCCEx_PeriphCLKConfig
 .text.HAL_TIM_PWM_Init
                0x08005144       0xae ./Drivers/STM32F7xx_HAL_Driver/Src/stm32f7xx_hal_tim.o
                0x08005144                HAL_TIM_PWM_Init
 *fill*         0x080051f2        0x2 
 .text.HAL_TIM_PWM_Start
                0x080051f4      0x1f4 ./Drivers/STM32F7xx_HAL_Driver/Src/stm32f7xx_hal_tim.o
                0x080051f4                HAL_TIM_PWM_Start
 .text.HAL_TIM_PWM_ConfigChannel
                0x080053e8      0x228 ./Drivers/STM32F7xx_HAL_Driver/Src/stm32f7xx_hal_tim.o
                0x080053e8                HAL_TIM_PWM_ConfigChannel
 .text.TIM_Base_SetConfig
                0x08005610      0x158 ./Drivers/STM32F7xx_HAL_Driver/Src/stm32f7xx_hal_tim.o
                0x08005610                TIM_Base_SetConfig
 .text.TIM_OC1_SetConfig
                0x08005768       0xe4 ./Drivers/STM32F7xx_HAL_Driver/Src/stm32f7xx_hal_tim.o
 .text.TIM_OC2_SetConfig
                0x0800584c       0xf0 ./Drivers/STM32F7xx_HAL_Driver/Src/stm32f7xx_hal_tim.o
                0x0800584c                TIM_OC2_SetConfig
 .text.TIM_OC3_SetConfig
                0x0800593c       0xec ./Drivers/STM32F7xx_HAL_Driver/Src/stm32f7xx_hal_tim.o
 .text.TIM_OC4_SetConfig
                0x08005a28       0xb0 ./Drivers/STM32F7xx_HAL_Driver/Src/stm32f7xx_hal_tim.o
 .text.TIM_OC5_SetConfig
                0x08005ad8       0xa4 ./Drivers/STM32F7xx_HAL_Driver/Src/stm32f7xx_hal_tim.o
 .text.TIM_OC6_SetConfig
                0x08005b7c       0xa8 ./Drivers/STM32F7xx_HAL_Driver/Src/stm32f7xx_hal_tim.o
 .text.TIM_CCxChannelCmd
                0x08005c24       0x4a ./Drivers/STM32F7xx_HAL_Driver/Src/stm32f7xx_hal_tim.o
                0x08005c24                TIM_CCxChannelCmd
 *fill*         0x08005c6e        0x2 
 .text.HAL_TIMEx_MasterConfigSynchronization
                0x08005c70      0x11c ./Drivers/STM32F7xx_HAL_Driver/Src/stm32f7xx_hal_tim_ex.o
                0x08005c70                HAL_TIMEx_MasterConfigSynchronization
 .text.HAL_UART_Init
                0x08005d8c       0x9c ./Drivers/STM32F7xx_HAL_Driver/Src/stm32f7xx_hal_uart.o
                0x08005d8c                HAL_UART_Init
 .text.HAL_UART_Transmit
                0x08005e28      0x112 ./Drivers/STM32F7xx_HAL_Driver/Src/stm32f7xx_hal_uart.o
                0x08005e28                HAL_UART_Transmit
 .text.HAL_UART_Receive
                0x08005f3a      0x190 ./Drivers/STM32F7xx_HAL_Driver/Src/stm32f7xx_hal_uart.o
                0x08005f3a                HAL_UART_Receive
 *fill*         0x080060ca        0x2 
 .text.UART_SetConfig
                0x080060cc      0x4c8 ./Drivers/STM32F7xx_HAL_Driver/Src/stm32f7xx_hal_uart.o
                0x080060cc                UART_SetConfig
 .text.UART_AdvFeatureConfig
                0x08006594      0x144 ./Drivers/STM32F7xx_HAL_Driver/Src/stm32f7xx_hal_uart.o
                0x08006594                UART_AdvFeatureConfig
 .text.UART_CheckIdleState
                0x080066d8       0xae ./Drivers/STM32F7xx_HAL_Driver/Src/stm32f7xx_hal_uart.o
                0x080066d8                UART_CheckIdleState
 .text.UART_WaitOnFlagUntilTimeout
                0x08006786       0xda ./Drivers/STM32F7xx_HAL_Driver/Src/stm32f7xx_hal_uart.o
                0x08006786                UART_WaitOnFlagUntilTimeout
 .text.UART_EndRxTransfer
                0x08006860       0xc8 ./Drivers/STM32F7xx_HAL_Driver/Src/stm32f7xx_hal_uart.o
 .text.USB_CoreInit
                0x08006928       0xb4 ./Drivers/STM32F7xx_HAL_Driver/Src/stm32f7xx_ll_usb.o
                0x08006928                USB_CoreInit
 .text.USB_DisableGlobalInt
                0x080069dc       0x22 ./Drivers/STM32F7xx_HAL_Driver/Src/stm32f7xx_ll_usb.o
                0x080069dc                USB_DisableGlobalInt
 .text.USB_SetCurrentMode
                0x080069fe       0x98 ./Drivers/STM32F7xx_HAL_Driver/Src/stm32f7xx_ll_usb.o
                0x080069fe                USB_SetCurrentMode
 *fill*         0x08006a96        0x2 
 .text.USB_DevInit
                0x08006a98      0x2bc ./Drivers/STM32F7xx_HAL_Driver/Src/stm32f7xx_ll_usb.o
                0x08006a98                USB_DevInit
 .text.USB_FlushTxFifo
                0x08006d54       0x64 ./Drivers/STM32F7xx_HAL_Driver/Src/stm32f7xx_ll_usb.o
                0x08006d54                USB_FlushTxFifo
 .text.USB_FlushRxFifo
                0x08006db8       0x5c ./Drivers/STM32F7xx_HAL_Driver/Src/stm32f7xx_ll_usb.o
                0x08006db8                USB_FlushRxFifo
 .text.USB_SetDevSpeed
                0x08006e14       0x32 ./Drivers/STM32F7xx_HAL_Driver/Src/stm32f7xx_ll_usb.o
                0x08006e14                USB_SetDevSpeed
 .text.USB_DevDisconnect
                0x08006e46       0x42 ./Drivers/STM32F7xx_HAL_Driver/Src/stm32f7xx_ll_usb.o
                0x08006e46                USB_DevDisconnect
 .text.USB_GetMode
                0x08006e88       0x1c ./Drivers/STM32F7xx_HAL_Driver/Src/stm32f7xx_ll_usb.o
                0x08006e88                USB_GetMode
 .text.USB_CoreReset
                0x08006ea4       0x62 ./Drivers/STM32F7xx_HAL_Driver/Src/stm32f7xx_ll_usb.o
 *fill*         0x08006f06        0x2 
 .text.snprintf
                0x08006f08       0x68 C:/ST/STM32CubeIDE_1.16.1/STM32CubeIDE/plugins/com.st.stm32cube.ide.mcu.externaltools.gnu-tools-for-stm32.12.3.rel1.win32_1.1.0.202410251130/tools/bin/../lib/gcc/arm-none-eabi/12.3.1/../../../../arm-none-eabi/lib/thumb/v7e-m+fp/hard\libc_nano.a(libc_a-snprintf.o)
                0x08006f08                sniprintf
                0x08006f08                snprintf
 .text.sprintf  0x08006f70       0x40 C:/ST/STM32CubeIDE_1.16.1/STM32CubeIDE/plugins/com.st.stm32cube.ide.mcu.externaltools.gnu-tools-for-stm32.12.3.rel1.win32_1.1.0.202410251130/tools/bin/../lib/gcc/arm-none-eabi/12.3.1/../../../../arm-none-eabi/lib/thumb/v7e-m+fp/hard\libc_nano.a(libc_a-sprintf.o)
                0x08006f70                siprintf
                0x08006f70                sprintf
 .text.memset   0x08006fb0       0x10 C:/ST/STM32CubeIDE_1.16.1/STM32CubeIDE/plugins/com.st.stm32cube.ide.mcu.externaltools.gnu-tools-for-stm32.12.3.rel1.win32_1.1.0.202410251130/tools/bin/../lib/gcc/arm-none-eabi/12.3.1/../../../../arm-none-eabi/lib/thumb/v7e-m+fp/hard\libc_nano.a(libc_a-memset.o)
                0x08006fb0                memset
 .text.__errno  0x08006fc0        0xc C:/ST/STM32CubeIDE_1.16.1/STM32CubeIDE/plugins/com.st.stm32cube.ide.mcu.externaltools.gnu-tools-for-stm32.12.3.rel1.win32_1.1.0.202410251130/tools/bin/../lib/gcc/arm-none-eabi/12.3.1/../../../../arm-none-eabi/lib/thumb/v7e-m+fp/hard\libc_nano.a(libc_a-errno.o)
                0x08006fc0                __errno
 .text.__libc_init_array
                0x08006fcc       0x48 C:/ST/STM32CubeIDE_1.16.1/STM32CubeIDE/plugins/com.st.stm32cube.ide.mcu.externaltools.gnu-tools-for-stm32.12.3.rel1.win32_1.1.0.202410251130/tools/bin/../lib/gcc/arm-none-eabi/12.3.1/../../../../arm-none-eabi/lib/thumb/v7e-m+fp/hard\libc_nano.a(libc_a-init.o)
                0x08006fcc                __libc_init_array
 .text.__retarget_lock_acquire_recursive
                0x08007014        0x2 C:/ST/STM32CubeIDE_1.16.1/STM32CubeIDE/plugins/com.st.stm32cube.ide.mcu.externaltools.gnu-tools-for-stm32.12.3.rel1.win32_1.1.0.202410251130/tools/bin/../lib/gcc/arm-none-eabi/12.3.1/../../../../arm-none-eabi/lib/thumb/v7e-m+fp/hard\libc_nano.a(libc_a-lock.o)
                0x08007014                __retarget_lock_acquire_recursive
 .text.__retarget_lock_release_recursive
                0x08007016        0x2 C:/ST/STM32CubeIDE_1.16.1/STM32CubeIDE/plugins/com.st.stm32cube.ide.mcu.externaltools.gnu-tools-for-stm32.12.3.rel1.win32_1.1.0.202410251130/tools/bin/../lib/gcc/arm-none-eabi/12.3.1/../../../../arm-none-eabi/lib/thumb/v7e-m+fp/hard\libc_nano.a(libc_a-lock.o)
                0x08007016                __retarget_lock_release_recursive
 .text._free_r  0x08007018       0x94 C:/ST/STM32CubeIDE_1.16.1/STM32CubeIDE/plugins/com.st.stm32cube.ide.mcu.externaltools.gnu-tools-for-stm32.12.3.rel1.win32_1.1.0.202410251130/tools/bin/../lib/gcc/arm-none-eabi/12.3.1/../../../../arm-none-eabi/lib/thumb/v7e-m+fp/hard\libc_nano.a(libc_a-freer.o)
                0x08007018                _free_r
 .text.sbrk_aligned
                0x080070ac       0x44 C:/ST/STM32CubeIDE_1.16.1/STM32CubeIDE/plugins/com.st.stm32cube.ide.mcu.externaltools.gnu-tools-for-stm32.12.3.rel1.win32_1.1.0.202410251130/tools/bin/../lib/gcc/arm-none-eabi/12.3.1/../../../../arm-none-eabi/lib/thumb/v7e-m+fp/hard\libc_nano.a(libc_a-mallocr.o)
 .text._malloc_r
                0x080070f0      0x100 C:/ST/STM32CubeIDE_1.16.1/STM32CubeIDE/plugins/com.st.stm32cube.ide.mcu.externaltools.gnu-tools-for-stm32.12.3.rel1.win32_1.1.0.202410251130/tools/bin/../lib/gcc/arm-none-eabi/12.3.1/../../../../arm-none-eabi/lib/thumb/v7e-m+fp/hard\libc_nano.a(libc_a-mallocr.o)
                0x080070f0                _malloc_r
 .text.__malloc_lock
                0x080071f0        0xc C:/ST/STM32CubeIDE_1.16.1/STM32CubeIDE/plugins/com.st.stm32cube.ide.mcu.externaltools.gnu-tools-for-stm32.12.3.rel1.win32_1.1.0.202410251130/tools/bin/../lib/gcc/arm-none-eabi/12.3.1/../../../../arm-none-eabi/lib/thumb/v7e-m+fp/hard\libc_nano.a(libc_a-mlock.o)
                0x080071f0                __malloc_lock
 .text.__malloc_unlock
                0x080071fc        0xc C:/ST/STM32CubeIDE_1.16.1/STM32CubeIDE/plugins/com.st.stm32cube.ide.mcu.externaltools.gnu-tools-for-stm32.12.3.rel1.win32_1.1.0.202410251130/tools/bin/../lib/gcc/arm-none-eabi/12.3.1/../../../../arm-none-eabi/lib/thumb/v7e-m+fp/hard\libc_nano.a(libc_a-mlock.o)
                0x080071fc                __malloc_unlock
 .text.__ssputs_r
                0x08007208       0xb6 C:/ST/STM32CubeIDE_1.16.1/STM32CubeIDE/plugins/com.st.stm32cube.ide.mcu.externaltools.gnu-tools-for-stm32.12.3.rel1.win32_1.1.0.202410251130/tools/bin/../lib/gcc/arm-none-eabi/12.3.1/../../../../arm-none-eabi/lib/thumb/v7e-m+fp/hard\libc_nano.a(libc_a-nano-svfprintf.o)
                0x08007208                __ssputs_r
 *fill*         0x080072be        0x2 
 .text._svfprintf_r
                0x080072c0      0x1f8 C:/ST/STM32CubeIDE_1.16.1/STM32CubeIDE/plugins/com.st.stm32cube.ide.mcu.externaltools.gnu-tools-for-stm32.12.3.rel1.win32_1.1.0.202410251130/tools/bin/../lib/gcc/arm-none-eabi/12.3.1/../../../../arm-none-eabi/lib/thumb/v7e-m+fp/hard\libc_nano.a(libc_a-nano-svfprintf.o)
                0x080072c0                _svfiprintf_r
                0x080072c0                _svfprintf_r
 .text._printf_common
                0x080074b8       0xda C:/ST/STM32CubeIDE_1.16.1/STM32CubeIDE/plugins/com.st.stm32cube.ide.mcu.externaltools.gnu-tools-for-stm32.12.3.rel1.win32_1.1.0.202410251130/tools/bin/../lib/gcc/arm-none-eabi/12.3.1/../../../../arm-none-eabi/lib/thumb/v7e-m+fp/hard\libc_nano.a(libc_a-nano-vfprintf_i.o)
                0x080074b8                _printf_common
 *fill*         0x08007592        0x2 
 .text._printf_i
                0x08007594      0x240 C:/ST/STM32CubeIDE_1.16.1/STM32CubeIDE/plugins/com.st.stm32cube.ide.mcu.externaltools.gnu-tools-for-stm32.12.3.rel1.win32_1.1.0.202410251130/tools/bin/../lib/gcc/arm-none-eabi/12.3.1/../../../../arm-none-eabi/lib/thumb/v7e-m+fp/hard\libc_nano.a(libc_a-nano-vfprintf_i.o)
                0x08007594                _printf_i
 .text.memmove  0x080077d4       0x34 C:/ST/STM32CubeIDE_1.16.1/STM32CubeIDE/plugins/com.st.stm32cube.ide.mcu.externaltools.gnu-tools-for-stm32.12.3.rel1.win32_1.1.0.202410251130/tools/bin/../lib/gcc/arm-none-eabi/12.3.1/../../../../arm-none-eabi/lib/thumb/v7e-m+fp/hard\libc_nano.a(libc_a-memmove.o)
                0x080077d4                memmove
 .text._sbrk_r  0x08007808       0x20 C:/ST/STM32CubeIDE_1.16.1/STM32CubeIDE/plugins/com.st.stm32cube.ide.mcu.externaltools.gnu-tools-for-stm32.12.3.rel1.win32_1.1.0.202410251130/tools/bin/../lib/gcc/arm-none-eabi/12.3.1/../../../../arm-none-eabi/lib/thumb/v7e-m+fp/hard\libc_nano.a(libc_a-sbrkr.o)
                0x08007808                _sbrk_r
 .text.memcpy   0x08007828       0x1c C:/ST/STM32CubeIDE_1.16.1/STM32CubeIDE/plugins/com.st.stm32cube.ide.mcu.externaltools.gnu-tools-for-stm32.12.3.rel1.win32_1.1.0.202410251130/tools/bin/../lib/gcc/arm-none-eabi/12.3.1/../../../../arm-none-eabi/lib/thumb/v7e-m+fp/hard\libc_nano.a(libc_a-memcpy-stub.o)
                0x08007828                memcpy
 .text._realloc_r
                0x08007844       0x5c C:/ST/STM32CubeIDE_1.16.1/STM32CubeIDE/plugins/com.st.stm32cube.ide.mcu.externaltools.gnu-tools-for-stm32.12.3.rel1.win32_1.1.0.202410251130/tools/bin/../lib/gcc/arm-none-eabi/12.3.1/../../../../arm-none-eabi/lib/thumb/v7e-m+fp/hard\libc_nano.a(libc_a-reallocr.o)
                0x08007844                _realloc_r
 .text._malloc_usable_size_r
                0x080078a0       0x10 C:/ST/STM32CubeIDE_1.16.1/STM32CubeIDE/plugins/com.st.stm32cube.ide.mcu.externaltools.gnu-tools-for-stm32.12.3.rel1.win32_1.1.0.202410251130/tools/bin/../lib/gcc/arm-none-eabi/12.3.1/../../../../arm-none-eabi/lib/thumb/v7e-m+fp/hard\libc_nano.a(libc_a-msizer.o)
                0x080078a0                _malloc_usable_size_r
 *(.glue_7)
 .glue_7        0x080078b0        0x0 linker stubs
 *(.glue_7t)
 .glue_7t       0x080078b0        0x0 linker stubs
 *(.eh_frame)
 .eh_frame      0x080078b0        0x0 C:/ST/STM32CubeIDE_1.16.1/STM32CubeIDE/plugins/com.st.stm32cube.ide.mcu.externaltools.gnu-tools-for-stm32.12.3.rel1.win32_1.1.0.202410251130/tools/bin/../lib/gcc/arm-none-eabi/12.3.1/thumb/v7e-m+fp/hard/crtbegin.o
 *(.init)
 .init          0x080078b0        0x4 C:/ST/STM32CubeIDE_1.16.1/STM32CubeIDE/plugins/com.st.stm32cube.ide.mcu.externaltools.gnu-tools-for-stm32.12.3.rel1.win32_1.1.0.202410251130/tools/bin/../lib/gcc/arm-none-eabi/12.3.1/thumb/v7e-m+fp/hard/crti.o
                0x080078b0                _init
 .init          0x080078b4        0x8 C:/ST/STM32CubeIDE_1.16.1/STM32CubeIDE/plugins/com.st.stm32cube.ide.mcu.externaltools.gnu-tools-for-stm32.12.3.rel1.win32_1.1.0.202410251130/tools/bin/../lib/gcc/arm-none-eabi/12.3.1/thumb/v7e-m+fp/hard/crtn.o
 *(.fini)
 .fini          0x080078bc        0x4 C:/ST/STM32CubeIDE_1.16.1/STM32CubeIDE/plugins/com.st.stm32cube.ide.mcu.externaltools.gnu-tools-for-stm32.12.3.rel1.win32_1.1.0.202410251130/tools/bin/../lib/gcc/arm-none-eabi/12.3.1/thumb/v7e-m+fp/hard/crti.o
                0x080078bc                _fini
 .fini          0x080078c0        0x8 C:/ST/STM32CubeIDE_1.16.1/STM32CubeIDE/plugins/com.st.stm32cube.ide.mcu.externaltools.gnu-tools-for-stm32.12.3.rel1.win32_1.1.0.202410251130/tools/bin/../lib/gcc/arm-none-eabi/12.3.1/thumb/v7e-m+fp/hard/crtn.o
                0x080078c8                        . = ALIGN (0x4)
                0x080078c8                        _etext = .

.vfp11_veneer   0x080078c8        0x0
 .vfp11_veneer  0x080078c8        0x0 linker stubs

.v4_bx          0x080078c8        0x0
 .v4_bx         0x080078c8        0x0 linker stubs

.iplt           0x080078c8        0x0
 .iplt          0x080078c8        0x0 C:/ST/STM32CubeIDE_1.16.1/STM32CubeIDE/plugins/com.st.stm32cube.ide.mcu.externaltools.gnu-tools-for-stm32.12.3.rel1.win32_1.1.0.202410251130/tools/bin/../lib/gcc/arm-none-eabi/12.3.1/thumb/v7e-m+fp/hard/crtbegin.o

.rodata         0x080078c8      0x304
                0x080078c8                        . = ALIGN (0x4)
 *(.rodata)
 .rodata        0x080078c8      0x2b5 ./Core/Src/main.o
 *(.rodata*)
 *fill*         0x08007b7d        0x3 
 .rodata.AHBPrescTable
                0x08007b80       0x10 ./Core/Src/system_stm32f7xx.o
                0x08007b80                AHBPrescTable
 .rodata.APBPrescTable
                0x08007b90        0x8 ./Core/Src/system_stm32f7xx.o
                0x08007b90                APBPrescTable
 .rodata._svfprintf_r.str1.1
                0x08007b98       0x11 C:/ST/STM32CubeIDE_1.16.1/STM32CubeIDE/plugins/com.st.stm32cube.ide.mcu.externaltools.gnu-tools-for-stm32.12.3.rel1.win32_1.1.0.202410251130/tools/bin/../lib/gcc/arm-none-eabi/12.3.1/../../../../arm-none-eabi/lib/thumb/v7e-m+fp/hard\libc_nano.a(libc_a-nano-svfprintf.o)
 .rodata._printf_i.str1.1
                0x08007ba9       0x22 C:/ST/STM32CubeIDE_1.16.1/STM32CubeIDE/plugins/com.st.stm32cube.ide.mcu.externaltools.gnu-tools-for-stm32.12.3.rel1.win32_1.1.0.202410251130/tools/bin/../lib/gcc/arm-none-eabi/12.3.1/../../../../arm-none-eabi/lib/thumb/v7e-m+fp/hard\libc_nano.a(libc_a-nano-vfprintf_i.o)
                0x08007bcc                        . = ALIGN (0x4)
 *fill*         0x08007bcb        0x1 

.ARM.extab      0x08007bcc        0x0
                0x08007bcc                        . = ALIGN (0x4)
 *(.ARM.extab* .gnu.linkonce.armextab.*)
                0x08007bcc                        . = ALIGN (0x4)

.ARM            0x08007bcc        0x8
                0x08007bcc                        . = ALIGN (0x4)
                0x08007bcc                        __exidx_start = .
 *(.ARM.exidx*)
 .ARM.exidx     0x08007bcc        0x8 C:/ST/STM32CubeIDE_1.16.1/STM32CubeIDE/plugins/com.st.stm32cube.ide.mcu.externaltools.gnu-tools-for-stm32.12.3.rel1.win32_1.1.0.202410251130/tools/bin/../lib/gcc/arm-none-eabi/12.3.1/../../../../arm-none-eabi/lib/thumb/v7e-m+fp/hard\libc_nano.a(libc_a-strlen.o)
 .ARM.exidx     0x08007bd4        0x0 C:/ST/STM32CubeIDE_1.16.1/STM32CubeIDE/plugins/com.st.stm32cube.ide.mcu.externaltools.gnu-tools-for-stm32.12.3.rel1.win32_1.1.0.202410251130/tools/bin/../lib/gcc/arm-none-eabi/12.3.1/../../../../arm-none-eabi/lib/thumb/v7e-m+fp/hard\libc_nano.a(libc_a-memchr.o)
                                  0x8 (size before relaxing)
 .ARM.exidx     0x08007bd4        0x0 C:/ST/STM32CubeIDE_1.16.1/STM32CubeIDE/plugins/com.st.stm32cube.ide.mcu.externaltools.gnu-tools-for-stm32.12.3.rel1.win32_1.1.0.202410251130/tools/bin/../lib/gcc/arm-none-eabi/12.3.1/thumb/v7e-m+fp/hard\libgcc.a(_udivmoddi4.o)
                                  0x8 (size before relaxing)
                0x08007bd4                        __exidx_end = .
                0x08007bd4                        . = ALIGN (0x4)

.preinit_array  0x08007bd4        0x0
                0x08007bd4                        . = ALIGN (0x4)
                0x08007bd4                        PROVIDE (__preinit_array_start = .)
 *(.preinit_array*)
                0x08007bd4                        PROVIDE (__preinit_array_end = .)
                0x08007bd4                        . = ALIGN (0x4)

.init_array     0x08007bd4        0x4
                0x08007bd4                        . = ALIGN (0x4)
                0x08007bd4                        PROVIDE (__init_array_start = .)
 *(SORT_BY_NAME(.init_array.*))
 *(.init_array*)
 .init_array    0x08007bd4        0x4 C:/ST/STM32CubeIDE_1.16.1/STM32CubeIDE/plugins/com.st.stm32cube.ide.mcu.externaltools.gnu-tools-for-stm32.12.3.rel1.win32_1.1.0.202410251130/tools/bin/../lib/gcc/arm-none-eabi/12.3.1/thumb/v7e-m+fp/hard/crtbegin.o
                0x08007bd8                        PROVIDE (__init_array_end = .)
                0x08007bd8                        . = ALIGN (0x4)

.fini_array     0x08007bd8        0x4
                0x08007bd8                        . = ALIGN (0x4)
                [!provide]                        PROVIDE (__fini_array_start = .)
 *(SORT_BY_NAME(.fini_array.*))
 *(.fini_array*)
 .fini_array    0x08007bd8        0x4 C:/ST/STM32CubeIDE_1.16.1/STM32CubeIDE/plugins/com.st.stm32cube.ide.mcu.externaltools.gnu-tools-for-stm32.12.3.rel1.win32_1.1.0.202410251130/tools/bin/../lib/gcc/arm-none-eabi/12.3.1/thumb/v7e-m+fp/hard/crtbegin.o
                [!provide]                        PROVIDE (__fini_array_end = .)
                0x08007bdc                        . = ALIGN (0x4)
                0x08007bdc                        _sidata = LOADADDR (.data)

.rel.dyn        0x08007bdc        0x0
 .rel.iplt      0x08007bdc        0x0 C:/ST/STM32CubeIDE_1.16.1/STM32CubeIDE/plugins/com.st.stm32cube.ide.mcu.externaltools.gnu-tools-for-stm32.12.3.rel1.win32_1.1.0.202410251130/tools/bin/../lib/gcc/arm-none-eabi/12.3.1/thumb/v7e-m+fp/hard/crtbegin.o

.data           0x20000000       0x90 load address 0x08007bdc
                0x20000000                        . = ALIGN (0x4)
                0x20000000                        _sdata = .
 *(.data)
 *(.data*)
 .data.pause_for_user_input
                0x20000000        0x4 ./Core/Src/main.o
                0x20000000                pause_for_user_input
 .data.max_PWM_red_value
                0x20000004        0x4 ./Core/Src/main.o
                0x20000004                max_PWM_red_value
 .data.max_PWM_green_value
                0x20000008        0x4 ./Core/Src/main.o
                0x20000008                max_PWM_green_value
 .data.max_PWM_blue_value
                0x2000000c        0x4 ./Core/Src/main.o
                0x2000000c                max_PWM_blue_value
 .data.normal_mode
                0x20000010        0x1 ./Core/Src/main.o
                0x20000010                normal_mode
 *fill*         0x20000011        0x3 
 .data.mode_normal
                0x20000014        0xc ./Core/Src/main.o
                0x20000014                mode_normal
 .data.mode_high
                0x20000020        0xa ./Core/Src/main.o
                0x20000020                mode_high
 *fill*         0x2000002a        0x2 
 .data.help     0x2000002c        0x5 ./Core/Src/main.o
                0x2000002c                help
 *fill*         0x20000031        0x3 
 .data.SystemCoreClock
                0x20000034        0x4 ./Core/Src/system_stm32f7xx.o
                0x20000034                SystemCoreClock
 .data.uwTickPrio
                0x20000038        0x4 ./Drivers/STM32F7xx_HAL_Driver/Src/stm32f7xx_hal.o
                0x20000038                uwTickPrio
 .data.uwTickFreq
                0x2000003c        0x1 ./Drivers/STM32F7xx_HAL_Driver/Src/stm32f7xx_hal.o
                0x2000003c                uwTickFreq
 *fill*         0x2000003d        0x3 
 .data._impure_ptr
                0x20000040        0x4 C:/ST/STM32CubeIDE_1.16.1/STM32CubeIDE/plugins/com.st.stm32cube.ide.mcu.externaltools.gnu-tools-for-stm32.12.3.rel1.win32_1.1.0.202410251130/tools/bin/../lib/gcc/arm-none-eabi/12.3.1/../../../../arm-none-eabi/lib/thumb/v7e-m+fp/hard\libc_nano.a(libc_a-impure.o)
                0x20000040                _impure_ptr
 .data._impure_data
                0x20000044       0x4c C:/ST/STM32CubeIDE_1.16.1/STM32CubeIDE/plugins/com.st.stm32cube.ide.mcu.externaltools.gnu-tools-for-stm32.12.3.rel1.win32_1.1.0.202410251130/tools/bin/../lib/gcc/arm-none-eabi/12.3.1/../../../../arm-none-eabi/lib/thumb/v7e-m+fp/hard\libc_nano.a(libc_a-impure.o)
                0x20000044                _impure_data
 *(.RamFunc)
 *(.RamFunc*)
                0x20000090                        . = ALIGN (0x4)
                0x20000090                        _edata = .

.igot.plt       0x20000090        0x0 load address 0x08007c6c
 .igot.plt      0x20000090        0x0 C:/ST/STM32CubeIDE_1.16.1/STM32CubeIDE/plugins/com.st.stm32cube.ide.mcu.externaltools.gnu-tools-for-stm32.12.3.rel1.win32_1.1.0.202410251130/tools/bin/../lib/gcc/arm-none-eabi/12.3.1/thumb/v7e-m+fp/hard/crtbegin.o

.RxDecripSection
                0x20000090       0xa0 load address 0x08007c6c
 .RxDecripSection
                0x20000090       0xa0 ./Core/Src/eth.o
                0x20000090                DMARxDscrTab

.TxDecripSection
                0x20000130       0xa0 load address 0x08007d0c
 .TxDecripSection
                0x20000130       0xa0 ./Core/Src/eth.o
                0x20000130                DMATxDscrTab
                0x200001d0                        . = ALIGN (0x4)

.bss            0x200001d0      0x8e4 load address 0x08007dac
                0x200001d0                        _sbss = .
                0x200001d0                        __bss_start__ = _sbss
 *(.bss)
 .bss           0x200001d0       0x1c C:/ST/STM32CubeIDE_1.16.1/STM32CubeIDE/plugins/com.st.stm32cube.ide.mcu.externaltools.gnu-tools-for-stm32.12.3.rel1.win32_1.1.0.202410251130/tools/bin/../lib/gcc/arm-none-eabi/12.3.1/thumb/v7e-m+fp/hard/crtbegin.o
 *(.bss*)
 .bss.TxConfig  0x200001ec       0x38 ./Core/Src/eth.o
                0x200001ec                TxConfig
 .bss.heth      0x20000224       0xb0 ./Core/Src/eth.o
                0x20000224                heth
 .bss.MACAddr.0
                0x200002d4        0x6 ./Core/Src/eth.o
 *fill*         0x200002da        0x2 
 .bss.hi2c1     0x200002dc       0x54 ./Core/Src/i2c.o
                0x200002dc                hi2c1
 .bss.uart_buffer
                0x20000330       0x32 ./Core/Src/main.o
                0x20000330                uart_buffer
 *fill*         0x20000362        0x2 
 .bss.temp_buffer
                0x20000364        0xa ./Core/Src/main.o
                0x20000364                temp_buffer
 *fill*         0x2000036e        0x2 
 .bss.R_value   0x20000370        0x4 ./Core/Src/main.o
                0x20000370                R_value
 .bss.G_value   0x20000374        0x4 ./Core/Src/main.o
                0x20000374                G_value
 .bss.B_value   0x20000378        0x4 ./Core/Src/main.o
                0x20000378                B_value
 .bss.R_PWM_channel
                0x2000037c        0x4 ./Core/Src/main.o
                0x2000037c                R_PWM_channel
 .bss.G_PWM_channel
                0x20000380        0x4 ./Core/Src/main.o
                0x20000380                G_PWM_channel
 .bss.B_PWM_channel
                0x20000384        0x4 ./Core/Src/main.o
                0x20000384                B_PWM_channel
 .bss.color_switch
                0x20000388        0x4 ./Core/Src/main.o
                0x20000388                color_switch
 .bss.pause_for_led
                0x2000038c        0x4 ./Core/Src/main.o
                0x2000038c                pause_for_led
 .bss.test_sizeof
                0x20000390        0x4 ./Core/Src/main.o
                0x20000390                test_sizeof
 .bss.test      0x20000394        0x1 ./Core/Src/main.o
                0x20000394                test
 *fill*         0x20000395        0x3 
 .bss.previous_temp_buffer
                0x20000398        0xa ./Core/Src/main.o
                0x20000398                previous_temp_buffer
 *fill*         0x200003a2        0x2 
 .bss.buffor_for_lcd
                0x200003a4        0xa ./Core/Src/main.o
                0x200003a4                buffor_for_lcd
 *fill*         0x200003ae        0x2 
 .bss.__sbrk_heap_end
                0x200003b0        0x4 ./Core/Src/sysmem.o
 .bss.htim3     0x200003b4       0x4c ./Core/Src/tim.o
                0x200003b4                htim3
 .bss.huart3    0x20000400       0x88 ./Core/Src/usart.o
                0x20000400                huart3
 .bss.hpcd_USB_OTG_FS
                0x20000488      0x4e0 ./Core/Src/usb_otg.o
                0x20000488                hpcd_USB_OTG_FS
 .bss.uwTick    0x20000968        0x4 ./Drivers/STM32F7xx_HAL_Driver/Src/stm32f7xx_hal.o
                0x20000968                uwTick
 .bss.__sf      0x2000096c      0x138 C:/ST/STM32CubeIDE_1.16.1/STM32CubeIDE/plugins/com.st.stm32cube.ide.mcu.externaltools.gnu-tools-for-stm32.12.3.rel1.win32_1.1.0.202410251130/tools/bin/../lib/gcc/arm-none-eabi/12.3.1/../../../../arm-none-eabi/lib/thumb/v7e-m+fp/hard\libc_nano.a(libc_a-findfp.o)
                0x2000096c                __sf
 .bss.errno     0x20000aa4        0x4 C:/ST/STM32CubeIDE_1.16.1/STM32CubeIDE/plugins/com.st.stm32cube.ide.mcu.externaltools.gnu-tools-for-stm32.12.3.rel1.win32_1.1.0.202410251130/tools/bin/../lib/gcc/arm-none-eabi/12.3.1/../../../../arm-none-eabi/lib/thumb/v7e-m+fp/hard\libc_nano.a(libc_a-reent.o)
                0x20000aa4                errno
 .bss.__lock___malloc_recursive_mutex
                0x20000aa8        0x1 C:/ST/STM32CubeIDE_1.16.1/STM32CubeIDE/plugins/com.st.stm32cube.ide.mcu.externaltools.gnu-tools-for-stm32.12.3.rel1.win32_1.1.0.202410251130/tools/bin/../lib/gcc/arm-none-eabi/12.3.1/../../../../arm-none-eabi/lib/thumb/v7e-m+fp/hard\libc_nano.a(libc_a-lock.o)
                0x20000aa8                __lock___malloc_recursive_mutex
 *fill*         0x20000aa9        0x3 
 .bss.__malloc_sbrk_start
                0x20000aac        0x4 C:/ST/STM32CubeIDE_1.16.1/STM32CubeIDE/plugins/com.st.stm32cube.ide.mcu.externaltools.gnu-tools-for-stm32.12.3.rel1.win32_1.1.0.202410251130/tools/bin/../lib/gcc/arm-none-eabi/12.3.1/../../../../arm-none-eabi/lib/thumb/v7e-m+fp/hard\libc_nano.a(libc_a-mallocr.o)
                0x20000aac                __malloc_sbrk_start
 .bss.__malloc_free_list
                0x20000ab0        0x4 C:/ST/STM32CubeIDE_1.16.1/STM32CubeIDE/plugins/com.st.stm32cube.ide.mcu.externaltools.gnu-tools-for-stm32.12.3.rel1.win32_1.1.0.202410251130/tools/bin/../lib/gcc/arm-none-eabi/12.3.1/../../../../arm-none-eabi/lib/thumb/v7e-m+fp/hard\libc_nano.a(libc_a-mallocr.o)
                0x20000ab0                __malloc_free_list
 *(COMMON)
                0x20000ab4                        . = ALIGN (0x4)
                0x20000ab4                        _ebss = .
                0x20000ab4                        __bss_end__ = _ebss

._user_heap_stack
                0x20000ab4      0x604 load address 0x08007dac
                0x20000ab8                        . = ALIGN (0x8)
 *fill*         0x20000ab4        0x4 
                [!provide]                        PROVIDE (end = .)
                0x20000ab8                        PROVIDE (_end = .)
                0x20000cb8                        . = (. + _Min_Heap_Size)
 *fill*         0x20000ab8      0x200 
                0x200010b8                        . = (. + _Min_Stack_Size)
 *fill*         0x20000cb8      0x400 
                0x200010b8                        . = ALIGN (0x8)

/DISCARD/
 libc.a(*)
 libm.a(*)
 libgcc.a(*)

.ARM.attributes
                0x00000000       0x30
 *(.ARM.attributes)
 .ARM.attributes
                0x00000000       0x22 C:/ST/STM32CubeIDE_1.16.1/STM32CubeIDE/plugins/com.st.stm32cube.ide.mcu.externaltools.gnu-tools-for-stm32.12.3.rel1.win32_1.1.0.202410251130/tools/bin/../lib/gcc/arm-none-eabi/12.3.1/thumb/v7e-m+fp/hard/crti.o
 .ARM.attributes
                0x00000022       0x34 C:/ST/STM32CubeIDE_1.16.1/STM32CubeIDE/plugins/com.st.stm32cube.ide.mcu.externaltools.gnu-tools-for-stm32.12.3.rel1.win32_1.1.0.202410251130/tools/bin/../lib/gcc/arm-none-eabi/12.3.1/thumb/v7e-m+fp/hard/crtbegin.o
 .ARM.attributes
                0x00000056       0x34 ./Core/Src/eth.o
 .ARM.attributes
                0x0000008a       0x34 ./Core/Src/gpio.o
 .ARM.attributes
                0x000000be       0x34 ./Core/Src/i2c.o
 .ARM.attributes
                0x000000f2       0x34 ./Core/Src/lcd.o
 .ARM.attributes
                0x00000126       0x34 ./Core/Src/main.o
 .ARM.attributes
                0x0000015a       0x34 ./Core/Src/stm32f7xx_hal_msp.o
 .ARM.attributes
                0x0000018e       0x34 ./Core/Src/stm32f7xx_it.o
 .ARM.attributes
                0x000001c2       0x34 ./Core/Src/sysmem.o
 .ARM.attributes
                0x000001f6       0x34 ./Core/Src/system_stm32f7xx.o
 .ARM.attributes
                0x0000022a       0x34 ./Core/Src/tim.o
 .ARM.attributes
                0x0000025e       0x34 ./Core/Src/usart.o
 .ARM.attributes
                0x00000292       0x34 ./Core/Src/usb_otg.o
 .ARM.attributes
                0x000002c6       0x21 ./Core/Startup/startup_stm32f746zgtx.o
 .ARM.attributes
                0x000002e7       0x34 ./Drivers/STM32F7xx_HAL_Driver/Src/stm32f7xx_hal.o
 .ARM.attributes
                0x0000031b       0x34 ./Drivers/STM32F7xx_HAL_Driver/Src/stm32f7xx_hal_cortex.o
 .ARM.attributes
                0x0000034f       0x34 ./Drivers/STM32F7xx_HAL_Driver/Src/stm32f7xx_hal_eth.o
 .ARM.attributes
                0x00000383       0x34 ./Drivers/STM32F7xx_HAL_Driver/Src/stm32f7xx_hal_gpio.o
 .ARM.attributes
                0x000003b7       0x34 ./Drivers/STM32F7xx_HAL_Driver/Src/stm32f7xx_hal_i2c.o
 .ARM.attributes
                0x000003eb       0x34 ./Drivers/STM32F7xx_HAL_Driver/Src/stm32f7xx_hal_i2c_ex.o
 .ARM.attributes
                0x0000041f       0x34 ./Drivers/STM32F7xx_HAL_Driver/Src/stm32f7xx_hal_pcd.o
 .ARM.attributes
                0x00000453       0x34 ./Drivers/STM32F7xx_HAL_Driver/Src/stm32f7xx_hal_pcd_ex.o
 .ARM.attributes
                0x00000487       0x34 ./Drivers/STM32F7xx_HAL_Driver/Src/stm32f7xx_hal_pwr.o
 .ARM.attributes
                0x000004bb       0x34 ./Drivers/STM32F7xx_HAL_Driver/Src/stm32f7xx_hal_rcc.o
 .ARM.attributes
                0x000004ef       0x34 ./Drivers/STM32F7xx_HAL_Driver/Src/stm32f7xx_hal_rcc_ex.o
 .ARM.attributes
                0x00000523       0x34 ./Drivers/STM32F7xx_HAL_Driver/Src/stm32f7xx_hal_tim.o
 .ARM.attributes
                0x00000557       0x34 ./Drivers/STM32F7xx_HAL_Driver/Src/stm32f7xx_hal_tim_ex.o
 .ARM.attributes
                0x0000058b       0x34 ./Drivers/STM32F7xx_HAL_Driver/Src/stm32f7xx_hal_uart.o
 .ARM.attributes
                0x000005bf       0x34 ./Drivers/STM32F7xx_HAL_Driver/Src/stm32f7xx_ll_usb.o
 .ARM.attributes
                0x000005f3       0x34 C:/ST/STM32CubeIDE_1.16.1/STM32CubeIDE/plugins/com.st.stm32cube.ide.mcu.externaltools.gnu-tools-for-stm32.12.3.rel1.win32_1.1.0.202410251130/tools/bin/../lib/gcc/arm-none-eabi/12.3.1/../../../../arm-none-eabi/lib/thumb/v7e-m+fp/hard\libc_nano.a(libc_a-findfp.o)
 .ARM.attributes
                0x00000627       0x34 C:/ST/STM32CubeIDE_1.16.1/STM32CubeIDE/plugins/com.st.stm32cube.ide.mcu.externaltools.gnu-tools-for-stm32.12.3.rel1.win32_1.1.0.202410251130/tools/bin/../lib/gcc/arm-none-eabi/12.3.1/../../../../arm-none-eabi/lib/thumb/v7e-m+fp/hard\libc_nano.a(libc_a-snprintf.o)
 .ARM.attributes
                0x0000065b       0x34 C:/ST/STM32CubeIDE_1.16.1/STM32CubeIDE/plugins/com.st.stm32cube.ide.mcu.externaltools.gnu-tools-for-stm32.12.3.rel1.win32_1.1.0.202410251130/tools/bin/../lib/gcc/arm-none-eabi/12.3.1/../../../../arm-none-eabi/lib/thumb/v7e-m+fp/hard\libc_nano.a(libc_a-sprintf.o)
 .ARM.attributes
                0x0000068f       0x34 C:/ST/STM32CubeIDE_1.16.1/STM32CubeIDE/plugins/com.st.stm32cube.ide.mcu.externaltools.gnu-tools-for-stm32.12.3.rel1.win32_1.1.0.202410251130/tools/bin/../lib/gcc/arm-none-eabi/12.3.1/../../../../arm-none-eabi/lib/thumb/v7e-m+fp/hard\libc_nano.a(libc_a-memset.o)
 .ARM.attributes
                0x000006c3       0x34 C:/ST/STM32CubeIDE_1.16.1/STM32CubeIDE/plugins/com.st.stm32cube.ide.mcu.externaltools.gnu-tools-for-stm32.12.3.rel1.win32_1.1.0.202410251130/tools/bin/../lib/gcc/arm-none-eabi/12.3.1/../../../../arm-none-eabi/lib/thumb/v7e-m+fp/hard\libc_nano.a(libc_a-reent.o)
 .ARM.attributes
                0x000006f7       0x34 C:/ST/STM32CubeIDE_1.16.1/STM32CubeIDE/plugins/com.st.stm32cube.ide.mcu.externaltools.gnu-tools-for-stm32.12.3.rel1.win32_1.1.0.202410251130/tools/bin/../lib/gcc/arm-none-eabi/12.3.1/../../../../arm-none-eabi/lib/thumb/v7e-m+fp/hard\libc_nano.a(libc_a-impure.o)
 .ARM.attributes
                0x0000072b       0x34 C:/ST/STM32CubeIDE_1.16.1/STM32CubeIDE/plugins/com.st.stm32cube.ide.mcu.externaltools.gnu-tools-for-stm32.12.3.rel1.win32_1.1.0.202410251130/tools/bin/../lib/gcc/arm-none-eabi/12.3.1/../../../../arm-none-eabi/lib/thumb/v7e-m+fp/hard\libc_nano.a(libc_a-errno.o)
 .ARM.attributes
                0x0000075f       0x34 C:/ST/STM32CubeIDE_1.16.1/STM32CubeIDE/plugins/com.st.stm32cube.ide.mcu.externaltools.gnu-tools-for-stm32.12.3.rel1.win32_1.1.0.202410251130/tools/bin/../lib/gcc/arm-none-eabi/12.3.1/../../../../arm-none-eabi/lib/thumb/v7e-m+fp/hard\libc_nano.a(libc_a-init.o)
 .ARM.attributes
                0x00000793       0x34 C:/ST/STM32CubeIDE_1.16.1/STM32CubeIDE/plugins/com.st.stm32cube.ide.mcu.externaltools.gnu-tools-for-stm32.12.3.rel1.win32_1.1.0.202410251130/tools/bin/../lib/gcc/arm-none-eabi/12.3.1/../../../../arm-none-eabi/lib/thumb/v7e-m+fp/hard\libc_nano.a(libc_a-lock.o)
 .ARM.attributes
                0x000007c7       0x17 C:/ST/STM32CubeIDE_1.16.1/STM32CubeIDE/plugins/com.st.stm32cube.ide.mcu.externaltools.gnu-tools-for-stm32.12.3.rel1.win32_1.1.0.202410251130/tools/bin/../lib/gcc/arm-none-eabi/12.3.1/../../../../arm-none-eabi/lib/thumb/v7e-m+fp/hard\libc_nano.a(libc_a-strlen.o)
 .ARM.attributes
                0x000007de       0x34 C:/ST/STM32CubeIDE_1.16.1/STM32CubeIDE/plugins/com.st.stm32cube.ide.mcu.externaltools.gnu-tools-for-stm32.12.3.rel1.win32_1.1.0.202410251130/tools/bin/../lib/gcc/arm-none-eabi/12.3.1/../../../../arm-none-eabi/lib/thumb/v7e-m+fp/hard\libc_nano.a(libc_a-freer.o)
 .ARM.attributes
                0x00000812       0x34 C:/ST/STM32CubeIDE_1.16.1/STM32CubeIDE/plugins/com.st.stm32cube.ide.mcu.externaltools.gnu-tools-for-stm32.12.3.rel1.win32_1.1.0.202410251130/tools/bin/../lib/gcc/arm-none-eabi/12.3.1/../../../../arm-none-eabi/lib/thumb/v7e-m+fp/hard\libc_nano.a(libc_a-mallocr.o)
 .ARM.attributes
                0x00000846       0x34 C:/ST/STM32CubeIDE_1.16.1/STM32CubeIDE/plugins/com.st.stm32cube.ide.mcu.externaltools.gnu-tools-for-stm32.12.3.rel1.win32_1.1.0.202410251130/tools/bin/../lib/gcc/arm-none-eabi/12.3.1/../../../../arm-none-eabi/lib/thumb/v7e-m+fp/hard\libc_nano.a(libc_a-mlock.o)
 .ARM.attributes
                0x0000087a       0x34 C:/ST/STM32CubeIDE_1.16.1/STM32CubeIDE/plugins/com.st.stm32cube.ide.mcu.externaltools.gnu-tools-for-stm32.12.3.rel1.win32_1.1.0.202410251130/tools/bin/../lib/gcc/arm-none-eabi/12.3.1/../../../../arm-none-eabi/lib/thumb/v7e-m+fp/hard\libc_nano.a(libc_a-nano-svfprintf.o)
 .ARM.attributes
                0x000008ae       0x34 C:/ST/STM32CubeIDE_1.16.1/STM32CubeIDE/plugins/com.st.stm32cube.ide.mcu.externaltools.gnu-tools-for-stm32.12.3.rel1.win32_1.1.0.202410251130/tools/bin/../lib/gcc/arm-none-eabi/12.3.1/../../../../arm-none-eabi/lib/thumb/v7e-m+fp/hard\libc_nano.a(libc_a-nano-vfprintf_i.o)
 .ARM.attributes
                0x000008e2       0x34 C:/ST/STM32CubeIDE_1.16.1/STM32CubeIDE/plugins/com.st.stm32cube.ide.mcu.externaltools.gnu-tools-for-stm32.12.3.rel1.win32_1.1.0.202410251130/tools/bin/../lib/gcc/arm-none-eabi/12.3.1/../../../../arm-none-eabi/lib/thumb/v7e-m+fp/hard\libc_nano.a(libc_a-memmove.o)
 .ARM.attributes
                0x00000916       0x34 C:/ST/STM32CubeIDE_1.16.1/STM32CubeIDE/plugins/com.st.stm32cube.ide.mcu.externaltools.gnu-tools-for-stm32.12.3.rel1.win32_1.1.0.202410251130/tools/bin/../lib/gcc/arm-none-eabi/12.3.1/../../../../arm-none-eabi/lib/thumb/v7e-m+fp/hard\libc_nano.a(libc_a-sbrkr.o)
 .ARM.attributes
                0x0000094a       0x1c C:/ST/STM32CubeIDE_1.16.1/STM32CubeIDE/plugins/com.st.stm32cube.ide.mcu.externaltools.gnu-tools-for-stm32.12.3.rel1.win32_1.1.0.202410251130/tools/bin/../lib/gcc/arm-none-eabi/12.3.1/../../../../arm-none-eabi/lib/thumb/v7e-m+fp/hard\libc_nano.a(libc_a-memchr.o)
 .ARM.attributes
                0x00000966       0x34 C:/ST/STM32CubeIDE_1.16.1/STM32CubeIDE/plugins/com.st.stm32cube.ide.mcu.externaltools.gnu-tools-for-stm32.12.3.rel1.win32_1.1.0.202410251130/tools/bin/../lib/gcc/arm-none-eabi/12.3.1/../../../../arm-none-eabi/lib/thumb/v7e-m+fp/hard\libc_nano.a(libc_a-memcpy-stub.o)
 .ARM.attributes
                0x0000099a       0x34 C:/ST/STM32CubeIDE_1.16.1/STM32CubeIDE/plugins/com.st.stm32cube.ide.mcu.externaltools.gnu-tools-for-stm32.12.3.rel1.win32_1.1.0.202410251130/tools/bin/../lib/gcc/arm-none-eabi/12.3.1/../../../../arm-none-eabi/lib/thumb/v7e-m+fp/hard\libc_nano.a(libc_a-reallocr.o)
 .ARM.attributes
                0x000009ce       0x34 C:/ST/STM32CubeIDE_1.16.1/STM32CubeIDE/plugins/com.st.stm32cube.ide.mcu.externaltools.gnu-tools-for-stm32.12.3.rel1.win32_1.1.0.202410251130/tools/bin/../lib/gcc/arm-none-eabi/12.3.1/../../../../arm-none-eabi/lib/thumb/v7e-m+fp/hard\libc_nano.a(libc_a-msizer.o)
 .ARM.attributes
                0x00000a02       0x22 C:/ST/STM32CubeIDE_1.16.1/STM32CubeIDE/plugins/com.st.stm32cube.ide.mcu.externaltools.gnu-tools-for-stm32.12.3.rel1.win32_1.1.0.202410251130/tools/bin/../lib/gcc/arm-none-eabi/12.3.1/thumb/v7e-m+fp/hard\libgcc.a(_aeabi_uldivmod.o)
 .ARM.attributes
                0x00000a24       0x34 C:/ST/STM32CubeIDE_1.16.1/STM32CubeIDE/plugins/com.st.stm32cube.ide.mcu.externaltools.gnu-tools-for-stm32.12.3.rel1.win32_1.1.0.202410251130/tools/bin/../lib/gcc/arm-none-eabi/12.3.1/thumb/v7e-m+fp/hard\libgcc.a(_udivmoddi4.o)
 .ARM.attributes
                0x00000a58       0x22 C:/ST/STM32CubeIDE_1.16.1/STM32CubeIDE/plugins/com.st.stm32cube.ide.mcu.externaltools.gnu-tools-for-stm32.12.3.rel1.win32_1.1.0.202410251130/tools/bin/../lib/gcc/arm-none-eabi/12.3.1/thumb/v7e-m+fp/hard\libgcc.a(_dvmd_tls.o)
 .ARM.attributes
                0x00000a7a       0x22 C:/ST/STM32CubeIDE_1.16.1/STM32CubeIDE/plugins/com.st.stm32cube.ide.mcu.externaltools.gnu-tools-for-stm32.12.3.rel1.win32_1.1.0.202410251130/tools/bin/../lib/gcc/arm-none-eabi/12.3.1/thumb/v7e-m+fp/hard/crtn.o
OUTPUT(projekt_zalic_lab.elf elf32-littlearm)
LOAD linker stubs
LOAD C:/ST/STM32CubeIDE_1.16.1/STM32CubeIDE/plugins/com.st.stm32cube.ide.mcu.externaltools.gnu-tools-for-stm32.12.3.rel1.win32_1.1.0.202410251130/tools/bin/../lib/gcc/arm-none-eabi/12.3.1/../../../../arm-none-eabi/lib/thumb/v7e-m+fp/hard\libc.a
LOAD C:/ST/STM32CubeIDE_1.16.1/STM32CubeIDE/plugins/com.st.stm32cube.ide.mcu.externaltools.gnu-tools-for-stm32.12.3.rel1.win32_1.1.0.202410251130/tools/bin/../lib/gcc/arm-none-eabi/12.3.1/../../../../arm-none-eabi/lib/thumb/v7e-m+fp/hard\libm.a
LOAD C:/ST/STM32CubeIDE_1.16.1/STM32CubeIDE/plugins/com.st.stm32cube.ide.mcu.externaltools.gnu-tools-for-stm32.12.3.rel1.win32_1.1.0.202410251130/tools/bin/../lib/gcc/arm-none-eabi/12.3.1/thumb/v7e-m+fp/hard\libgcc.a

.debug_info     0x00000000    0x1a4fe
 .debug_info    0x00000000      0xf78 ./Core/Src/eth.o
 .debug_info    0x00000f78      0x49d ./Core/Src/gpio.o
 .debug_info    0x00001415      0xc23 ./Core/Src/i2c.o
 .debug_info    0x00002038      0x33d ./Core/Src/lcd.o
 .debug_info    0x00002375     0x1ada ./Core/Src/main.o
 .debug_info    0x00003e4f      0x28d ./Core/Src/stm32f7xx_hal_msp.o
 .debug_info    0x000040dc      0x112 ./Core/Src/stm32f7xx_it.o
 .debug_info    0x000041ee      0x168 ./Core/Src/sysmem.o
 .debug_info    0x00004356      0x6ed ./Core/Src/system_stm32f7xx.o
 .debug_info    0x00004a43      0xbf3 ./Core/Src/tim.o
 .debug_info    0x00005636      0xc5a ./Core/Src/usart.o
 .debug_info    0x00006290      0xbf6 ./Core/Src/usb_otg.o
 .debug_info    0x00006e86       0x30 ./Core/Startup/startup_stm32f746zgtx.o
 .debug_info    0x00006eb6      0x9d8 ./Drivers/STM32F7xx_HAL_Driver/Src/stm32f7xx_hal.o
 .debug_info    0x0000788e      0xf7e ./Drivers/STM32F7xx_HAL_Driver/Src/stm32f7xx_hal_cortex.o
 .debug_info    0x0000880c     0x2180 ./Drivers/STM32F7xx_HAL_Driver/Src/stm32f7xx_hal_eth.o
 .debug_info    0x0000a98c      0x6e7 ./Drivers/STM32F7xx_HAL_Driver/Src/stm32f7xx_hal_gpio.o
 .debug_info    0x0000b073     0x2138 ./Drivers/STM32F7xx_HAL_Driver/Src/stm32f7xx_hal_i2c.o
 .debug_info    0x0000d1ab      0x922 ./Drivers/STM32F7xx_HAL_Driver/Src/stm32f7xx_hal_i2c_ex.o
 .debug_info    0x0000dacd     0x1599 ./Drivers/STM32F7xx_HAL_Driver/Src/stm32f7xx_hal_pcd.o
 .debug_info    0x0000f066      0x7a3 ./Drivers/STM32F7xx_HAL_Driver/Src/stm32f7xx_hal_pcd_ex.o
 .debug_info    0x0000f809      0x90e ./Drivers/STM32F7xx_HAL_Driver/Src/stm32f7xx_hal_pwr.o
 .debug_info    0x00010117      0x8dc ./Drivers/STM32F7xx_HAL_Driver/Src/stm32f7xx_hal_rcc.o
 .debug_info    0x000109f3      0x6bd ./Drivers/STM32F7xx_HAL_Driver/Src/stm32f7xx_hal_rcc_ex.o
 .debug_info    0x000110b0     0x2abd ./Drivers/STM32F7xx_HAL_Driver/Src/stm32f7xx_hal_tim.o
 .debug_info    0x00013b6d     0x15bb ./Drivers/STM32F7xx_HAL_Driver/Src/stm32f7xx_hal_tim_ex.o
 .debug_info    0x00015128     0x39da ./Drivers/STM32F7xx_HAL_Driver/Src/stm32f7xx_hal_uart.o
 .debug_info    0x00018b02     0x19fc ./Drivers/STM32F7xx_HAL_Driver/Src/stm32f7xx_ll_usb.o

.debug_abbrev   0x00000000     0x3839
 .debug_abbrev  0x00000000      0x249 ./Core/Src/eth.o
 .debug_abbrev  0x00000249      0x152 ./Core/Src/gpio.o
 .debug_abbrev  0x0000039b      0x217 ./Core/Src/i2c.o
 .debug_abbrev  0x000005b2      0x17b ./Core/Src/lcd.o
 .debug_abbrev  0x0000072d      0x3bc ./Core/Src/main.o
 .debug_abbrev  0x00000ae9       0xd8 ./Core/Src/stm32f7xx_hal_msp.o
 .debug_abbrev  0x00000bc1       0x73 ./Core/Src/stm32f7xx_it.o
 .debug_abbrev  0x00000c34       0xbc ./Core/Src/sysmem.o
 .debug_abbrev  0x00000cf0      0x13b ./Core/Src/system_stm32f7xx.o
 .debug_abbrev  0x00000e2b      0x224 ./Core/Src/tim.o
 .debug_abbrev  0x0000104f      0x1f9 ./Core/Src/usart.o
 .debug_abbrev  0x00001248      0x230 ./Core/Src/usb_otg.o
 .debug_abbrev  0x00001478       0x24 ./Core/Startup/startup_stm32f746zgtx.o
 .debug_abbrev  0x0000149c      0x213 ./Drivers/STM32F7xx_HAL_Driver/Src/stm32f7xx_hal.o
 .debug_abbrev  0x000016af      0x31e ./Drivers/STM32F7xx_HAL_Driver/Src/stm32f7xx_hal_cortex.o
 .debug_abbrev  0x000019cd      0x35a ./Drivers/STM32F7xx_HAL_Driver/Src/stm32f7xx_hal_eth.o
 .debug_abbrev  0x00001d27      0x1d4 ./Drivers/STM32F7xx_HAL_Driver/Src/stm32f7xx_hal_gpio.o
 .debug_abbrev  0x00001efb      0x260 ./Drivers/STM32F7xx_HAL_Driver/Src/stm32f7xx_hal_i2c.o
 .debug_abbrev  0x0000215b      0x19c ./Drivers/STM32F7xx_HAL_Driver/Src/stm32f7xx_hal_i2c_ex.o
 .debug_abbrev  0x000022f7      0x2ee ./Drivers/STM32F7xx_HAL_Driver/Src/stm32f7xx_hal_pcd.o
 .debug_abbrev  0x000025e5      0x1ca ./Drivers/STM32F7xx_HAL_Driver/Src/stm32f7xx_hal_pcd_ex.o
 .debug_abbrev  0x000027af      0x1c5 ./Drivers/STM32F7xx_HAL_Driver/Src/stm32f7xx_hal_pwr.o
 .debug_abbrev  0x00002974      0x288 ./Drivers/STM32F7xx_HAL_Driver/Src/stm32f7xx_hal_rcc.o
 .debug_abbrev  0x00002bfc      0x1c9 ./Drivers/STM32F7xx_HAL_Driver/Src/stm32f7xx_hal_rcc_ex.o
 .debug_abbrev  0x00002dc5      0x278 ./Drivers/STM32F7xx_HAL_Driver/Src/stm32f7xx_hal_tim.o
 .debug_abbrev  0x0000303d      0x283 ./Drivers/STM32F7xx_HAL_Driver/Src/stm32f7xx_hal_tim_ex.o
 .debug_abbrev  0x000032c0      0x2e6 ./Drivers/STM32F7xx_HAL_Driver/Src/stm32f7xx_hal_uart.o
 .debug_abbrev  0x000035a6      0x293 ./Drivers/STM32F7xx_HAL_Driver/Src/stm32f7xx_ll_usb.o

.debug_aranges  0x00000000     0x1648
 .debug_aranges
                0x00000000       0x30 ./Core/Src/eth.o
 .debug_aranges
                0x00000030       0x20 ./Core/Src/gpio.o
 .debug_aranges
                0x00000050       0x30 ./Core/Src/i2c.o
 .debug_aranges
                0x00000080       0x58 ./Core/Src/lcd.o
 .debug_aranges
                0x000000d8       0x88 ./Core/Src/main.o
 .debug_aranges
                0x00000160       0x20 ./Core/Src/stm32f7xx_hal_msp.o
 .debug_aranges
                0x00000180       0x60 ./Core/Src/stm32f7xx_it.o
 .debug_aranges
                0x000001e0       0x20 ./Core/Src/sysmem.o
 .debug_aranges
                0x00000200       0x28 ./Core/Src/system_stm32f7xx.o
 .debug_aranges
                0x00000228       0x38 ./Core/Src/tim.o
 .debug_aranges
                0x00000260       0x30 ./Core/Src/usart.o
 .debug_aranges
                0x00000290       0x30 ./Core/Src/usb_otg.o
 .debug_aranges
                0x000002c0       0x28 ./Core/Startup/startup_stm32f746zgtx.o
 .debug_aranges
                0x000002e8      0x100 ./Drivers/STM32F7xx_HAL_Driver/Src/stm32f7xx_hal.o
 .debug_aranges
                0x000003e8      0x128 ./Drivers/STM32F7xx_HAL_Driver/Src/stm32f7xx_hal_cortex.o
 .debug_aranges
                0x00000510      0x1e0 ./Drivers/STM32F7xx_HAL_Driver/Src/stm32f7xx_hal_eth.o
 .debug_aranges
                0x000006f0       0x58 ./Drivers/STM32F7xx_HAL_Driver/Src/stm32f7xx_hal_gpio.o
 .debug_aranges
                0x00000748      0x2a0 ./Drivers/STM32F7xx_HAL_Driver/Src/stm32f7xx_hal_i2c.o
 .debug_aranges
                0x000009e8       0x38 ./Drivers/STM32F7xx_HAL_Driver/Src/stm32f7xx_hal_i2c_ex.o
 .debug_aranges
                0x00000a20      0x148 ./Drivers/STM32F7xx_HAL_Driver/Src/stm32f7xx_hal_pcd.o
 .debug_aranges
                0x00000b68       0x48 ./Drivers/STM32F7xx_HAL_Driver/Src/stm32f7xx_hal_pcd_ex.o
 .debug_aranges
                0x00000bb0       0xa0 ./Drivers/STM32F7xx_HAL_Driver/Src/stm32f7xx_hal_pwr.o
 .debug_aranges
                0x00000c50       0x88 ./Drivers/STM32F7xx_HAL_Driver/Src/stm32f7xx_hal_rcc.o
 .debug_aranges
                0x00000cd8       0x50 ./Drivers/STM32F7xx_HAL_Driver/Src/stm32f7xx_hal_rcc_ex.o
 .debug_aranges
                0x00000d28      0x3e0 ./Drivers/STM32F7xx_HAL_Driver/Src/stm32f7xx_hal_tim.o
 .debug_aranges
                0x00001108      0x178 ./Drivers/STM32F7xx_HAL_Driver/Src/stm32f7xx_hal_tim_ex.o
 .debug_aranges
                0x00001280      0x228 ./Drivers/STM32F7xx_HAL_Driver/Src/stm32f7xx_hal_uart.o
 .debug_aranges
                0x000014a8      0x1a0 ./Drivers/STM32F7xx_HAL_Driver/Src/stm32f7xx_ll_usb.o

.debug_rnglists
                0x00000000     0x115c
 .debug_rnglists
                0x00000000       0x21 ./Core/Src/eth.o
 .debug_rnglists
                0x00000021       0x14 ./Core/Src/gpio.o
 .debug_rnglists
                0x00000035       0x21 ./Core/Src/i2c.o
 .debug_rnglists
                0x00000056       0x3e ./Core/Src/lcd.o
 .debug_rnglists
                0x00000094       0x68 ./Core/Src/main.o
 .debug_rnglists
                0x000000fc       0x13 ./Core/Src/stm32f7xx_hal_msp.o
 .debug_rnglists
                0x0000010f       0x43 ./Core/Src/stm32f7xx_it.o
 .debug_rnglists
                0x00000152       0x13 ./Core/Src/sysmem.o
 .debug_rnglists
                0x00000165       0x1a ./Core/Src/system_stm32f7xx.o
 .debug_rnglists
                0x0000017f       0x27 ./Core/Src/tim.o
 .debug_rnglists
                0x000001a6       0x20 ./Core/Src/usart.o
 .debug_rnglists
                0x000001c6       0x20 ./Core/Src/usb_otg.o
 .debug_rnglists
                0x000001e6       0x19 ./Core/Startup/startup_stm32f746zgtx.o
 .debug_rnglists
                0x000001ff       0xbb ./Drivers/STM32F7xx_HAL_Driver/Src/stm32f7xx_hal.o
 .debug_rnglists
                0x000002ba       0xda ./Drivers/STM32F7xx_HAL_Driver/Src/stm32f7xx_hal_cortex.o
 .debug_rnglists
                0x00000394      0x17d ./Drivers/STM32F7xx_HAL_Driver/Src/stm32f7xx_hal_eth.o
 .debug_rnglists
                0x00000511       0x3f ./Drivers/STM32F7xx_HAL_Driver/Src/stm32f7xx_hal_gpio.o
 .debug_rnglists
                0x00000550      0x228 ./Drivers/STM32F7xx_HAL_Driver/Src/stm32f7xx_hal_i2c.o
 .debug_rnglists
                0x00000778       0x27 ./Drivers/STM32F7xx_HAL_Driver/Src/stm32f7xx_hal_i2c_ex.o
 .debug_rnglists
                0x0000079f       0xfa ./Drivers/STM32F7xx_HAL_Driver/Src/stm32f7xx_hal_pcd.o
 .debug_rnglists
                0x00000899       0x32 ./Drivers/STM32F7xx_HAL_Driver/Src/stm32f7xx_hal_pcd_ex.o
 .debug_rnglists
                0x000008cb       0x74 ./Drivers/STM32F7xx_HAL_Driver/Src/stm32f7xx_hal_pwr.o
 .debug_rnglists
                0x0000093f       0x67 ./Drivers/STM32F7xx_HAL_Driver/Src/stm32f7xx_hal_rcc.o
 .debug_rnglists
                0x000009a6       0x3c ./Drivers/STM32F7xx_HAL_Driver/Src/stm32f7xx_hal_rcc_ex.o
 .debug_rnglists
                0x000009e2      0x328 ./Drivers/STM32F7xx_HAL_Driver/Src/stm32f7xx_hal_tim.o
 .debug_rnglists
                0x00000d0a      0x131 ./Drivers/STM32F7xx_HAL_Driver/Src/stm32f7xx_hal_tim_ex.o
 .debug_rnglists
                0x00000e3b      0x1da ./Drivers/STM32F7xx_HAL_Driver/Src/stm32f7xx_hal_uart.o
 .debug_rnglists
                0x00001015      0x147 ./Drivers/STM32F7xx_HAL_Driver/Src/stm32f7xx_ll_usb.o

.debug_macro    0x00000000    0x292b1
 .debug_macro   0x00000000      0x2f7 ./Core/Src/eth.o
 .debug_macro   0x000002f7      0xab4 ./Core/Src/eth.o
 .debug_macro   0x00000dab      0x29f ./Core/Src/eth.o
 .debug_macro   0x0000104a       0x2e ./Core/Src/eth.o
 .debug_macro   0x00001078       0x3b ./Core/Src/eth.o
 .debug_macro   0x000010b3       0x22 ./Core/Src/eth.o
 .debug_macro   0x000010d5       0x8e ./Core/Src/eth.o
 .debug_macro   0x00001163       0x51 ./Core/Src/eth.o
 .debug_macro   0x000011b4      0x103 ./Core/Src/eth.o
 .debug_macro   0x000012b7       0x6a ./Core/Src/eth.o
 .debug_macro   0x00001321      0x1df ./Core/Src/eth.o
 .debug_macro   0x00001500       0x1c ./Core/Src/eth.o
 .debug_macro   0x0000151c       0x22 ./Core/Src/eth.o
 .debug_macro   0x0000153e       0xd9 ./Core/Src/eth.o
 .debug_macro   0x00001617     0x12cd ./Core/Src/eth.o
 .debug_macro   0x000028e4      0x11f ./Core/Src/eth.o
 .debug_macro   0x00002a03       0x19 ./Core/Src/eth.o
 .debug_macro   0x00002a1c    0x19222 ./Core/Src/eth.o
 .debug_macro   0x0001bc3e       0x6d ./Core/Src/eth.o
 .debug_macro   0x0001bcab     0x3765 ./Core/Src/eth.o
 .debug_macro   0x0001f410      0x189 ./Core/Src/eth.o
 .debug_macro   0x0001f599       0x63 ./Core/Src/eth.o
 .debug_macro   0x0001f5fc     0x18ad ./Core/Src/eth.o
 .debug_macro   0x00020ea9      0x6c4 ./Core/Src/eth.o
 .debug_macro   0x0002156d      0x185 ./Core/Src/eth.o
 .debug_macro   0x000216f2      0x115 ./Core/Src/eth.o
 .debug_macro   0x00021807      0x1fd ./Core/Src/eth.o
 .debug_macro   0x00021a04       0xa5 ./Core/Src/eth.o
 .debug_macro   0x00021aa9      0x24f ./Core/Src/eth.o
 .debug_macro   0x00021cf8       0x41 ./Core/Src/eth.o
 .debug_macro   0x00021d39       0x58 ./Core/Src/eth.o
 .debug_macro   0x00021d91      0x236 ./Core/Src/eth.o
 .debug_macro   0x00021fc7      0xb99 ./Core/Src/eth.o
 .debug_macro   0x00022b60      0x14e ./Core/Src/eth.o
 .debug_macro   0x00022cae      0x25a ./Core/Src/eth.o
 .debug_macro   0x00022f08       0x12 ./Core/Src/eth.o
 .debug_macro   0x00022f1a      0x22c ./Core/Src/eth.o
 .debug_macro   0x00023146       0x61 ./Core/Src/eth.o
 .debug_macro   0x000231a7       0xa5 ./Core/Src/eth.o
 .debug_macro   0x0002324c      0x12e ./Core/Src/eth.o
 .debug_macro   0x0002337a      0x108 ./Core/Src/eth.o
 .debug_macro   0x00023482       0x35 ./Core/Src/eth.o
 .debug_macro   0x000234b7      0xa83 ./Core/Src/eth.o
 .debug_macro   0x00023f3a       0x59 ./Core/Src/eth.o
 .debug_macro   0x00023f93      0x56d ./Core/Src/eth.o
 .debug_macro   0x00024500       0x44 ./Core/Src/eth.o
 .debug_macro   0x00024544      0x2cb ./Core/Src/eth.o
 .debug_macro   0x0002480f       0xba ./Core/Src/eth.o
 .debug_macro   0x000248c9      0x14d ./Core/Src/eth.o
 .debug_macro   0x00024a16      0x16c ./Core/Src/eth.o
 .debug_macro   0x00024b82       0x61 ./Core/Src/eth.o
 .debug_macro   0x00024be3       0x2a ./Core/Src/eth.o
 .debug_macro   0x00024c0d       0x43 ./Core/Src/eth.o
 .debug_macro   0x00024c50       0x34 ./Core/Src/eth.o
 .debug_macro   0x00024c84       0x16 ./Core/Src/eth.o
 .debug_macro   0x00024c9a       0x43 ./Core/Src/eth.o
 .debug_macro   0x00024cdd       0x34 ./Core/Src/eth.o
 .debug_macro   0x00024d11       0x10 ./Core/Src/eth.o
 .debug_macro   0x00024d21       0x58 ./Core/Src/eth.o
 .debug_macro   0x00024d79       0x8e ./Core/Src/eth.o
 .debug_macro   0x00024e07       0x1c ./Core/Src/eth.o
 .debug_macro   0x00024e23      0x177 ./Core/Src/eth.o
 .debug_macro   0x00024f9a      0x369 ./Core/Src/eth.o
 .debug_macro   0x00025303       0x10 ./Core/Src/eth.o
 .debug_macro   0x00025313       0x35 ./Core/Src/eth.o
 .debug_macro   0x00025348       0x20 ./Core/Src/eth.o
 .debug_macro   0x00025368      0x229 ./Core/Src/gpio.o
 .debug_macro   0x00025591      0x229 ./Core/Src/i2c.o
 .debug_macro   0x000257ba      0x228 ./Core/Src/lcd.o
 .debug_macro   0x000259e2       0x4c ./Core/Src/lcd.o
 .debug_macro   0x00025a2e      0x172 ./Core/Src/lcd.o
 .debug_macro   0x00025ba0      0x3bc ./Core/Src/main.o
 .debug_macro   0x00025f5c       0x1c ./Core/Src/main.o
 .debug_macro   0x00025f78       0x10 ./Core/Src/main.o
 .debug_macro   0x00025f88       0x1c ./Core/Src/main.o
 .debug_macro   0x00025fa4       0x16 ./Core/Src/main.o
 .debug_macro   0x00025fba      0x146 ./Core/Src/main.o
 .debug_macro   0x00026100       0x16 ./Core/Src/main.o
 .debug_macro   0x00026116       0x16 ./Core/Src/main.o
 .debug_macro   0x0002612c       0x29 ./Core/Src/main.o
 .debug_macro   0x00026155       0x22 ./Core/Src/main.o
 .debug_macro   0x00026177      0x21f ./Core/Src/stm32f7xx_hal_msp.o
 .debug_macro   0x00026396      0x229 ./Core/Src/stm32f7xx_it.o
 .debug_macro   0x000265bf       0xff ./Core/Src/sysmem.o
 .debug_macro   0x000266be      0x23c ./Core/Src/sysmem.o
 .debug_macro   0x000268fa      0x210 ./Core/Src/system_stm32f7xx.o
 .debug_macro   0x00026b0a      0x229 ./Core/Src/tim.o
 .debug_macro   0x00026d33      0x229 ./Core/Src/usart.o
 .debug_macro   0x00026f5c      0x229 ./Core/Src/usb_otg.o
 .debug_macro   0x00027185      0x234 ./Drivers/STM32F7xx_HAL_Driver/Src/stm32f7xx_hal.o
 .debug_macro   0x000273b9      0x210 ./Drivers/STM32F7xx_HAL_Driver/Src/stm32f7xx_hal_cortex.o
 .debug_macro   0x000275c9      0x2ea ./Drivers/STM32F7xx_HAL_Driver/Src/stm32f7xx_hal_eth.o
 .debug_macro   0x000278b3      0x216 ./Drivers/STM32F7xx_HAL_Driver/Src/stm32f7xx_hal_gpio.o
 .debug_macro   0x00027ac9      0x2dc ./Drivers/STM32F7xx_HAL_Driver/Src/stm32f7xx_hal_i2c.o
 .debug_macro   0x00027da5      0x210 ./Drivers/STM32F7xx_HAL_Driver/Src/stm32f7xx_hal_i2c_ex.o
 .debug_macro   0x00027fb5      0x21c ./Drivers/STM32F7xx_HAL_Driver/Src/stm32f7xx_hal_pcd.o
 .debug_macro   0x000281d1      0x210 ./Drivers/STM32F7xx_HAL_Driver/Src/stm32f7xx_hal_pcd_ex.o
 .debug_macro   0x000283e1      0x22e ./Drivers/STM32F7xx_HAL_Driver/Src/stm32f7xx_hal_pwr.o
 .debug_macro   0x0002860f      0x234 ./Drivers/STM32F7xx_HAL_Driver/Src/stm32f7xx_hal_rcc.o
 .debug_macro   0x00028843      0x210 ./Drivers/STM32F7xx_HAL_Driver/Src/stm32f7xx_hal_rcc_ex.o
 .debug_macro   0x00028a53      0x211 ./Drivers/STM32F7xx_HAL_Driver/Src/stm32f7xx_hal_tim.o
 .debug_macro   0x00028c64      0x210 ./Drivers/STM32F7xx_HAL_Driver/Src/stm32f7xx_hal_tim_ex.o
 .debug_macro   0x00028e74      0x22d ./Drivers/STM32F7xx_HAL_Driver/Src/stm32f7xx_hal_uart.o
 .debug_macro   0x000290a1      0x210 ./Drivers/STM32F7xx_HAL_Driver/Src/stm32f7xx_ll_usb.o

.debug_line     0x00000000    0x1df92
 .debug_line    0x00000000      0x9df ./Core/Src/eth.o
 .debug_line    0x000009df      0x82b ./Core/Src/gpio.o
 .debug_line    0x0000120a      0x860 ./Core/Src/i2c.o
 .debug_line    0x00001a6a      0x8d3 ./Core/Src/lcd.o
 .debug_line    0x0000233d     0x10d4 ./Core/Src/main.o
 .debug_line    0x00003411      0x7cf ./Core/Src/stm32f7xx_hal_msp.o
 .debug_line    0x00003be0      0x892 ./Core/Src/stm32f7xx_it.o
 .debug_line    0x00004472      0x579 ./Core/Src/sysmem.o
 .debug_line    0x000049eb      0x852 ./Core/Src/system_stm32f7xx.o
 .debug_line    0x0000523d      0x899 ./Core/Src/tim.o
 .debug_line    0x00005ad6      0x851 ./Core/Src/usart.o
 .debug_line    0x00006327      0x860 ./Core/Src/usb_otg.o
 .debug_line    0x00006b87       0x7a ./Core/Startup/startup_stm32f746zgtx.o
 .debug_line    0x00006c01      0xaf2 ./Drivers/STM32F7xx_HAL_Driver/Src/stm32f7xx_hal.o
 .debug_line    0x000076f3      0xd94 ./Drivers/STM32F7xx_HAL_Driver/Src/stm32f7xx_hal_cortex.o
 .debug_line    0x00008487     0x1ab2 ./Drivers/STM32F7xx_HAL_Driver/Src/stm32f7xx_hal_eth.o
 .debug_line    0x00009f39      0xc78 ./Drivers/STM32F7xx_HAL_Driver/Src/stm32f7xx_hal_gpio.o
 .debug_line    0x0000abb1     0x3b26 ./Drivers/STM32F7xx_HAL_Driver/Src/stm32f7xx_hal_i2c.o
 .debug_line    0x0000e6d7      0x90b ./Drivers/STM32F7xx_HAL_Driver/Src/stm32f7xx_hal_i2c_ex.o
 .debug_line    0x0000efe2     0x154a ./Drivers/STM32F7xx_HAL_Driver/Src/stm32f7xx_hal_pcd.o
 .debug_line    0x0001052c      0x8f1 ./Drivers/STM32F7xx_HAL_Driver/Src/stm32f7xx_hal_pcd_ex.o
 .debug_line    0x00010e1d      0x9f6 ./Drivers/STM32F7xx_HAL_Driver/Src/stm32f7xx_hal_pwr.o
 .debug_line    0x00011813      0xf23 ./Drivers/STM32F7xx_HAL_Driver/Src/stm32f7xx_hal_rcc.o
 .debug_line    0x00012736      0xed7 ./Drivers/STM32F7xx_HAL_Driver/Src/stm32f7xx_hal_rcc_ex.o
 .debug_line    0x0001360d     0x3dac ./Drivers/STM32F7xx_HAL_Driver/Src/stm32f7xx_hal_tim.o
 .debug_line    0x000173b9     0x1bd5 ./Drivers/STM32F7xx_HAL_Driver/Src/stm32f7xx_hal_tim_ex.o
 .debug_line    0x00018f8e     0x3196 ./Drivers/STM32F7xx_HAL_Driver/Src/stm32f7xx_hal_uart.o
 .debug_line    0x0001c124     0x1e6e ./Drivers/STM32F7xx_HAL_Driver/Src/stm32f7xx_ll_usb.o

.debug_str      0x00000000    0xf9d3c
 .debug_str     0x00000000    0xf17f8 ./Core/Src/eth.o
                              0xf1f75 (size before relaxing)
 .debug_str     0x000f17f8       0x68 ./Core/Src/gpio.o
                              0xee752 (size before relaxing)
 .debug_str     0x000f1860      0x6e4 ./Core/Src/i2c.o
                              0xeef56 (size before relaxing)
 .debug_str     0x000f1f44      0x185 ./Core/Src/lcd.o
                              0xee7aa (size before relaxing)
 .debug_str     0x000f20c9     0x121d ./Core/Src/main.o
                              0xf30f9 (size before relaxing)
 .debug_str     0x000f32e6       0x2c ./Core/Src/stm32f7xx_hal_msp.o
                              0xee687 (size before relaxing)
 .debug_str     0x000f3312       0xc9 ./Core/Src/stm32f7xx_it.o
                              0xee5f0 (size before relaxing)
 .debug_str     0x000f33db      0x4dc ./Core/Src/sysmem.o
                               0x60c1 (size before relaxing)
 .debug_str     0x000f38b7      0x190 ./Core/Src/system_stm32f7xx.o
                              0xee243 (size before relaxing)
 .debug_str     0x000f3a47       0xed ./Core/Src/tim.o
                              0xeee3b (size before relaxing)
 .debug_str     0x000f3b34       0x51 ./Core/Src/usart.o
                              0xeeecd (size before relaxing)
 .debug_str     0x000f3b85      0x3e1 ./Core/Src/usb_otg.o
                              0xeee5c (size before relaxing)
 .debug_str     0x000f3f66       0x44 ./Core/Startup/startup_stm32f746zgtx.o
                                 0x72 (size before relaxing)
 .debug_str     0x000f3faa      0x9b9 ./Drivers/STM32F7xx_HAL_Driver/Src/stm32f7xx_hal.o
                              0xeebac (size before relaxing)
 .debug_str     0x000f4963      0x376 ./Drivers/STM32F7xx_HAL_Driver/Src/stm32f7xx_hal_cortex.o
                              0xeebc9 (size before relaxing)
 .debug_str     0x000f4cd9     0x1222 ./Drivers/STM32F7xx_HAL_Driver/Src/stm32f7xx_hal_eth.o
                              0xefa64 (size before relaxing)
 .debug_str     0x000f5efb       0xd7 ./Drivers/STM32F7xx_HAL_Driver/Src/stm32f7xx_hal_gpio.o
                              0xee301 (size before relaxing)
 .debug_str     0x000f5fd2      0xdce ./Drivers/STM32F7xx_HAL_Driver/Src/stm32f7xx_hal_i2c.o
                              0xef456 (size before relaxing)
 .debug_str     0x000f6da0       0x89 ./Drivers/STM32F7xx_HAL_Driver/Src/stm32f7xx_hal_i2c_ex.o
                              0xee6d5 (size before relaxing)
 .debug_str     0x000f6e29      0x822 ./Drivers/STM32F7xx_HAL_Driver/Src/stm32f7xx_hal_pcd.o
                              0xeec7c (size before relaxing)
 .debug_str     0x000f764b      0x12d ./Drivers/STM32F7xx_HAL_Driver/Src/stm32f7xx_hal_pcd_ex.o
                              0xee57e (size before relaxing)
 .debug_str     0x000f7778      0x2ac ./Drivers/STM32F7xx_HAL_Driver/Src/stm32f7xx_hal_pwr.o
                              0xee4e4 (size before relaxing)
 .debug_str     0x000f7a24      0x21e ./Drivers/STM32F7xx_HAL_Driver/Src/stm32f7xx_hal_rcc.o
                              0xee5a5 (size before relaxing)
 .debug_str     0x000f7c42      0x13d ./Drivers/STM32F7xx_HAL_Driver/Src/stm32f7xx_hal_rcc_ex.o
                              0xee4dd (size before relaxing)
 .debug_str     0x000f7d7f      0xdf6 ./Drivers/STM32F7xx_HAL_Driver/Src/stm32f7xx_hal_tim.o
                              0xef566 (size before relaxing)
 .debug_str     0x000f8b75      0x4dc ./Drivers/STM32F7xx_HAL_Driver/Src/stm32f7xx_hal_tim_ex.o
                              0xeedac (size before relaxing)
 .debug_str     0x000f9051      0x840 ./Drivers/STM32F7xx_HAL_Driver/Src/stm32f7xx_hal_uart.o
                              0xeeef2 (size before relaxing)
 .debug_str     0x000f9891      0x4ab ./Drivers/STM32F7xx_HAL_Driver/Src/stm32f7xx_ll_usb.o
                              0xeeb59 (size before relaxing)

.comment        0x00000000       0x43
 .comment       0x00000000       0x43 ./Core/Src/eth.o
                                 0x44 (size before relaxing)
 .comment       0x00000043       0x44 ./Core/Src/gpio.o
 .comment       0x00000043       0x44 ./Core/Src/i2c.o
 .comment       0x00000043       0x44 ./Core/Src/lcd.o
 .comment       0x00000043       0x44 ./Core/Src/main.o
 .comment       0x00000043       0x44 ./Core/Src/stm32f7xx_hal_msp.o
 .comment       0x00000043       0x44 ./Core/Src/stm32f7xx_it.o
 .comment       0x00000043       0x44 ./Core/Src/sysmem.o
 .comment       0x00000043       0x44 ./Core/Src/system_stm32f7xx.o
 .comment       0x00000043       0x44 ./Core/Src/tim.o
 .comment       0x00000043       0x44 ./Core/Src/usart.o
 .comment       0x00000043       0x44 ./Core/Src/usb_otg.o
 .comment       0x00000043       0x44 ./Drivers/STM32F7xx_HAL_Driver/Src/stm32f7xx_hal.o
 .comment       0x00000043       0x44 ./Drivers/STM32F7xx_HAL_Driver/Src/stm32f7xx_hal_cortex.o
 .comment       0x00000043       0x44 ./Drivers/STM32F7xx_HAL_Driver/Src/stm32f7xx_hal_eth.o
 .comment       0x00000043       0x44 ./Drivers/STM32F7xx_HAL_Driver/Src/stm32f7xx_hal_gpio.o
 .comment       0x00000043       0x44 ./Drivers/STM32F7xx_HAL_Driver/Src/stm32f7xx_hal_i2c.o
 .comment       0x00000043       0x44 ./Drivers/STM32F7xx_HAL_Driver/Src/stm32f7xx_hal_i2c_ex.o
 .comment       0x00000043       0x44 ./Drivers/STM32F7xx_HAL_Driver/Src/stm32f7xx_hal_pcd.o
 .comment       0x00000043       0x44 ./Drivers/STM32F7xx_HAL_Driver/Src/stm32f7xx_hal_pcd_ex.o
 .comment       0x00000043       0x44 ./Drivers/STM32F7xx_HAL_Driver/Src/stm32f7xx_hal_pwr.o
 .comment       0x00000043       0x44 ./Drivers/STM32F7xx_HAL_Driver/Src/stm32f7xx_hal_rcc.o
 .comment       0x00000043       0x44 ./Drivers/STM32F7xx_HAL_Driver/Src/stm32f7xx_hal_rcc_ex.o
 .comment       0x00000043       0x44 ./Drivers/STM32F7xx_HAL_Driver/Src/stm32f7xx_hal_tim.o
 .comment       0x00000043       0x44 ./Drivers/STM32F7xx_HAL_Driver/Src/stm32f7xx_hal_tim_ex.o
 .comment       0x00000043       0x44 ./Drivers/STM32F7xx_HAL_Driver/Src/stm32f7xx_hal_uart.o
 .comment       0x00000043       0x44 ./Drivers/STM32F7xx_HAL_Driver/Src/stm32f7xx_ll_usb.o

.debug_frame    0x00000000     0x63cc
 .debug_frame   0x00000000       0x74 ./Core/Src/eth.o
 .debug_frame   0x00000074       0x34 ./Core/Src/gpio.o
 .debug_frame   0x000000a8       0x78 ./Core/Src/i2c.o