../Core/Src/main.c:109:6:ISL29125_Init	24	static
../Core/Src/main.c:130:10:ISL29125_ReadColor	32	static
../Core/Src/main.c:150:9:map_value	16	static
../Core/Src/main.c:154:6:PWM_Config	72	static
../Core/Src/main.c:179:6:high_mode_Config	8	static
../Core/Src/main.c:189:6:normal_mode_Config	8	static
../Core/Src/main.c:208:6:rewrite_previous_temp_buffer	16	static
../Core/Src/main.c:214:6:check_mode_normal	16	static
../Core/Src/main.c:224:5:check_mode_high	16	static
../Core/Src/main.c:234:5:check_help	16	static
../Core/Src/main.c:250:5:main	64	static
../Core/Src/main.c:708:6:SystemClock_Config	88	static
../Core/Src/main.c:754:6:I2C_Scan	80	static
../Core/Src/main.c:775:6:Error_Handler	4	static,ignoring_inline_asm
